
 Start         Length     Name                   Class
 0001:00000000 000CF534H .text                   CODE
 0002:00000000 000022ACH .data                   DATA
 0002:000022AC 00001201H .bss                    BSS


Detailed map of segments

 0001:00000000 00005ABB C=CODE     S=.text    G=(none)   M=System   ACBP=A9
 0001:00005ABC 00000140 C=CODE     S=.text    G=(none)   M=SysInit  ACBP=A9
 0001:00005BFC 000000F0 C=CODE     S=.text    G=(none)   M=Types    ACBP=A9
 0001:00005CEC 00000F4C C=CODE     S=.text    G=(none)   M=Windows  ACBP=A9
 0001:00006C38 00000038 C=CODE     S=.text    G=(none)   M=Messages ACBP=A9
 0001:00006C70 00000340 C=CODE     S=.text    G=(none)   M=SysConst ACBP=A9
 0001:00006FB0 00006DDC C=CODE     S=.text    G=(none)   M=SysUtils ACBP=A9
 0001:0000DD8C 000007FB C=CODE     S=.text    G=(none)   M=VarUtils ACBP=A9
 0001:0000E588 00005BC6 C=CODE     S=.text    G=(none)   M=Variants ACBP=A9
 0001:00014150 00000180 C=CODE     S=.text    G=(none)   M=RTLConsts ACBP=A9
 0001:000142D0 00000ED8 C=CODE     S=.text    G=(none)   M=TypInfo  ACBP=A9
 0001:000151A8 00000098 C=CODE     S=.text    G=(none)   M=ActiveX  ACBP=A9
 0001:00015240 0000A746 C=CODE     S=.text    G=(none)   M=Classes  ACBP=A9
 0001:0001F988 00000338 C=CODE     S=.text    G=(none)   M=Consts   ACBP=A9
 0001:0001FCC0 00009847 C=CODE     S=.text    G=(none)   M=Graphics ACBP=A9
 0001:00029508 00000080 C=CODE     S=.text    G=(none)   M=Math     ACBP=A9
 0001:00029588 000002B8 C=CODE     S=.text    G=(none)   M=Contnrs  ACBP=A9
 0001:00029840 00000274 C=CODE     S=.text    G=(none)   M=CommCtrl ACBP=A9
 0001:00029AB4 00000787 C=CODE     S=.text    G=(none)   M=MultiMon ACBP=A9
 0001:0002A23C 00000038 C=CODE     S=.text    G=(none)   M=Imm      ACBP=A9
 0001:0002A274 00000FF8 C=CODE     S=.text    G=(none)   M=HelpIntfs ACBP=A9
 0001:0002B26C 00000058 C=CODE     S=.text    G=(none)   M=WinSpool ACBP=A9
 0001:0002B2C4 0000114C C=CODE     S=.text    G=(none)   M=Printers ACBP=A9
 0001:0002C410 0000031F C=CODE     S=.text    G=(none)   M=FlatSB   ACBP=A9
 0001:0002C730 000001A4 C=CODE     S=.text    G=(none)   M=SyncObjs ACBP=A9
 0001:0002C8D4 000009BB C=CODE     S=.text    G=(none)   M=UxTheme  ACBP=A9
 0001:0002D290 00000038 C=CODE     S=.text    G=(none)   M=RichEdit ACBP=A9
 0001:0002D2C8 00000038 C=CODE     S=.text    G=(none)   M=ToolWin  ACBP=A9
 0001:0002D300 00000038 C=CODE     S=.text    G=(none)   M=ShellAPI ACBP=A9
 0001:0002D338 00000038 C=CODE     S=.text    G=(none)   M=RegStr   ACBP=A9
 0001:0002D370 00000038 C=CODE     S=.text    G=(none)   M=WinInet  ACBP=A9
 0001:0002D3A8 00000038 C=CODE     S=.text    G=(none)   M=UrlMon   ACBP=A9
 0001:0002D3E0 00000038 C=CODE     S=.text    G=(none)   M=ShlObj   ACBP=A9
 0001:0002D418 00000040 C=CODE     S=.text    G=(none)   M=CommDlg  ACBP=A9
 0001:0002D458 00000038 C=CODE     S=.text    G=(none)   M=Dlgs     ACBP=A9
 0001:0002D490 00001AF9 C=CODE     S=.text    G=(none)   M=Dialogs  ACBP=A9
 0001:0002EF8C 00003236 C=CODE     S=.text    G=(none)   M=ExtCtrls ACBP=A9
 0001:000321C4 00000090 C=CODE     S=.text    G=(none)   M=ComStrs  ACBP=A9
 0001:00032254 0000069C C=CODE     S=.text    G=(none)   M=Clipbrd  ACBP=A9
 0001:000328F0 00000038 C=CODE     S=.text    G=(none)   M=StrUtils ACBP=A9
 0001:00032928 00002775 C=CODE     S=.text    G=(none)   M=Buttons  ACBP=A9
 0001:000350A0 00000038 C=CODE     S=.text    G=(none)   M=ExtDlgs  ACBP=A9
 0001:000350D8 00001014 C=CODE     S=.text    G=(none)   M=IniFiles ACBP=A9
 0001:000360EC 00000068 C=CODE     S=.text    G=(none)   M=Registry ACBP=A9
 0001:00036154 0000006C C=CODE     S=.text    G=(none)   M=Mapi     ACBP=A9
 0001:000361C0 00000058 C=CODE     S=.text    G=(none)   M=ExtActns ACBP=A9
 0001:00036218 00000038 C=CODE     S=.text    G=(none)   M=ListActns ACBP=A9
 0001:00036250 00007234 C=CODE     S=.text    G=(none)   M=ComCtrls ACBP=A9
 0001:0003D484 00000C14 C=CODE     S=.text    G=(none)   M=Themes   ACBP=A9
 0001:0003E098 00006CD4 C=CODE     S=.text    G=(none)   M=StdCtrls ACBP=A9
 0001:00044D6C 00000168 C=CODE     S=.text    G=(none)   M=StdActns ACBP=A9
 0001:00044ED4 00000D1F C=CODE     S=.text    G=(none)   M=WinHelpViewer ACBP=A9
 0001:00045BF4 00011273 C=CODE     S=.text    G=(none)   M=Controls ACBP=A9
 0001:00056E68 00001292 C=CODE     S=.text    G=(none)   M=ActnList ACBP=A9
 0001:000580FC 00001DAC C=CODE     S=.text    G=(none)   M=ImgList  ACBP=A9
 0001:00059EA8 00006639 C=CODE     S=.text    G=(none)   M=Menus    ACBP=A9
 0001:000604E4 0000C568 C=CODE     S=.text    G=(none)   M=Forms    ACBP=A9
 0001:0006CA4C 00000048 C=CODE     S=.text    G=(none)   M=MaxMin   ACBP=A9
 0001:0006CA94 00000098 C=CODE     S=.text    G=(none)   M=RXConst  ACBP=A9
 0001:0006CB2C 00000038 C=CODE     S=.text    G=(none)   M=RXCConst ACBP=A9
 0001:0006CB64 00000908 C=CODE     S=.text    G=(none)   M=VCLUtils ACBP=A9
 0001:0006D46C 00000038 C=CODE     S=.text    G=(none)   M=RxTimer  ACBP=A9
 0001:0006D4A4 0000005D C=CODE     S=.text    G=(none)   M=RxHook   ACBP=A9
 0001:0006D504 00000A2C C=CODE     S=.text    G=(none)   M=MaskUtils ACBP=A9
 0001:0006DF30 000029E8 C=CODE     S=.text    G=(none)   M=Mask     ACBP=A9
 0001:00070918 00009308 C=CODE     S=.text    G=(none)   M=Grids    ACBP=A9
 0001:00079C20 0000016C C=CODE     S=.text    G=(none)   M=rxStrUtils ACBP=A9
 0001:00079D8C 00000058 C=CODE     S=.text    G=(none)   M=ComConst ACBP=A9
 0001:00079DE4 00000E65 C=CODE     S=.text    G=(none)   M=ComObj   ACBP=A9
 0001:0007AC4C 00000CB8 C=CODE     S=.text    G=(none)   M=DateUtil ACBP=A9
 0001:0007B904 00000038 C=CODE     S=.text    G=(none)   M=FileCtrl ACBP=A9
 0001:0007B93C 00000038 C=CODE     S=.text    G=(none)   M=Gauges   ACBP=A9
 0001:0007B974 00000044 C=CODE     S=.text    G=(none)   M=RxPrgrss ACBP=A9
 0001:0007B9B8 00000038 C=CODE     S=.text    G=(none)   M=FileUtil ACBP=A9
 0001:0007B9F0 00000044 C=CODE     S=.text    G=(none)   M=AppUtils ACBP=A9
 0001:0007BA34 00000050 C=CODE     S=.text    G=(none)   M=RXProps  ACBP=A9
 0001:0007BA84 00000038 C=CODE     S=.text    G=(none)   M=Placemnt ACBP=A9
 0001:0007BABC 0000352D C=CODE     S=.text    G=(none)   M=RXCtrls  ACBP=A9
 0001:0007EFEC 00002CF0 C=CODE     S=.text    G=(none)   M=PickDate ACBP=A9
 0001:00081CDC 000039AC C=CODE     S=.text    G=(none)   M=ToolEdit ACBP=A9
 0001:00085688 0000026F C=CODE     S=.text    G=(none)   M=CheckLst ACBP=A9
 0001:000858F8 00000038 C=CODE     S=.text    G=(none)   M=cpakmsg  ACBP=A9
 0001:00085930 00000914 C=CODE     S=.text    G=(none)   M=WinConvert ACBP=A9
 0001:00086244 00000958 C=CODE     S=.text    G=(none)   M=SkinRead ACBP=A9
 0001:00086B9C 00000038 C=CODE     S=.text    G=(none)   M=WinSkinStore ACBP=A9
 0001:00086BD4 00000B84 C=CODE     S=.text    G=(none)   M=ImgUtil  ACBP=A9
 0001:00087758 00000830 C=CODE     S=.text    G=(none)   M=WinSkinIni ACBP=A9
 0001:00087F88 00000038 C=CODE     S=.text    G=(none)   M=Tabs     ACBP=A9
 0001:00087FC0 0000089C C=CODE     S=.text    G=(none)   M=WinSkinMenu ACBP=A9
 0001:0008885C 000018C9 C=CODE     S=.text    G=(none)   M=WinSkinDlg ACBP=A9
 0001:0008A128 00013380 C=CODE     S=.text    G=(none)   M=WinSubClass ACBP=A9
 0001:0009D4A8 0000E087 C=CODE     S=.text    G=(none)   M=WinSkinForm ACBP=A9
 0001:000AB530 00007010 C=CODE     S=.text    G=(none)   M=WinSkinData ACBP=A9
 0001:000B2540 00000944 C=CODE     S=.text    G=(none)   M=ucal     ACBP=A9
 0001:000B2E84 00000C64 C=CODE     S=.text    G=(none)   M=monthEdit ACBP=A9
 0001:000B3AE8 00001F2C C=CODE     S=.text    G=(none)   M=common_lib ACBP=A9
 0001:000B5A14 00000C3C C=CODE     S=.text    G=(none)   M=IdException ACBP=A9
 0001:000B6650 000002B8 C=CODE     S=.text    G=(none)   M=IdResourceStrings ACBP=A9
 0001:000B6908 00001127 C=CODE     S=.text    G=(none)   M=IdWinSock2 ACBP=A9
 0001:000B7A30 00000038 C=CODE     S=.text    G=(none)   M=IdStackConsts ACBP=A9
 0001:000B7A68 00001114 C=CODE     S=.text    G=(none)   M=IdStackWindows ACBP=A9
 0001:000B8B7C 00000038 C=CODE     S=.text    G=(none)   M=IdURI    ACBP=A9
 0001:000B8BB4 000006FC C=CODE     S=.text    G=(none)   M=IdGlobal ACBP=A9
 0001:000B92B0 00000A18 C=CODE     S=.text    G=(none)   M=IdStack  ACBP=A9
 0001:000B9CC8 000000FC C=CODE     S=.text    G=(none)   M=IdBaseComponent ACBP=A9
 0001:000B9DC4 000002EC C=CODE     S=.text    G=(none)   M=IdAntiFreezeBase ACBP=A9
 0001:000BA0B0 00000645 C=CODE     S=.text    G=(none)   M=IdComponent ACBP=A9
 0001:000BA6F8 000008D4 C=CODE     S=.text    G=(none)   M=IdSocketHandle ACBP=A9
 0001:000BAFCC 000003A4 C=CODE     S=.text    G=(none)   M=IdIntercept ACBP=A9
 0001:000BB370 0000015C C=CODE     S=.text    G=(none)   M=IdIOHandler ACBP=A9
 0001:000BB4CC 000003D8 C=CODE     S=.text    G=(none)   M=IdRFCReply ACBP=A9
 0001:000BB8A4 00000038 C=CODE     S=.text    G=(none)   M=IdAssignedNumbers ACBP=A9
 0001:000BB8DC 00000B58 C=CODE     S=.text    G=(none)   M=IdSocks  ACBP=A9
 0001:000BC434 00000038 C=CODE     S=.text    G=(none)   M=IdTCPStream ACBP=A9
 0001:000BC46C 00000038 C=CODE     S=.text    G=(none)   M=IdStream ACBP=A9
 0001:000BC4A4 00000874 C=CODE     S=.text    G=(none)   M=IdIOHandlerSocket ACBP=A9
 0001:000BCD18 00001C6C C=CODE     S=.text    G=(none)   M=IdTCPConnection ACBP=A9
 0001:000BE984 000004A0 C=CODE     S=.text    G=(none)   M=IdTCPClient ACBP=A9
 0001:000BEE24 00000078 C=CODE     S=.text    G=(none)   M=Atmi     ACBP=A9
 0001:000BEE9C 00000060 C=CODE     S=.text    G=(none)   M=Fml      ACBP=A9
 0001:000BEEFC 00000F34 C=CODE     S=.text    G=(none)   M=so_tmax  ACBP=A9
 0001:000BFE30 00000040 C=CODE     S=.text    G=(none)   M=synafpc  ACBP=A9
 0001:000BFE70 00001417 C=CODE     S=.text    G=(none)   M=synsock  ACBP=A9
 0001:000C1288 00000AD4 C=CODE     S=.text    G=(none)   M=synautil ACBP=A9
 0001:000C1D5C 00000D4C C=CODE     S=.text    G=(none)   M=synacode ACBP=A9
 0001:000C2AA8 00000834 C=CODE     S=.text    G=(none)   M=synaip   ACBP=A9
 0001:000C32DC 00005CCC C=CODE     S=.text    G=(none)   M=blcksock ACBP=A9
 0001:000C8FA8 000000F8 C=CODE     S=.text    G=(none)   M=cryptlib ACBP=A9
 0001:000C90A0 00000F65 C=CODE     S=.text    G=(none)   M=ssl_cryptlib ACBP=A9
 0001:000CA008 00000040 C=CODE     S=.text    G=(none)   M=WinSock  ACBP=A9
 0001:000CA048 00002E54 C=CODE     S=.text    G=(none)   M=SimpleSFTP ACBP=A9
 0001:000CCE9C 00000664 C=CODE     S=.text    G=(none)   M=bsysprv  ACBP=A9
 0001:000CD500 00000764 C=CODE     S=.text    G=(none)   M=u_landprt ACBP=A9
 0001:000CDC64 00001420 C=CODE     S=.text    G=(none)   M=u_LOSTB560L ACBP=A9
 0001:000CF084 000004AD C=CODE     S=.text    G=(none)   M=LOSTB560L ACBP=A9
 0002:00000000 000000A0 C=DATA     S=.data    G=DGROUP   M=System   ACBP=A9
 0002:000000A0 00000020 C=DATA     S=.data    G=DGROUP   M=SysInit  ACBP=A9
 0002:000000C0 00000254 C=DATA     S=.data    G=DGROUP   M=SysUtils ACBP=A9
 0002:00000314 00000008 C=DATA     S=.data    G=DGROUP   M=VarUtils ACBP=A9
 0002:0000031C 0000008E C=DATA     S=.data    G=DGROUP   M=Variants ACBP=A9
 0002:000003AC 0000000C C=DATA     S=.data    G=DGROUP   M=TypInfo  ACBP=A9
 0002:000003B8 00000010 C=DATA     S=.data    G=DGROUP   M=ActiveX  ACBP=A9
 0002:000003C8 000000E4 C=DATA     S=.data    G=DGROUP   M=Classes  ACBP=A9
 0002:000004AC 0000030C C=DATA     S=.data    G=DGROUP   M=Graphics ACBP=A9
 0002:000007B8 0000000C C=DATA     S=.data    G=DGROUP   M=Printers ACBP=A9
 0002:000007C4 000000C0 C=DATA     S=.data    G=DGROUP   M=Dialogs  ACBP=A9
 0002:00000884 0000018C C=DATA     S=.data    G=DGROUP   M=ExtCtrls ACBP=A9
 0002:00000A10 00000046 C=DATA     S=.data    G=DGROUP   M=Buttons  ACBP=A9
 0002:00000A58 00000008 C=DATA     S=.data    G=DGROUP   M=IniFiles ACBP=A9
 0002:00000A60 00000008 C=DATA     S=.data    G=DGROUP   M=Registry ACBP=A9
 0002:00000A68 00000008 C=DATA     S=.data    G=DGROUP   M=Mapi     ACBP=A9
 0002:00000A70 00000084 C=DATA     S=.data    G=DGROUP   M=ComCtrls ACBP=A9
 0002:00000AF4 00000068 C=DATA     S=.data    G=DGROUP   M=Themes   ACBP=A9
 0002:00000B5C 000000E0 C=DATA     S=.data    G=DGROUP   M=StdCtrls ACBP=A9
 0002:00000C3C 0000013C C=DATA     S=.data    G=DGROUP   M=Controls ACBP=A9
 0002:00000D78 0000002C C=DATA     S=.data    G=DGROUP   M=ImgList  ACBP=A9
 0002:00000DA4 000000EC C=DATA     S=.data    G=DGROUP   M=Menus    ACBP=A9
 0002:00000E90 0000011C C=DATA     S=.data    G=DGROUP   M=Forms    ACBP=A9
 0002:00000FAC 00000004 C=DATA     S=.data    G=DGROUP   M=VCLUtils ACBP=A9
 0002:00000FB0 00000009 C=DATA     S=.data    G=DGROUP   M=MaskUtils ACBP=A9
 0002:00000FBC 00000004 C=DATA     S=.data    G=DGROUP   M=Mask     ACBP=A9
 0002:00000FC0 00000006 C=DATA     S=.data    G=DGROUP   M=Grids    ACBP=A9
 0002:00000FC8 00000030 C=DATA     S=.data    G=DGROUP   M=ComObj   ACBP=A9
 0002:00000FF8 0000003C C=DATA     S=.data    G=DGROUP   M=DateUtil ACBP=A9
 0002:00001034 00000004 C=DATA     S=.data    G=DGROUP   M=RxPrgrss ACBP=A9
 0002:00001038 00000004 C=DATA     S=.data    G=DGROUP   M=AppUtils ACBP=A9
 0002:0000103C 00000004 C=DATA     S=.data    G=DGROUP   M=RXProps  ACBP=A9
 0002:00001040 00000018 C=DATA     S=.data    G=DGROUP   M=RXCtrls  ACBP=A9
 0002:00001058 00000018 C=DATA     S=.data    G=DGROUP   M=PickDate ACBP=A9
 0002:00001070 00000018 C=DATA     S=.data    G=DGROUP   M=ToolEdit ACBP=A9
 0002:00001088 00000200 C=DATA     S=.data    G=DGROUP   M=WinConvert ACBP=A9
 0002:00001288 00000004 C=DATA     S=.data    G=DGROUP   M=ImgUtil  ACBP=A9
 0002:0000128C 00000008 C=DATA     S=.data    G=DGROUP   M=WinSkinIni ACBP=A9
 0002:00001294 00000042 C=DATA     S=.data    G=DGROUP   M=WinSubClass ACBP=A9
 0002:000012D8 00000005 C=DATA     S=.data    G=DGROUP   M=WinSkinForm ACBP=A9
 0002:000012E0 0000001C C=DATA     S=.data    G=DGROUP   M=common_lib ACBP=A9
 0002:000012FC 00000544 C=DATA     S=.data    G=DGROUP   M=IdWinSock2 ACBP=A9
 0002:00001840 00000004 C=DATA     S=.data    G=DGROUP   M=IdStackConsts ACBP=A9
 0002:00001844 00000001 C=DATA     S=.data    G=DGROUP   M=IdStackWindows ACBP=A9
 0002:00001848 0000009C C=DATA     S=.data    G=DGROUP   M=IdGlobal ACBP=A9
 0002:000018E4 0000000C C=DATA     S=.data    G=DGROUP   M=IdStack  ACBP=A9
 0002:000018F0 00000004 C=DATA     S=.data    G=DGROUP   M=IdAntiFreezeBase ACBP=A9
 0002:000018F4 00000028 C=DATA     S=.data    G=DGROUP   M=IdComponent ACBP=A9
 0002:0000191C 000000A4 C=DATA     S=.data    G=DGROUP   M=synsock  ACBP=A9
 0002:000019C0 0000016C C=DATA     S=.data    G=DGROUP   M=synautil ACBP=A9
 0002:00001B2C 00000004 C=DATA     S=.data    G=DGROUP   M=blcksock ACBP=A9
 0002:00001B30 00000010 C=DATA     S=.data    G=DGROUP   M=SimpleSFTP ACBP=A9
 0002:00003000 00000664 C=BSS      S=.bss     G=DGROUP   M=System   ACBP=A9
 0002:00003664 00000010 C=BSS      S=.bss     G=DGROUP   M=SysInit  ACBP=A9
 0002:00003674 00000004 C=BSS      S=.bss     G=DGROUP   M=Types    ACBP=A9
 0002:00003678 00000004 C=BSS      S=.bss     G=DGROUP   M=Windows  ACBP=A9
 0002:0000367C 00000004 C=BSS      S=.bss     G=DGROUP   M=Messages ACBP=A9
 0002:00003680 00000004 C=BSS      S=.bss     G=DGROUP   M=SysConst ACBP=A9
 0002:00003684 00000120 C=BSS      S=.bss     G=DGROUP   M=SysUtils ACBP=A9
 0002:000037A4 0000005C C=BSS      S=.bss     G=DGROUP   M=VarUtils ACBP=A9
 0002:00003800 00000040 C=BSS      S=.bss     G=DGROUP   M=Variants ACBP=A9
 0002:00003840 00000004 C=BSS      S=.bss     G=DGROUP   M=RTLConsts ACBP=A9
 0002:00003844 00000004 C=BSS      S=.bss     G=DGROUP   M=TypInfo  ACBP=A9
 0002:00003848 00000004 C=BSS      S=.bss     G=DGROUP   M=ActiveX  ACBP=A9
 0002:0000384C 00000044 C=BSS      S=.bss     G=DGROUP   M=Classes  ACBP=A9
 0002:00003890 00000004 C=BSS      S=.bss     G=DGROUP   M=Consts   ACBP=A9
 0002:00003894 00000060 C=BSS      S=.bss     G=DGROUP   M=Graphics ACBP=A9
 0002:000038F4 00000004 C=BSS      S=.bss     G=DGROUP   M=Math     ACBP=A9
 0002:000038F8 00000004 C=BSS      S=.bss     G=DGROUP   M=Contnrs  ACBP=A9
 0002:000038FC 0000000C C=BSS      S=.bss     G=DGROUP   M=CommCtrl ACBP=A9
 0002:00003908 00000031 C=BSS      S=.bss     G=DGROUP   M=MultiMon ACBP=A9
 0002:0000393C 00000004 C=BSS      S=.bss     G=DGROUP   M=Imm      ACBP=A9
 0002:00003940 00000008 C=BSS      S=.bss     G=DGROUP   M=HelpIntfs ACBP=A9
 0002:00003948 00000004 C=BSS      S=.bss     G=DGROUP   M=WinSpool ACBP=A9
 0002:0000394C 00000004 C=BSS      S=.bss     G=DGROUP   M=Printers ACBP=A9
 0002:00003950 00000034 C=BSS      S=.bss     G=DGROUP   M=FlatSB   ACBP=A9
 0002:00003984 00000004 C=BSS      S=.bss     G=DGROUP   M=SyncObjs ACBP=A9
 0002:00003988 000000CC C=BSS      S=.bss     G=DGROUP   M=UxTheme  ACBP=A9
 0002:00003A54 00000004 C=BSS      S=.bss     G=DGROUP   M=RichEdit ACBP=A9
 0002:00003A58 00000004 C=BSS      S=.bss     G=DGROUP   M=ToolWin  ACBP=A9
 0002:00003A5C 00000004 C=BSS      S=.bss     G=DGROUP   M=ShellAPI ACBP=A9
 0002:00003A60 00000004 C=BSS      S=.bss     G=DGROUP   M=RegStr   ACBP=A9
 0002:00003A64 00000004 C=BSS      S=.bss     G=DGROUP   M=WinInet  ACBP=A9
 0002:00003A68 00000004 C=BSS      S=.bss     G=DGROUP   M=UrlMon   ACBP=A9
 0002:00003A6C 00000004 C=BSS      S=.bss     G=DGROUP   M=ShlObj   ACBP=A9
 0002:00003A70 00000004 C=BSS      S=.bss     G=DGROUP   M=CommDlg  ACBP=A9
 0002:00003A74 00000004 C=BSS      S=.bss     G=DGROUP   M=Dlgs     ACBP=A9
 0002:00003A78 00000038 C=BSS      S=.bss     G=DGROUP   M=Dialogs  ACBP=A9
 0002:00003AB0 00000004 C=BSS      S=.bss     G=DGROUP   M=ExtCtrls ACBP=A9
 0002:00003AB4 00000004 C=BSS      S=.bss     G=DGROUP   M=ComStrs  ACBP=A9
 0002:00003AB8 0000000C C=BSS      S=.bss     G=DGROUP   M=Clipbrd  ACBP=A9
 0002:00003AC4 00000004 C=BSS      S=.bss     G=DGROUP   M=StrUtils ACBP=A9
 0002:00003AC8 00000030 C=BSS      S=.bss     G=DGROUP   M=Buttons  ACBP=A9
 0002:00003AF8 00000004 C=BSS      S=.bss     G=DGROUP   M=ExtDlgs  ACBP=A9
 0002:00003AFC 00000004 C=BSS      S=.bss     G=DGROUP   M=IniFiles ACBP=A9
 0002:00003B00 00000004 C=BSS      S=.bss     G=DGROUP   M=Registry ACBP=A9
 0002:00003B04 00000004 C=BSS      S=.bss     G=DGROUP   M=Mapi     ACBP=A9
 0002:00003B08 00000009 C=BSS      S=.bss     G=DGROUP   M=ExtActns ACBP=A9
 0002:00003B14 00000004 C=BSS      S=.bss     G=DGROUP   M=ListActns ACBP=A9
 0002:00003B18 00000010 C=BSS      S=.bss     G=DGROUP   M=ComCtrls ACBP=A9
 0002:00003B28 00000008 C=BSS      S=.bss     G=DGROUP   M=Themes   ACBP=A9
 0002:00003B30 00000004 C=BSS      S=.bss     G=DGROUP   M=StdCtrls ACBP=A9
 0002:00003B34 00000004 C=BSS      S=.bss     G=DGROUP   M=StdActns ACBP=A9
 0002:00003B38 00000014 C=BSS      S=.bss     G=DGROUP   M=WinHelpViewer ACBP=A9
 0002:00003B4C 00000080 C=BSS      S=.bss     G=DGROUP   M=Controls ACBP=A9
 0002:00003BCC 00000004 C=BSS      S=.bss     G=DGROUP   M=ActnList ACBP=A9
 0002:00003BD0 0000000C C=BSS      S=.bss     G=DGROUP   M=ImgList  ACBP=A9
 0002:00003BDC 00000010 C=BSS      S=.bss     G=DGROUP   M=Menus    ACBP=A9
 0002:00003BEC 00000020 C=BSS      S=.bss     G=DGROUP   M=Forms    ACBP=A9
 0002:00003C0C 00000004 C=BSS      S=.bss     G=DGROUP   M=MaxMin   ACBP=A9
 0002:00003C10 00000004 C=BSS      S=.bss     G=DGROUP   M=RXConst  ACBP=A9
 0002:00003C14 00000004 C=BSS      S=.bss     G=DGROUP   M=RXCConst ACBP=A9
 0002:00003C18 00000004 C=BSS      S=.bss     G=DGROUP   M=VCLUtils ACBP=A9
 0002:00003C1C 00000004 C=BSS      S=.bss     G=DGROUP   M=RxTimer  ACBP=A9
 0002:00003C20 00000008 C=BSS      S=.bss     G=DGROUP   M=RxHook   ACBP=A9
 0002:00003C28 00000004 C=BSS      S=.bss     G=DGROUP   M=MaskUtils ACBP=A9
 0002:00003C2C 00000004 C=BSS      S=.bss     G=DGROUP   M=Mask     ACBP=A9
 0002:00003C30 00000004 C=BSS      S=.bss     G=DGROUP   M=Grids    ACBP=A9
 0002:00003C34 00000004 C=BSS      S=.bss     G=DGROUP   M=rxStrUtils ACBP=A9
 0002:00003C38 00000004 C=BSS      S=.bss     G=DGROUP   M=ComConst ACBP=A9
 0002:00003C3C 00000011 C=BSS      S=.bss     G=DGROUP   M=ComObj   ACBP=A9
 0002:00003C50 00000008 C=BSS      S=.bss     G=DGROUP   M=DateUtil ACBP=A9
 0002:00003C58 00000004 C=BSS      S=.bss     G=DGROUP   M=FileCtrl ACBP=A9
 0002:00003C5C 00000004 C=BSS      S=.bss     G=DGROUP   M=Gauges   ACBP=A9
 0002:00003C60 00000004 C=BSS      S=.bss     G=DGROUP   M=RxPrgrss ACBP=A9
 0002:00003C64 00000004 C=BSS      S=.bss     G=DGROUP   M=FileUtil ACBP=A9
 0002:00003C68 00000004 C=BSS      S=.bss     G=DGROUP   M=AppUtils ACBP=A9
 0002:00003C6C 00000004 C=BSS      S=.bss     G=DGROUP   M=RXProps  ACBP=A9
 0002:00003C70 00000004 C=BSS      S=.bss     G=DGROUP   M=Placemnt ACBP=A9
 0002:00003C74 00000004 C=BSS      S=.bss     G=DGROUP   M=RXCtrls  ACBP=A9
 0002:00003C78 00000004 C=BSS      S=.bss     G=DGROUP   M=PickDate ACBP=A9
 0002:00003C7C 00000004 C=BSS      S=.bss     G=DGROUP   M=ToolEdit ACBP=A9
 0002:00003C80 0000000C C=BSS      S=.bss     G=DGROUP   M=CheckLst ACBP=A9
 0002:00003C8C 00000004 C=BSS      S=.bss     G=DGROUP   M=cpakmsg  ACBP=A9
 0002:00003C90 00000004 C=BSS      S=.bss     G=DGROUP   M=WinConvert ACBP=A9
 0002:00003C94 00000004 C=BSS      S=.bss     G=DGROUP   M=SkinRead ACBP=A9
 0002:00003C98 00000004 C=BSS      S=.bss     G=DGROUP   M=WinSkinStore ACBP=A9
 0002:00003C9C 00000048 C=BSS      S=.bss     G=DGROUP   M=ImgUtil  ACBP=A9
 0002:00003CE4 00000004 C=BSS      S=.bss     G=DGROUP   M=WinSkinIni ACBP=A9
 0002:00003CE8 00000004 C=BSS      S=.bss     G=DGROUP   M=Tabs     ACBP=A9
 0002:00003CEC 00000008 C=BSS      S=.bss     G=DGROUP   M=WinSkinMenu ACBP=A9
 0002:00003CF4 0000001D C=BSS      S=.bss     G=DGROUP   M=WinSkinDlg ACBP=A9
 0002:00003D14 00000004 C=BSS      S=.bss     G=DGROUP   M=WinSubClass ACBP=A9
 0002:00003D18 00000031 C=BSS      S=.bss     G=DGROUP   M=WinSkinForm ACBP=A9
 0002:00003D4C 00000020 C=BSS      S=.bss     G=DGROUP   M=WinSkinData ACBP=A9
 0002:00003D6C 00000004 C=BSS      S=.bss     G=DGROUP   M=ucal     ACBP=A9
 0002:00003D70 00000004 C=BSS      S=.bss     G=DGROUP   M=monthEdit ACBP=A9
 0002:00003D74 00000010 C=BSS      S=.bss     G=DGROUP   M=common_lib ACBP=A9
 0002:00003D84 00000004 C=BSS      S=.bss     G=DGROUP   M=IdException ACBP=A9
 0002:00003D88 00000004 C=BSS      S=.bss     G=DGROUP   M=IdResourceStrings ACBP=A9
 0002:00003D8C 000001C8 C=BSS      S=.bss     G=DGROUP   M=IdWinSock2 ACBP=A9
 0002:00003F54 00000004 C=BSS      S=.bss     G=DGROUP   M=IdStackConsts ACBP=A9
 0002:00003F58 00000004 C=BSS      S=.bss     G=DGROUP   M=IdStackWindows ACBP=A9
 0002:00003F5C 00000004 C=BSS      S=.bss     G=DGROUP   M=IdURI    ACBP=A9
 0002:00003F60 00000014 C=BSS      S=.bss     G=DGROUP   M=IdGlobal ACBP=A9
 0002:00003F74 00000008 C=BSS      S=.bss     G=DGROUP   M=IdStack  ACBP=A9
 0002:00003F7C 00000004 C=BSS      S=.bss     G=DGROUP   M=IdBaseComponent ACBP=A9
 0002:00003F80 00000004 C=BSS      S=.bss     G=DGROUP   M=IdAntiFreezeBase ACBP=A9
 0002:00003F84 00000008 C=BSS      S=.bss     G=DGROUP   M=IdComponent ACBP=A9
 0002:00003F8C 00000004 C=BSS      S=.bss     G=DGROUP   M=IdSocketHandle ACBP=A9
 0002:00003F90 00000004 C=BSS      S=.bss     G=DGROUP   M=IdIntercept ACBP=A9
 0002:00003F94 00000004 C=BSS      S=.bss     G=DGROUP   M=IdIOHandler ACBP=A9
 0002:00003F98 00000004 C=BSS      S=.bss     G=DGROUP   M=IdRFCReply ACBP=A9
 0002:00003F9C 00000004 C=BSS      S=.bss     G=DGROUP   M=IdAssignedNumbers ACBP=A9
 0002:00003FA0 00000004 C=BSS      S=.bss     G=DGROUP   M=IdSocks  ACBP=A9
 0002:00003FA4 00000004 C=BSS      S=.bss     G=DGROUP   M=IdTCPStream ACBP=A9
 0002:00003FA8 00000004 C=BSS      S=.bss     G=DGROUP   M=IdStream ACBP=A9
 0002:00003FAC 00000004 C=BSS      S=.bss     G=DGROUP   M=IdIOHandlerSocket ACBP=A9
 0002:00003FB0 00000004 C=BSS      S=.bss     G=DGROUP   M=IdTCPConnection ACBP=A9
 0002:00003FB4 00000004 C=BSS      S=.bss     G=DGROUP   M=IdTCPClient ACBP=A9
 0002:00003FB8 00000004 C=BSS      S=.bss     G=DGROUP   M=Atmi     ACBP=A9
 0002:00003FBC 00000004 C=BSS      S=.bss     G=DGROUP   M=Fml      ACBP=A9
 0002:00003FC0 00000004 C=BSS      S=.bss     G=DGROUP   M=so_tmax  ACBP=A9
 0002:00003FC4 00000004 C=BSS      S=.bss     G=DGROUP   M=synafpc  ACBP=A9
 0002:00003FC8 0000002C C=BSS      S=.bss     G=DGROUP   M=synsock  ACBP=A9
 0002:00003FF4 00000038 C=BSS      S=.bss     G=DGROUP   M=synautil ACBP=A9
 0002:0000402C 00000004 C=BSS      S=.bss     G=DGROUP   M=synacode ACBP=A9
 0002:00004030 00000004 C=BSS      S=.bss     G=DGROUP   M=synaip   ACBP=A9
 0002:00004034 00000192 C=BSS      S=.bss     G=DGROUP   M=blcksock ACBP=A9
 0002:000041C8 00000004 C=BSS      S=.bss     G=DGROUP   M=cryptlib ACBP=A9
 0002:000041CC 00000004 C=BSS      S=.bss     G=DGROUP   M=ssl_cryptlib ACBP=A9
 0002:000041D0 00000004 C=BSS      S=.bss     G=DGROUP   M=WinSock  ACBP=A9
 0002:000041D4 00000004 C=BSS      S=.bss     G=DGROUP   M=SimpleSFTP ACBP=A9
 0002:000041D8 00000010 C=BSS      S=.bss     G=DGROUP   M=bsysprv  ACBP=A9
 0002:000041E8 00000010 C=BSS      S=.bss     G=DGROUP   M=u_landprt ACBP=A9
 0002:000041F8 00000008 C=BSS      S=.bss     G=DGROUP   M=u_LOSTB560L ACBP=A9


  Address         Publics by Name

 0002:00003C74       .01
 0002:00003680       .1
 0002:00003B40       .1
 0002:0000367C       .1
 0002:00003C60       .1
 0002:00003F54       .1
 0002:00003674       .1
 0002:00003FBC       .1
 0002:00003C34       .1
 0002:0000366C       .1
 0002:00003FC4       .1
 0002:00003C68       .1
 0002:000041D0       .1
 0002:00003D88       .1
 0002:00003FF0       .1
 0002:00003F9C       .1
 0002:00003C0C       .1
 0002:00003C10       .1
 0002:000041C8       .1
 0002:00003C8C       .1
 0002:00003C14       .1
 0002:00003B04       .1
 0002:00003C54       .1
 0002:00003890       .1
 0002:0000402C       .1
 0002:00003C9C       .1
 0002:00003C78       .1
 0002:00003AC4       .1
 0002:00004030       .1
 0002:00003AB4       .1
 0002:000038FC       .1
 0002:00003928       .1
 0002:0000393C       .1
 0002:00003840       .1
 0002:00003A74       .1
 0002:00003C38       .1
 0002:00003970       .1
 0002:00003A70       .1
 0002:00003A44       .1
 0002:00003A54       .1
 0002:00003A6C       .1
 0002:00003A5C       .1
 0002:00003A68       .1
 0002:00003A60       .1
 0002:00003A64       .1
 0002:00003C64       .1
 0002:00003A78       .11
 0002:00003D64       .11
 0002:00003F68       .11
 0002:00003C30       .11
 0002:00003C7C       .11
 0002:00003AB0       .12
 0002:00003898       .12
 0002:00003ABC       .2
 0002:00003C28       .2
 0002:000041E4       .2
 0002:00003D6C       .2
 0002:00003C18       .2
 0002:00004024       .2
 0002:00003FA4       .2
 0002:00003FA0       .2
 0002:00003B28       .2
 0002:000041F4       .2
 0002:00003F94       .2
 0002:000041CC       .2
 0002:00003F80       .2
 0002:00003F7C       .2
 0002:000041FC       .2
 0002:00003FB8       .2
 0002:00003C5C       .2
 0002:00003FB4       .2
 0002:00003CF0       .2
 0002:00003FAC       .2
 0002:000038F4       .2
 0002:00003C94       .2
 0002:00003940       .2
 0002:00003CE4       .2
 0002:00003C20       .2
 0002:00003C1C       .2
 0002:00003C80       .2
 0002:000038F8       .21
 0002:00003F58       .3
 0002:00003F5C       .3
 0002:00003F4C       .3
 0002:00003F84       .3
 0002:00003678       .3
 0002:00003F98       .3
 0002:00003FA8       .3
 0002:00003BD0       .3
 0002:00003C6C       .3
 0002:00003AF8       .3
 0002:00003D80       .3
 0002:0000394C       .3
 0002:00003948       .3
 0002:00003D70       .3
 0002:00003C90       .3
 0002:000041D4       .3
 0002:00003848       .3
 0002:00003D08       .3
 0002:00003FB0       .31
 0002:00004034       .31
 0002:00003794       .35
 0002:00003B18       .36
 0002:00003A58       .4
 0002:00003FC0       .4
 0002:00003CE8       .4
 0002:00003AC8       .4
 0002:00003C98       .4
 0002:00003F90       .4
 0002:00003C3C       .41
 0002:00003BF4       .41
 0002:00003B30       .42
 0002:00003D14       .44
 0002:00003858       .45
 0002:00003B00       .5
 0002:000035BC       .5
 0002:00003C58       .5
 0002:00003C2C       .5
 0002:000037FC       .5
 0002:00003F78       .6
 0002:00003844       .6
 0002:00003984       .6
 0002:00003D84       .64
 0002:00003C70       .7
 0002:00003B08       .72
 0002:00003B54       .72
 0002:00003B34       .73
 0002:00003BCC       .8
 0002:00003B14       .8
 0002:00003AFC       .8
 0002:00003820       .81
 0002:00003D28       .9
 0002:00003BE4       .9
 0002:00003F8C       .9
 0001:00001B9C       @AbstractError
 0001:00004594       @AddRefArray
 0001:0000454C       @AddRefRecord
 0001:00002DE8       @AfterConstruction
 0001:00002C1C       @AsClass
 0001:00001E80       @Assign
 0001:0000207C       @AStrCmp
 0001:00002DF8       @BeforeDestruction
 0001:000029AC       @BoundErr
 0001:00002C68       @CallDynaInst
 0001:00002D90       @ClassCreate
 0001:00002DE0       @ClassDestroy
 0001:00001F48       @Close
 0001:000018D4       @Copy
 0001:00004788       @CopyArray
 0001:0000466C       @CopyRecord
 0001:000048F4       @DispCallByIDError
 0001:0000F0AC       @DispInvokeError
 0001:00004890       @Dispose
 0001:00003274       @DoneExcept
 0001:00004D7C       @DynArrayAddRef
 0001:00004D54       @DynArrayAsg
 0001:00004D18       @DynArrayClear
 0001:00004B58       @DynArrayHigh
 0001:00004B50       @DynArrayLength
 0001:00004D0C       @DynArraySetLength
 0001:000020EC       @EofText
 0001:0000335C       @ExceptionHandler
 0001:00002124       @FillChar
 0001:00004540       @Finalize
 0001:00004454       @FinalizeArray
 0001:00004408       @FinalizeRecord
 0001:00002C80       @FindDynaInst
 0001:00001F3C       @Flush
 0001:000029A0       @FpuInit
 0001:000028DC       @FpuMaskInit
 0001:00001B48       @FRAC
 0001:0000175C       @FreeMem
 0001:0000173C       @GetMem
 0001:00005B34       @GetTls
 0001:000037A4       @Halt
 0001:000036CC       @Halt0
 0001:00002F0C       @HandleAnyException
 0001:000031C0       @HandleFinally
 0001:00003038       @HandleOnException
 0001:00005B80       @InitExe
 0001:000043FC       @Initialize
 0001:00004368       @InitializeArray
 0001:00004338       @InitializeRecord
 0001:00003590       @InitImports
 0001:00003568       @InitResStringImports
 0001:00003544       @InitResStrings
 0001:00005478       @IntfAddRef
 0001:00005448       @IntfCast
 0001:00005404       @IntfClear
 0001:0000541C       @IntfCopy
 0001:00002BF8       @IsClass
 0001:000028AC       @isNECWindows
 0001:00003CF0       @LStrAddRef
 0001:00003864       @LStrArrayClr
 0001:00003894       @LStrAsg
 0001:00003B08       @LStrCat
 0001:00003B4C       @LStrCat3
 0001:00003BC0       @LStrCatN
 0001:00003840       @LStrClr
 0001:00003C4C       @LStrCmp
 0001:00003D60       @LStrCopy
 0001:00003DA0       @LStrDelete
 0001:00003AB0       @LStrFromArray
 0001:00003A28       @LStrFromChar
 0001:00003A38       @LStrFromPChar
 0001:00003930       @LStrFromPCharLen
 0001:00003A68       @LStrFromPWChar
 0001:0000399C       @LStrFromPWCharLen
 0001:00003AA4       @LStrFromString
 0001:00003AC8       @LStrFromWStr
 0001:00003DE8       @LStrInsert
 0001:000038D8       @LStrLAsg
 0001:00003B00       @LStrLen
 0001:00003EF0       @LStrOfChar
 0001:00003E44       @LStrPos
 0001:00003E8C       @LStrSetLength
 0001:00003D00       @LStrToPChar
 0001:00003ADC       @LStrToString
 0001:0000487C       @New
 0001:00003904       @NewAnsiString
 0001:00003F4C       @NewWideString
 0001:000025C0       @Pow10
 0001:00001FF8       @PStrCmp
 0001:00001FD0       @PStrCpy
 0001:00001FA0       @PStrNCat
 0001:00001FDC       @PStrNCpy
 0001:00003220       @RaiseAgain
 0001:000031F8       @RaiseExcept
 0001:00002180       @ReadChar
 0001:000022E4       @ReadLn
 0001:00002278       @ReadLString
 0001:0000226C       @ReadString
 0001:0000177C       @ReallocMem
 0001:00001C10       @ResetText
 0001:00001C1C       @RewritText
 0001:00001B6C       @ROUND
 0001:000037B0       @RunError
 0001:00002574       @SetElem
 0001:00002598       @SetEq
 0001:000025AC       @SetUnion
 0001:00003504       @StartExe
 0001:0000031C       @strlen
 0001:00001B78       @TRUNC
 0001:000032A4       @TryFinallyExit
 0001:00003D58       @UniqueStringA
 0001:00004920       @ValInt64
 0001:00002314       @ValLong
 0001:000137F0       @VarAddRef
 0001:0000457C       @VarAddRef
 0001:0000F98C       @VarCast
 0001:0000F398       @VarClear
 0001:0000443C       @VarClr
 0001:0000F3AC       @VarClr
 0001:0000F6C0       @VarCopy
 0001:00004654       @VarCopy
 0001:000136D0       @VarFromBool
 0001:0001355C       @VarFromByte
 0001:00013720       @VarFromCurr
 0001:00013678       @VarFromCurrency
 0001:000136A4       @VarFromDate
 0001:000137C4       @VarFromDisp
 0001:0001364C       @VarFromDouble
 0001:00013500       @VarFromInt
 0001:000135FC       @VarFromInt64
 0001:0001353C       @VarFromInteger
 0001:00013798       @VarFromIntf
 0001:0001359C       @VarFromLongWord
 0001:00013734       @VarFromLStr
 0001:000136F8       @VarFromReal
 0001:000135BC       @VarFromShortInt
 0001:00013628       @VarFromSingle
 0001:000135DC       @VarFromSmallInt
 0001:0001370C       @VarFromTDateTime
 0001:0001357C       @VarFromWord
 0001:00013760       @VarFromWStr
 0001:0000F100       @VarNull
 0001:00010E10       @VarToBoolean
 0001:00010250       @VarToByte
 0001:00011FD4       @VarToCurrency
 0001:00011A6C       @VarToDate
 0001:00013454       @VarToDisp
 0001:00011318       @VarToDouble
 0001:00010814       @VarToInt64
 0001:0000FD50       @VarToInteger
 0001:00013388       @VarToIntf
 0001:000104C8       @VarToLongWord
 0001:00012688       @VarToLStr
 0001:000101A0       @VarToShortInt
 0001:00011694       @VarToSingle
 0001:000102F8       @VarToSmallInt
 0001:000103F0       @VarToWord
 0001:00012DB0       @VarToWStr
 0001:00003F1C       @Write0LString
 0001:0000242C       @WriteBytes
 0001:000024FC       @WriteLn
 0001:00003F24       @WriteLString
 0001:00002480       @WriteSpaces
 0001:00004318       @WStrAddRef
 0001:00003F8C       @WStrArrayClr
 0001:00003FB0       @WStrAsg
 0001:0000410C       @WStrCat
 0001:0000416C       @WStrCatN
 0001:00003F74       @WStrClr
 0001:000041B4       @WStrCmp
 0001:00004238       @WStrCopy
 0001:000040C8       @WStrFromArray
 0001:000040E0       @WStrFromLStr
 0001:00003FDC       @WStrFromPCharLen
 0001:0000408C       @WStrFromPWChar
 0001:00004068       @WStrFromPWCharLen
 0001:00003FD4       @WStrLAsg
 0001:00004100       @WStrLen
 0001:00004284       @WStrPos
 0001:000042D4       @WStrSetLength
 0001:000040F0       @WStrToPWChar
 0001:00002550       @_CLenToPasStr
 0001:00002544       @_CToPasStr
 0001:000018A4       @_IOTest
 0001:000048FC       @_llmul
 0001:0002B3D0       AbortProc
 0001:00048C34       AbsMin
 0001:0000BFB4       AbstractErrorHandler
 0002:0000302C       AbstractErrorProc
 0002:00003D90       accept
 0002:00003F40       AcceptEx
 0002:00000144       AccessMode
 0001:0000180C       AcquireExceptionObject
 0001:0009F06C       ActionUpdate
 0001:000A0B7C       Activate
 0001:000A08B0       Activate
 0001:000177A8       ActivateClassGroup
 0001:0000637C       ActivateKeyboardLayout
 0001:000A0948       Activatepop
 0002:00003B88       ActiveDrag
 0001:00015238       ActiveX
 0001:000580D0       ActnList
 0001:00000448       AddBlockAfter
 0002:000003C8       AddDataModule
 0001:00007C24       AddExitProc
 0001:0001B07C       AddFinished
 0001:000CC7A4       AddFixedAttributeString
 0001:0005BADC       AddIn
 0001:00005298       AddModuleUnloadProc
 0001:000052A8       AddModuleUnloadProc
 0001:0001B0B4       AddNotFinished
 0001:000CC80C       AddStringAttributeString
 0001:0001BAD8       AddSubComponentsToLoaded
 0001:0001DF80       AddThread
 0001:00023C7C       AdjustColor
 0001:00093190       AdjustColors
 0001:00031A10       AdjustColors
 0001:0003AD74       AdjustLineBreaks
 0001:00007F30       AdjustLineBreaks
 0001:00062B08       Adjustment
 0001:00006384       AdjustWindowRectEx
 0002:000012D0       Alignments
 0002:000012C4       Alignments
 0002:00000B64       Alignments
 0002:0000088C       Alignments
 0002:00001040       Alignments
 0002:00000BA4       Alignments
 0002:00000E68       Alignments
 0002:00000E78       Alignments
 0002:00001070       Alignments
 0001:00069A90       AlignWork
 0001:0004E3B4       AlignWork
 0001:0001F768       AllocateHWnd
 0001:00007BD8       AllocMem
 0002:000035B4       AllocMemCount
 0002:000035B8       AllocMemSize
 0001:00029300       AllocPatternBitmap
 0001:00005ADC       AllocTlsBuffer
 0002:00000C48       AnchorAlign
 0002:00000C3C       AnimateWindowProc
 0002:00000D44       AnimationStyle
 0001:00007E04       AnsiCompareStr
 0001:00007E3C       AnsiCompareText
 0001:0000875C       AnsiLastChar
 0001:0000638C       AnsiLower
 0001:00007DD0       AnsiLowerCase
 0001:0000C968       AnsiLowerCaseFileName
 0001:0000C930       AnsiPos
 0001:000602F0       AnsiSameCaption
 0001:00007E74       AnsiSameText
 0001:00007E8C       AnsiStrLIComp
 0001:0000C9F4       AnsiStrPos
 0001:0000CA94       AnsiStrRScan
 0001:0000CABC       AnsiStrScan
 0001:00005878       AnsiToUtf8
 0001:00007D9C       AnsiUpperCase
 0001:00013310       AnyToIntf
 0002:00003D10       appDestory
 0001:00009E4C       AppendChars
 0001:0000A210       AppendFormat
 0001:00009EB0       AppendNumber
 0001:00009E90       AppendString
 0002:00003BEC       Application
 0002:000003D8       ApplicationHandleException
 0002:000003E0       ApplicationShowException
 0001:0007BA2C       AppUtils
 0002:00000FA4       AppVisible
 0001:000C1D5C       ArrByteToLong
 0001:000C1D80       ArrLongToByte
 0002:00000FBC       ArrowKey
 0001:0000BF98       AssertErrorHandler
 0002:00003024       AssertErrorProc
 0001:00014AB0       AssignLongStr
 0001:00015014       AssignVariant
 0001:0008CE24       AssignWideStr
 0002:00003F70       ATempPath
 0001:000BEE94       Atmi
 0002:0000360C       avail
 0001:00008898       BackfillGetDiskFreeSpaceEx
 0001:0004B7C8       BackgroundClipped
 0001:0000E01C       BackupVarBoolFromStr
 0001:0000E17C       BackupVarBStrFromBool
 0001:0000E09C       BackupVarBStrFromCy
 0001:0000E10C       BackupVarBStrFromDate
 0001:0000DFB0       BackupVarCyFromStr
 0001:0000DF44       BackupVarDateFromStr
 0001:0000DE00       BackupVarI4FromStr
 0001:0000DDAC       BackupVariantChangeTypeEx
 0001:0000DE6C       BackupVarR4FromStr
 0001:0000DED8       BackupVarR8FromStr
 0001:0000C58C       Beep
 0001:00017B00       BeginGlobalLoading
 0001:00006394       BeginPaint
 0001:000037F4       BeginThread
 0001:00023C88       BetterSize
 0001:00031300       BevelLine
 0001:00031210       BevelRect
 0002:00003D1C       BG
 0001:0005C950       BiDiDraw
 0002:00003D94       bind
 0001:0001DE6C       BinToHex
 0001:000060AC       BitBlt
 0002:00000A10       BitBtnCaptions
 0002:00003ACC       BitBtnGlyphs
 0002:0000076C       BitCounts
 0002:00003D7C       bitmap
 0002:00000764       BitmapCanvasList
 0002:000038B0       BitmapImageLock
 0001:000AA324       BitmapToRegion
 0001:0000DDE8       BiUnimplemented
 0001:000793DC       BlankStr
 0001:000C8F00       blcksock
 0001:00087128       Blend
 0002:00000480       BlockCode
 0002:000035E4       blockDescBlockList
 0002:000035E8       blockDescFreeList
 0002:000003AC       BooleanIdents
 0002:00000328       BooleanToStringRule
 0001:00008480       BoolToStr
 0001:00012410       BoolToWStrViaOS
 0002:00000B5C       BorderStyles
 0002:00000884       BorderStyles
 0001:00005C98       Bounds
 0001:00016AC0       Bounds
 0002:00000E10       Breaks
 0002:000038E8       BrushManager
 0001:000CD4F8       bsysprv
 0002:00001294       BtnStateName
 0002:000012A0       BtnTypeName
 0001:000720A0       Build
 0001:0005F104       BuildImage
 0002:0000082C       ButtonCaptions
 0002:00001054       ButtonCount
 0002:00000A40       ButtonCount
 0002:00000800       ButtonNames
 0001:00035078       Buttons
 0002:00000E8C       Buttons
 0002:00000C34       ButtonStyles
 0002:00003A84       ButtonWidths
 0001:000B9B00       ByteIsOk
 0001:000C2AA8       ByteIsOk
 0001:00023468       BytesPerScanline
 0001:000237C0       ByteSwapColors
 0001:0000C670       ByteToCharIndex
 0001:0000C648       ByteToCharLen
 0001:0000C60C       ByteType
 0001:0000C594       ByteTypeTest
 0002:00003BD4       CachedComCtrlVer
 0001:000744D8       CalcAxis
 0001:00075200       CalcAxis
 0001:0007471C       CalcAxisState
 0001:00074564       CalcFixedAxis
 0001:0001F6A4       CalcJmpOffset
 0001:00074678       CalcMaxCell
 0001:00076634       CalcPageExtents
 0001:00075F30       CalcScroll
 0001:00075598       CalcScrollBar
 0001:00076294       CalcSizeInfo
 0001:0005613C       CalcSplitterPos
 0001:0000639C       CallNextHookEx
 0001:0000D2BC       CallTerminateProcs
 0001:000063A4       CallWindowProc
 0001:00049C6C       CancelDrag
 0002:000038EC       CanvasList
 0002:00003B9C       CanvasList
 0002:000007D8       Captions
 0002:00000D00       CaptureControl
 0001:00072674       CaretPos
 0002:0000107C       CaretWidth
 0002:00000DB0       cBooleanToItemAutoFlag
 0001:0002D8D8       CenterWindow
 0002:00000FF8       CenturyOffset
 0002:00003ABA       CF_COMPONENT
 0002:00003AB8       CF_PICTURE
 0002:00003818       ChangeAnyProc
 0001:00048198       ChangeBiDiModeAlignment
 0001:000B464C       changeBtn
 0001:00086BD4       ChangeTrans
 0002:00000BE8       CharCases
 0002:00000B84       CharCases
 0001:00003960       CharFromWChar
 0001:0000C844       CharLength
 0001:000063AC       CharLowerBuff
 0001:000063B4       CharNext
 0001:00000284       CharNext
 0001:00021788       CharsetToIdent
 0001:0000C758       CharToByteIndex
 0001:0000C7BC       CharToByteLen
 0001:000063BC       CharToOemA
 0001:000063C4       CharUpperBuff
 0001:00024250       CheckBool
 0001:00038CF4       CheckCommonControl
 0001:000B3154       CheckDate2
 0001:00002E88       CheckJmp
 0001:000858E8       CheckLst
 0001:000063CC       CheckMenuItem
 0002:00000E00       Checks
 0001:0001BB14       CheckSubComponents
 0001:0001DF98       CheckSynchronize
 0001:00062528       CheckTaskWindow
 0001:0006D3E0       CheckTaskWindow
 0001:00049920       CheckUndock
 0001:0000C480       CheckWin32Version
 0002:0000032C       CInvalidCustomVariantType
 0002:00000DB4       cItemAutoFlagToBoolean
 0002:00000DAC       cItemAutoFlagToMenu
 0001:0001F8F4       Classes
 0001:0001756C       ClassNotFound
 0002:00003814       ClearAnyProc
 0001:00021018       ClearColor
 0001:0007A92C       ClearExcepInfo
 0001:00079184       ClearItem
 0001:00013BE0       ClearVariantTypeList
 0001:000063D4       ClientToScreen
 0001:000536E0       ClientToWindow
 0001:000327AC       Clipboard
 0002:0000075C       ClipboardFormats
 0001:00032898       Clipbrd
 0001:000063DC       CloseClipboard
 0001:00005DE4       CloseHandle
 0001:00000224       CloseHandle
 0001:0002B26C       ClosePrinter
 0002:00003D98       closesocket
 0002:0000198C       CloseSocket
 0002:0000398C       CloseThemeData
 0002:00003040       CmdLine
 0002:0000303C       CmdShow
 0002:00000DA8       cMenuAutoFlagToItem
 0001:0000DDF4       CmpUnimplemented
 0002:00000FD0       CoAddRefServerProcess
 0002:00000FC8       CoCreateInstanceEx
 0001:000C154C       CodeInt
 0001:000C15CC       CodeLongInt
 0002:00000FE0       CoInitFlags
 0001:000151DC       CoInitialize
 0002:00000FCC       CoInitializeEx
 0002:00000AB4       ColorIndex
 0002:000004DC       Colors
 0001:00021580       ColorToIdent
 0002:00000898       ColorToPretyName
 0001:00021570       ColorToRGB
 0001:000060B4       CombineRgn
 0002:00000BD4       ComboBoxStyles
 0002:00003C44       ComClassManagerVar
 0001:00079DDC       ComConst
 0002:00003900       ComCtl32DLL
 0002:00003B24       ComCtlVersion
 0001:0003D47C       ComCtrls
 0002:00003BE8       CommandPool
 0001:00029AAC       CommCtrl
 0001:0002D450       CommDlg
 0001:00000728       Commit
 0002:00003628       committedRoot
 0002:000012E8       common_caller
 0002:000012E4       common_handle
 0002:000012E0       common_kait
 0001:000B5A0C       common_lib
 0002:000012F8       common_seedkey
 0002:000012F4       common_usergroup
 0002:000012EC       common_userid
 0002:000012F0       common_username
 0001:0007ABF4       ComObj
 0001:0007240C       CompareExtents
 0001:0005B0C0       CompareFront
 0001:00007D04       CompareMem
 0001:00007CD4       CompareStr
 0001:00005DEC       CompareString
 0001:00007D24       CompareText
 0001:000083A8       CompareWith
 0001:0001BBF4       ComponentCreated
 0001:00024020       ComputeAldusChecksum
 0001:0003224C       ComStrs
 0001:000BFEEC       Connect
 0002:00003D9C       connect
 0001:000BC674       ConnectTimeout
 0001:0001FCB8       Consts
 0001:00029838       Contnrs
 0002:00003B5A       ControlAtom
 0002:00003CFC       ControlAtom
 0002:00003B60       ControlAtomString
 0001:000672D0       ControlHasHelp
 0001:00056DD8       Controls
 0002:00000A88       ConversionFormatList
 0002:000003FC       Convert
 0002:0000040C       Convert
 0001:0000B9AC       ConvertAddr
 0001:00009FA0       ConvertEraString
 0001:00007B9C       ConvertError
 0001:00007BB4       ConvertErrorFmt
 0001:0000A108       ConvertYearString
 0001:00004B60       CopyArray
 0001:00026530       CopyBitmap
 0001:00026BF8       CopyBitmapAsMask
 0001:0008C208       CopyBMP
 0001:0002DDE4       CopyData
 0001:000060BC       CopyEnhMetaFile
 0001:000CC3D0       CopyFixedAttribute
 0001:000063E4       CopyImage
 0001:0007EE58       CopyImage
 0001:00034E78       CopyImage
 0001:00006994       CopyMemory
 0001:00026B94       CopyPalette
 0001:0006CB64       CopyParentImage
 0002:00000AF8       Copyright
 0001:000CC3F8       CopyStringAttribute
 0001:0005E1B0       CopyToBest
 0002:00000FD4       CoReleaseServerProcess
 0002:00000FD8       CoResumeClassObjects
 0002:00000FDC       CoSuspendClassObjects
 0001:000151E4       CoUninitialize
 0001:0000C6C8       CountChars
 0002:000038C8       CounterLock
 0001:00078F64       CountItem
 0001:000C1A64       CountOfChar
 0001:00085928       cpakmsg
 0002:00000330       CRangeToType
 0001:0000BEDC       CreateAssertException
 0001:0000C064       CreateAVObject
 0001:000060C4       CreateBitmap
 0001:000060CC       CreateBrushIndirect
 0001:000063EC       CreateCaret
 0001:000060D4       CreateCompatibleBitmap
 0001:000060DC       CreateCompatibleDC
 0001:0001BC74       CreateComponent
 0001:00081A60       CreateDateDialog
 0001:000060E4       CreateDC
 0001:000060F4       CreateDIBitmap
 0001:000060EC       CreateDIBSection
 0001:0006D0B8       CreateDisabledBitmap
 0001:0006CE50       CreateDisabledBitmapEx
 0001:00084370       CreateEllipsisGlyph
 0001:00005DF4       CreateEvent
 0001:00005DFC       CreateFile
 0001:0000022C       CreateFileA
 0001:000060FC       CreateFontIndirect
 0001:00006104       CreateHalftonePalette
 0001:0000610C       CreateIC
 0001:000063F4       CreateIcon
 0001:0000BE08       CreateInOutError
 0001:000063FC       CreateMenu
 0001:0002E6DC       CreateMessageDialog
 0001:00006114       CreatePalette
 0001:0000611C       CreatePen
 0001:00006124       CreatePenIndirect
 0001:000804E0       CreatePopupCalendar
 0001:00006404       CreatePopupMenu
 0001:0000612C       CreateRectRgn
 0001:00006134       CreateSolidBrush
 0001:00023818       CreateSystemPalette
 0001:0000028C       CreateThread
 0001:00005E04       CreateThread
 0001:00006AB0       CreateWindow
 0001:00006A58       CreateWindowEx
 0002:000007C4       CreationControl
 0002:00000C40       CreationControl
 0002:00000398       CRelationshipToBoolean
 0002:00000314       CResult
 0001:000C9020       cryptAddPrivateKey
 0001:000C9018       cryptAddPublicKey
 0001:000C8FF0       cryptAddRandom
 0001:000C9028       cryptCreateCert
 0001:000C8FB8       cryptCreateContext
 0001:000C9040       cryptCreateSession
 0001:000C9030       cryptDestroyCert
 0001:000C8FC0       cryptDestroyContext
 0001:000C9048       cryptDestroySession
 0001:000C8FB0       cryptEnd
 0001:000C9058       cryptFlushData
 0001:000C8FC8       cryptGenerateKey
 0001:000C8FE0       cryptGetAttribute
 0001:000C8FE8       cryptGetAttributeString
 0001:000C9010       cryptGetPrivateKey
 0001:000C9008       cryptGetPublicKey
 0001:000C8FA8       cryptInit
 0001:000C9000       cryptKeysetClose
 0001:000C8FF8       cryptKeysetOpen
 0001:000C9098       cryptlib
 0001:000C9060       cryptPopData
 0001:000C9050       cryptPushData
 0001:000C8FD0       cryptSetAttribute
 0001:000C8FD8       cryptSetAttributeString
 0001:000C9038       cryptSignCert
 0002:0000013C       cSimpleBoolStrs
 0002:00000344       CText
 0002:00000C2C       Ctl3DStyles
 0002:00000D3C       Ctl3DStyles
 0001:00072640       Ctrl
 0002:00003620       curAlloc
 0002:0000368C       CurrencyDecimals
 0002:00003688       CurrencyFormat
 0002:00003684       CurrencyString
 0001:0007ADB4       CurrentYear
 0001:00009E38       CurrentYear
 0001:00009770       CurrToStr
 0001:000123A0       CurrToWStrViaOS
 0002:00000F28       CursorMap
 0002:00000C50       Cursors
 0001:000484B8       CursorToIdent
 0002:00000F18       cUseAlpha
 0002:00000F20       cUseColorKey
 0002:00003FF4       CustomMonthNames
 0001:000080FC       CvtInt
 0001:00008168       CvtInt64
 0002:0000017C       CWNear
 0001:00009D34       Date
 0002:00001084       DateBitmap
 0002:0000368D       DateSeparator
 0001:0000AA50       DateTimeToStr
 0001:0000A9C4       DateTimeToString
 0001:00009C5C       DateTimeToSystemTime
 0001:0000986C       DateTimeToTimeStamp
 0001:00029A6C       DateTime_GetMonthCal
 0001:00029A50       DateTime_SetMonthCalColor
 0001:00029A34       DateTime_SetRange
 0001:00029A18       DateTime_SetSystemTime
 0001:0000AA20       DateToStr
 0001:000123D8       DateToWStrViaOS
 0001:0007B890       DateUtil
 0001:00009D0C       DayOfWeek
 0002:00001004       DaysInMonth
 0001:0007ACE8       DaysPerMonth
 0002:00001B30       DAY_DIFF
 0002:00000178       DCon10
 0002:000004D8       DDBsOnly
 0001:0001F81C       DeallocateHWnd
 0002:00000028       DebugHook
 0002:0000368B       DecimalSeparator
 0001:00009C3C       DecodeDate
 0001:00009AF0       DecodeDateFully
 0001:000C1588       DecodeInt
 0001:00009960       DecodeTime
 0001:000007BC       Decommit
 0001:00000DD8       DecommitFree
 0002:000035FC       decommittedRoot
 0001:00064F58       Default
 0001:0006A6B8       Default
 0002:00000020       Default8087CW
 0002:00000FB0       DefaultBlank
 0002:00000C44       DefaultDockTreeClass
 0002:00000034       DefaultTextLineBreakStyle
 0002:000035C0       DefaultUserCodePage
 0002:00003D50       DefaultUserCodePage
 0002:0000072C       DefBrushData
 0002:00001038       DefCompanyName
 0001:0007B65C       DefDateFormat
 0001:0007B760       DefDateMask
 0002:000004AC       DefFontData
 0001:0000640C       DefFrameProc
 0002:00000208       DefLongDayNames
 0002:000001BC       DefLongMonthNames
 0001:00006414       DefMDIChildProc
 0002:0000070C       DefPenData
 0002:000001EC       DefShortDayNames
 0002:0000018C       DefShortMonthNames
 0001:0000641C       DefWindowProc
 0001:00004DB8       DelayLoadResourceModule
 0001:000B3B4C       delDelimiter
 0001:00000478       DeleteBlock
 0001:000003E8       DeleteCriticalSection
 0001:00005E0C       DeleteCriticalSection
 0001:0000613C       DeleteDC
 0001:00006144       DeleteEnhMetaFile
 0001:00005E14       DeleteFile
 0001:00008744       DeleteFile
 0001:00000C20       DeleteFree
 0001:00006424       DeleteMenu
 0001:0000614C       DeleteObject
 0001:00043C94       DeleteSelectedText
 0001:000B4500       delHyphen
 0001:000260EC       DeselectBitmap
 0001:0000642C       DestroyCursor
 0001:00006434       DestroyIcon
 0001:0007C3F8       DestroyLocals
 0001:00034FA8       DestroyLocals
 0001:00085624       DestroyLocals
 0001:0000643C       DestroyMenu
 0001:000C1188       DestroySocketInterface
 0001:00006444       DestroyWindow
 0001:00078B20       Detector
 0001:000458A8       DialogEnumerationTester
 0001:0002D98C       DialogHook
 0001:0002EF4C       Dialogs
 0002:00000768       DIBPalSizes
 0002:00000090       dig
 0001:000B5854       disableBtn
 0001:0006237C       DisableTaskWindows
 0001:0007A340       DispatchInvoke
 0001:0007A920       DispatchInvokeError
 0001:0000644C       DispatchMessage
 0001:000685B0       DispatchShortCut
 0001:0007A93C       DispCall
 0001:0007AA20       DispCallByID
 0002:00003000       DispCallByIDProc
 0001:0007A84C       DispCallError
 0001:000786B8       DisposeStrItem
 0001:00007B80       DivMod
 0001:0002D488       Dlgs
 0001:0004E244       DoAlign
 0001:00069944       DoAlign
 0001:00074370       DoCalc
 0001:000523A0       DoCalcConstraints
 0001:000743D8       DoCalcRightToLeft
 0001:00074B60       DoChange
 0002:00003B90       DockSiteList
 0001:0005EDD0       DoClick
 0001:000734DC       DoColWidths
 0001:0004F988       DoControlMsg
 0001:0002B274       DocumentProperties
 0001:0006232C       DoDisableWindow
 0001:0004924C       DoDragOver
 0001:00007BF8       DoExitProc
 0001:00054410       DoFindControlZone
 0001:00062468       DoFindWindow
 0001:0005499C       DoFindZone
 0001:00054494       DoForEach
 0001:00055DA0       DoGetNextLimit
 0001:000622F4       DoneApplication
 0001:00056B00       DoneControls
 0001:0000C390       DoneExceptions
 0001:0006692C       DoNestedActivation
 0001:0001DF34       DoneThreadSynchronization
 0001:00069794       DoPosition
 0001:0004DE04       DoPosition
 0001:000553C8       DoPrune
 0001:00030838       DoRect
 0001:00073520       DoRowHeights
 0001:000558A0       DoSaveZone
 0001:00055AA4       DoSetNewBounds
 0001:00072F84       DoSizeAdjust
 0001:000B2408       DoTrackMouse
 0002:000003B4       DotSep
 0001:00076200       DoUpdate
 0002:00000A44       DownStyles
 0001:00059720       DoWrite
 0001:000244A8       DoWrite
 0001:00025208       DoWrite
 0001:000190F4       DoWrite
 0001:0004EF70       DoWriteDesignSize
 0001:0004C8C8       DoWriteIsControl
 0002:00003B74       DragCapture
 0002:00003B68       DragControl
 0001:00049994       DragDone
 0001:000491FC       DragFindTarget
 0001:000491D0       DragFindWindow
 0002:00003B8C       DragImageList
 0001:000495EC       DragInit
 0001:0004975C       DragInitControl
 0002:00003B70       DragInternalObject
 0001:00049118       DragMessage
 0002:00003B6C       DragObject
 0002:00003B98       DragSave
 0002:00003B80       DragSaveCursor
 0002:00003B78       DragStartPos
 0002:00003B84       DragThreshold
 0001:0004931C       DragTo
 0001:0006A6F4       DrawAppIcon
 0001:00093978       DrawArrow
 0001:000738C8       DrawAxisLines
 0001:000A8D6C       DrawBGbmp
 0002:00000FAC       DrawBitmap
 0001:0007DBEC       DrawButtonFrame
 0001:00073B40       DrawCells
 0001:00054F34       DrawCloseButton
 0001:00006454       DrawEdge
 0001:0000645C       DrawFocusRect
 0001:00006464       DrawFrameControl
 0001:00054F8C       DrawGrabberLine
 0001:0000646C       DrawIcon
 0001:00006474       DrawIconEx
 0002:00000D78       DrawingStyles
 0001:000A9928       DrawItemRight
 0001:00073AB0       DrawLines
 0001:0007D0DC       DrawMark
 0001:0000647C       DrawMenuBar
 0001:00060110       DrawMenuItem
 0001:000AB204       DrawParentImage
 0001:000AAE10       DrawRect1
 0001:000AA668       DrawRect2
 0001:000AAF34       DrawRect3
 0001:000AB070       DrawRectH
 0001:000AA710       DrawRectTile
 0001:00006484       DrawText
 0001:0000648C       DrawTextA
 0001:00006494       DrawTextW
 0002:00003990       DrawThemeBackground
 0002:000039B4       DrawThemeEdge
 0002:000039B8       DrawThemeIcon
 0002:00003A3C       DrawThemeParentBackground
 0002:00003994       DrawThemeText
 0001:000AB308       DrawTranmap
 0001:00086E48       Drehen270Grad
 0001:00086FB0       Drehen90Grad
 0001:0006D4A4       DropHookList
 0001:000232E8       DupBits
 0001:00004B78       DynArrayClear
 0001:00004B80       DynArraySetLength
 0002:00001088       d_code
 0002:00001188       d_len
 0002:00000E70       EdgeStyle
 0002:00000D2C       EdgeStyles
 0002:00000C1C       EdgeStyles
 0001:0000BDDC       EHeapException.FreeInstance
 0001:000B6588       EIdProtocolReplyError.CreateError
 0001:000B65D0       EIdSocketError.CreateError
 0001:000B6980       EIdWS2StubError.Build
 0001:00006154       Ellipse
 0002:00000A9C       Empty
 0002:00000BA0       Empty
 0001:0000649C       EmptyClipboard
 0002:00003800       EmptyParam
 0002:000000C0       EmptyStr
 0002:000000C4       EmptyWideStr
 0001:000064A4       EnableMenuItem
 0002:00000E08       Enables
 0001:000064AC       EnableScrollBar
 0001:00062430       EnableTaskWindows
 0002:00003A24       EnableThemeDialogTexture
 0002:00003A40       EnableTheming
 0001:000064B4       EnableWindow
 0001:000C1DA4       Encode3to4
 0001:000C1EDC       EncodeBase64
 0001:00009AC0       EncodeDate
 0001:00009920       EncodeTime
 0001:0000615C       EndDoc
 0001:00017B88       EndGlobalLoading
 0001:00006164       EndPage
 0001:000064BC       EndPaint
 0001:00003838       EndThread
 0001:00005E1C       EnterCriticalSection
 0001:000003D8       EnterCriticalSection
 0001:00005E24       EnumCalendarInfoA
 0001:000064C4       EnumClipboardFormats
 0002:00003924       EnumDisplayMonitors
 0001:0000B620       EnumEraNames
 0001:0000B65C       EnumEraYearOffsets
 0001:0006551C       EnumMonitorsProc
 0001:0002B27C       EnumPrinters
 0001:00005264       EnumResourceModules
 0001:0000526C       EnumResourceModules
 0001:000084EC       EnumStringModules
 0001:000064CC       EnumThreadWindows
 0001:0001B424       EnumValue
 0001:000064D4       EnumWindows
 0001:0007A070       EOleException.Create
 0001:00079FA0       EOleSysError.Create
 0001:000064DC       EqualRect
 0002:00003754       EraNames
 0001:0000ACDC       EraToYear
 0002:00003770       EraYearOffsets
 0002:00000068       errCaption
 0001:00001898       Error
 0001:0001AC08       Error
 0001:00017110       Error
 0001:0005AE10       Error
 0002:00000004       ErrorAddr
 0001:0000184C       ErrorAt
 0001:0000BE88       ErrorHandler
 0002:00000224       ErrorMap
 0002:00003008       ErrorProc
 0002:000033E8       ErrOutput
 0002:00003D78       EvHandler
 0001:000017EC       ExceptAddr
 0002:0000300C       ExceptClsProc
 0001:0000C2FC       ExceptHandler
 0001:0000BC08       Exception.Create
 0001:0000BC44       Exception.CreateFmt
 0001:0000BD94       Exception.CreateHelp
 0001:0000BCC4       Exception.CreateRes
 0001:0000BD00       Exception.CreateResFmt
 0002:0000301C       ExceptionClass
 0001:0000B9B8       ExceptionErrorMessage
 0002:0000025C       ExceptMap
 0001:000017CC       ExceptObject
 0002:00003010       ExceptObjProc
 0002:00003004       ExceptProc
 0001:0000616C       ExcludeClipRect
 0002:00000000       ExitCode
 0001:00003610       ExitDll
 0002:00003048       ExitProc
 0001:0000029C       ExitProcess
 0002:00003028       ExitProcessProc
 0002:00000138       ExitProcList
 0001:00000294       ExitThread
 0001:00078888       ExpandDir
 0001:0000885C       ExpandFileName
 0001:000C2DE8       ExpandIP6
 0001:0007AF38       ExpandYear
 0001:00036210       ExtActns
 0001:00006174       ExtCreatePen
 0001:0000617C       ExtCreateRegion
 0001:00032194       ExtCtrls
 0001:000350D0       ExtDlgs
 0001:00008814       ExtractFileExt
 0001:000087DC       ExtractFileName
 0001:0007B2E8       ExtractMask
 0001:00006184       ExtTextOut
 0002:00003790       FalseBoolStrs
 0001:000BEEAC       fbgetvals
 0001:000BEEBC       fbget_fbsize
 0001:000BEEB4       fbinit
 0001:000BEEA4       fbput
 0002:0000104C       FCheckBitmap
 0002:00003C88       FCheckHeight
 0002:00003C84       FCheckWidth
 0002:00003AC0       FClipboard
 0002:0000016C       FCon1E18
 0001:000BFE98       FD_SET
 0001:000BFEA8       FD_ZERO
 0001:000B8F74       Fetch
 0001:000C1930       Fetch
 0001:000C18B8       FetchBin
 0001:000B8E8C       FetchCaseInsensitive
 0001:0002B384       FetchStr
 0002:00003F6C       FIdPorts
 0001:000086CC       FileAge
 0002:00001080       FileBitmap
 0001:000086C4       FileClose
 0001:0000862C       FileCreate
 0001:00008608       FileCreate
 0001:0007B934       FileCtrl
 0001:00008734       FileExists
 0002:00000760       FileFormats
 0002:00000008       FileMode
 0001:00001C64       FileNOPProc
 0001:000085B0       FileOpen
 0001:00008634       FileRead
 0002:000003F0       FilerSignature
 0001:0000868C       FileSeek
 0001:00005E2C       FileTimeToDosDateTime
 0001:00005E34       FileTimeToLocalFileTime
 0001:0007B9E8       FileUtil
 0001:00008660       FileWrite
 0001:00000D08       FillAfterGap
 0001:00000CB4       FillBeforeGap
 0001:0008CA0C       FillColor
 0001:00073874       FillDWord
 0001:00000DA0       FillerSizeAfterGap
 0001:00000D30       FillerSizeBeforeGap
 0001:000064E4       FillRect
 0002:00000A4C       FillStyles
 0001:00015208       Finalization
 0001:000B9D8C       Finalization
 0001:000B9C90       Finalization
 0001:000B90D4       Finalization
 0001:00015150       Finalization
 0001:000B8B7C       Finalization
 0001:000B8B0C       Finalization
 0001:00014298       Finalization
 0001:000B7A30       Finalization
 0001:000B79E8       Finalization
 0001:0000E548       Finalization
 0001:000B68D0       Finalization
 0001:000B6618       Finalization
 0001:000B5984       Finalization
 0001:000BA078       Finalization
 0001:000B3AB0       Finalization
 0001:000B2E4C       Finalization
 0001:000B2434       Finalization
 0001:0001402C       Finalization
 0001:000328F0       Finalization
 0001:000AB4A0       Finalization
 0001:000BA688       Finalization
 0001:0009D470       Finalization
 0001:0008A088       Finalization
 0001:000BAF94       Finalization
 0001:00088824       Finalization
 0001:00087F88       Finalization
 0001:000C121C       Finalization
 0001:00087F38       Finalization
 0001:00087708       Finalization
 0001:000BB338       Finalization
 0001:0000DB8C       Finalization
 0001:00086B9C       Finalization
 0001:0002D370       Finalization
 0001:000BB494       Finalization
 0001:000BB86C       Finalization
 0001:00086B64       Finalization
 0001:0008620C       Finalization
 0001:000858F8       Finalization
 0001:000C1C78       Finalization
 0001:000858B8       Finalization
 0001:00085648       Finalization
 0001:0003285C       Finalization
 0001:000BB8A4       Finalization
 0001:00081CA4       Finalization
 0001:0007EFA0       Finalization
 0001:00035040       Finalization
 0001:0007BA84       Finalization
 0001:0007BA40       Finalization
 0001:0007B9F0       Finalization
 0001:0007B9B8       Finalization
 0001:000350A0       Finalization
 0001:0007B974       Finalization
 0001:0007B93C       Finalization
 0001:0007B904       Finalization
 0001:0007B860       Finalization
 0001:0007AB74       Finalization
 0001:000BC3FC       Finalization
 0001:00079DAC       Finalization
 0001:00079D54       Finalization
 0001:00079BE8       Finalization
 0001:000BC434       Finalization
 0001:000BC46C       Finalization
 0001:000BCCE0       Finalization
 0001:000C2A70       Finalization
 0001:000708E0       Finalization
 0001:000BE94C       Finalization
 0001:0006DEF8       Finalization
 0001:0001F844       Finalization
 0001:0003609C       Finalization
 0001:0001FC88       Finalization
 0001:00036104       Finalization
 0001:0006D4B8       Finalization
 0001:0006D46C       Finalization
 0001:0006D42C       Finalization
 0001:0006CB2C       Finalization
 0001:0006CA94       Finalization
 0001:0006CA5C       Finalization
 0001:0006C9AC       Finalization
 0001:000BEDEC       Finalization
 0001:00005994       Finalization
 0001:000BEE64       Finalization
 0001:000603EC       Finalization
 0001:000C32A4       Finalization
 0001:00005BC4       Finalization
 0001:0002D458       Finalization
 0001:000C8EC0       Finalization
 0001:00059E70       Finalization
 0001:00005CB4       Finalization
 0001:000580A0       Finalization
 0001:00056D70       Finalization
 0001:0002EEF0       Finalization
 0001:0002D420       Finalization
 0001:000C9068       Finalization
 0001:000C9FA4       Finalization
 0001:000BFE38       Finalization
 0001:000CA010       Finalization
 0001:0003221C       Finalization
 0001:00029338       Finalization
 0001:00029550       Finalization
 0001:000BEEC4       Finalization
 0001:00029808       Finalization
 0001:00029A7C       Finalization
 0001:00045B20       Finalization
 0001:0002A1FC       Finalization
 0001:000CCE64       Finalization
 0001:0002A23C       Finalization
 0001:00044E9C       Finalization
 0001:00044D34       Finalization
 0001:0002B224       Finalization
 0001:0003214C       Finalization
 0001:0002B28C       Finalization
 0001:0003E04C       Finalization
 0001:0003D404       Finalization
 0001:0002D3E0       Finalization
 0001:0002C3CC       Finalization
 0001:0002C6F0       Finalization
 0001:000CD4BC       Finalization
 0001:00036218       Finalization
 0001:0002C89C       Finalization
 0001:0002D3A8       Finalization
 0001:000CDC20       Finalization
 0001:00006F78       Finalization
 0001:000361C0       Finalization
 0001:0002D220       Finalization
 0001:00006C38       Finalization
 0001:0002D290       Finalization
 0001:000CF04C       Finalization
 0001:00006C00       Finalization
 0001:0002D2C8       Finalization
 0001:00036168       Finalization
 0001:0002D300       Finalization
 0001:000CF084       Finalization
 0001:0002D338       Finalization
 0001:000BFDF8       Finalization
 0001:00004B70       FinalizeArray
 0001:00003444       FinalizeUnits
 0001:0005EB90       Find
 0001:00004E28       FindBS
 0001:0009EB44       FindButton
 0001:0001762C       FindClass
 0001:00004DB0       FindClassHInstance
 0001:00005E3C       FindClose
 0001:000002AC       FindClose
 0001:00000C84       FindCommitted
 0001:00048298       FindControl
 0001:00054BC8       FindControlAtPos
 0001:000B099C       FindControlx
 0001:00013F3C       FindCustomVariantType
 0001:00013E84       FindCustomVariantType
 0001:00088E94       FindData
 0001:00049CB8       FindDragTarget
 0001:0001BE24       FindExistingComponent
 0001:00005E44       FindFirstFile
 0001:000002B4       FindFirstFile
 0001:00017A18       FindGlobalComponent
 0001:00062574       FindGlobalComponent
 0002:00003864       FindGlobalComponentProcs
 0001:00087238       FindGradient
 0001:00004D88       FindHInstance
 0001:000178C0       FindIdentToInt
 0002:00003A80       FindMsg
 0001:0001AFB4       FindNestedComponent
 0001:00088E28       FindOnlyThisForm
 0001:0005ADD8       FindPopupControl
 0001:0000E210       FindProc
 0001:00014428       FindPropInfo
 0001:00005E4C       FindResource
 0001:00004E00       FindResourceHInstance
 0001:0006C200       FindScanline
 0001:00008528       FindStringResource
 0001:000624CC       FindTopMostWindow
 0001:0001CD08       FindUniqueName
 0001:00013AE4       FindVarData
 0001:00049C84       FindVCLWindow
 0001:000064EC       FindWindow
 0001:000064F4       FindWindowEx
 0001:00045900       FindWinHelp
 0001:0008A06C       Fini
 0001:000264E4       FixupBitFields
 0002:00000E80       Flags
 0002:000037A0       FLanguages
 0001:0002C720       FlatSB
 0002:00003950       FlatSB_EnableScrollBar
 0002:0000395C       FlatSB_GetScrollInfo
 0002:00003960       FlatSB_GetScrollPos
 0002:00003958       FlatSB_GetScrollRange
 0002:00003968       FlatSB_SetScrollInfo
 0002:00003964       FlatSB_SetScrollPos
 0001:0002C410       FlatSB_SetScrollProp
 0002:0000396C       FlatSB_SetScrollRange
 0002:00003954       FlatSB_ShowScrollBar
 0001:000BEE9C       Fldid
 0001:00009400       FloatToDecimal
 0001:00009740       FloatToStr
 0001:0000912C       FloatToText
 0001:00001F30       Flush
 0001:000BEEF4       Fml
 0002:00000180       FMSecsPerDay
 0001:00009028       FmtStr
 0002:00000E9C       FocusCount
 0002:00000E98       FocusMessages
 0002:0000067C       FontCharsets
 0002:000038E0       FontManager
 0001:0007F00C       FontSetDefault
 0001:00062548       ForegroundTask
 0002:00000188       Format
 0001:00009014       Format
 0001:00008C1C       FormatBuf
 0001:00008C10       FormatClearStr
 0001:0000AA64       FormatDateTime
 0001:00008B94       FormatError
 0002:00000164       FormatErrorStrs
 0001:00005E54       FormatMessage
 0002:00000AEC       Formats
 0001:00008BEC       FormatVarToStr
 0001:0006CA08       Forms
 0001:00072624       ForwardMovement
 0002:00003C50       FourDigitYear
 0001:000025B8       FPower10
 0002:000007B8       FPrinter
 0001:000308FC       Frame3D
 0001:000064FC       FrameRect
 0002:000019A4       FreeAddrInfo
 0001:0000D76C       FreeAndNil
 0001:000009F0       FreeCommitted
 0001:00000F10       FreeCurAlloc
 0001:00049D78       FreeDeviceContext
 0001:00049E34       FreeDeviceContexts
 0001:0001F610       FreeIntConstList
 0001:00079650       FreeItem
 0001:000002BC       FreeLibrary
 0001:00005E5C       FreeLibrary
 0001:00026040       FreeMemoryContexts
 0001:0001F744       FreeObjectInstance
 0001:00062608       FreeObjectInstance
 0001:00005E7C       FreeResource
 0001:00000670       FreeSpace
 0001:0000D2D8       FreeTerminateProcs
 0001:0002C8D4       FreeThemeLibrary
 0002:00003B20       FRichEditModule
 0002:000041D8       frm_bsysprv
 0002:000041E8       frm_LANDPRT
 0002:000041F8       frm_LOSTB560L
 0001:000B5708       fSetIcon
 0002:000018F0       GAntiFreeze
 0001:0007B96C       Gauges
 0001:000232D8       GDICheck
 0001:00023230       GDIError
 0001:0000618C       GdiFlush
 0001:00001B40       Get8087CW
 0002:00003F44       GetAcceptExSockaddrs
 0001:00005E84       GetACP
 0001:00006504       GetActiveWindow
 0001:000C0088       GetAddr
 0002:000019A0       GetAddrInfo
 0001:00069E20       GetAnimation
 0001:0002E038       GetAveCharSize
 0001:00006194       GetBitmapBits
 0001:000003F0       GetBlockDesc
 0001:0000619C       GetBrushOrgEx
 0001:00006A10       GetBValue
 0001:0000650C       GetCapture
 0001:000485B4       GetCaptureControl
 0001:00006514       GetCaretPos
 0001:000856F0       GetCheckSize
 0001:000175D8       GetClass
 0001:0000651C       GetClassInfo
 0001:00006524       GetClassName
 0001:0000652C       GetClientRect
 0001:00006534       GetClipboardData
 0001:00024CAC       GetClipboardFormats
 0001:000061A4       GetClipBox
 0001:0000038C       GetCmdShow
 0001:000582F8       GetColor
 0001:00038D1C       GetComCtlVersion
 0001:000002C4       GetCommandLine
 0001:0000083C       GetCommitted
 0001:000008CC       GetCommittedAt
 0001:0004F53C       GetControlAtPos
 0001:00009EFC       GetCount
 0001:00005E8C       GetCPInfo
 0001:000061AC       GetCurrentObject
 0001:000061B4       GetCurrentPositionEx
 0001:00005E94       GetCurrentProcessId
 0002:00003A34       GetCurrentThemeName
 0001:0000037C       GetCurrentThreadId
 0001:00005E9C       GetCurrentThreadId
 0001:0000698C       GetCurrentTime
 0001:0000653C       GetCursor
 0001:0006C210       GetCursorHeightMargin
 0001:00006544       GetCursorPos
 0001:00009F28       GetDate
 0001:00005EA4       GetDateFormat
 0001:0000ABF4       GetDateOrder
 0001:0007AEEC       GetDateOrder
 0001:0000654C       GetDC
 0001:00006554       GetDCEx
 0001:000061BC       GetDCOrgEx
 0001:00028F48       GetDefFontCharSet
 0001:0001873C       GetDesigner
 0001:0000655C       GetDesktopWindow
 0001:000061D4       GetDeviceCaps
 0001:00024238       GetDIB
 0001:000061C4       GetDIBColorTable
 0001:000061CC       GetDIBits
 0001:00024180       GetDIBSizes
 0001:00023448       GetDInColors
 0001:000B3C30       getDirPath
 0001:0009D20C       GetDisableImg
 0001:00005EAC       GetDiskFreeSpaceA
 0002:00000134       GetDiskFreeSpaceEx
 0001:00006564       GetDlgCtrlID
 0001:00055E80       GetDockAlign
 0001:00048F5C       GetDockSiteAtPos
 0001:0000656C       GetDoubleClickTime
 0001:00049288       GetDropCtl
 0001:000CA280       GetDWORD
 0001:00002C38       GetDynaMethod
 0001:000061DC       GetEnhMetaFileBits
 0001:000061E4       GetEnhMetaFileHeader
 0001:000061EC       GetEnhMetaFilePaletteEntries
 0001:000144AC       GetEnumName
 0001:00014584       GetEnumNameValue
 0001:00014800       GetEnumProp
 0001:0008CDA8       GetEnumProperty
 0001:000145D0       GetEnumValue
 0001:0000B6D4       GetEraNamesAndYearOffsets
 0001:0000AC88       GetEraYearOffset
 0001:000151F4       GetErrorInfo
 0001:0000C04C       GetExceptionClass
 0001:0000C230       GetExceptionObject
 0001:00005EB4       GetExitCodeThread
 0001:000B805C       GetFDSet
 0001:00017560       GetFieldClassTable
 0001:00005EBC       GetFileAttributes
 0001:00024C8C       GetFileFormats
 0001:00005EC4       GetFileSize
 0001:0000023C       GetFileSize
 0001:00000234       GetFileType
 0001:0000C4A0       GetFileVersion
 0001:00006094       GetFileVersionInfo
 0001:0000609C       GetFileVersionInfoSize
 0001:000B3D74       getFinalName
 0001:000CA394       GetFixedPacketField
 0001:00006574       GetFocus
 0001:000217A8       GetFontData
 0001:0000657C       GetForegroundWindow
 0001:0000CD5C       GetFormatSettings
 0001:0008C254       GetFormCaption
 0001:0009F070       GetFormCaption
 0001:0009F138       GetFormCaptionA
 0001:00005ECC       GetFullPathName
 0001:000873F0       GetGradient
 0001:00006A0C       GetGValue
 0001:00020D14       GetHashCode
 0001:00067308       GetHelpInfo
 0001:0002A6BC       GetHelpSystem
 0001:00069C04       GetHint
 0001:00069C3C       GetHintControl
 0001:000AA974       GetHMap
 0002:0000193C       GetHostByAddr
 0002:00003DEC       gethostbyaddr
 0002:00003DF0       gethostbyname
 0002:00001938       GetHostByName
 0002:00003DF4       gethostname
 0001:000BFF58       GetHostName
 0001:0006028C       GetHotkey
 0001:00087574       GetHSV
 0001:00006584       GetIconInfo
 0001:0007A6B8       GetIDsOfNames
 0001:0008CD24       GetIntProperty
 0001:0000659C       GetKeyboardLayout
 0001:000065A4       GetKeyboardLayoutList
 0001:000065AC       GetKeyboardState
 0001:000028A4       GetKeyboardType
 0001:0000658C       GetKeyNameText
 0001:00006594       GetKeyState
 0001:000065B4       GetLastActivePopup
 0001:00054148       GetLastChildZone
 0001:00005ED4       GetLastError
 0001:000002CC       GetLastError
 0001:0000B498       GetLocaleChar
 0001:000002D4       GetLocaleInfo
 0001:00005EE4       GetLocaleInfo
 0001:0000B44C       GetLocaleStr
 0001:00005EDC       GetLocalTime
 0001:0004851C       GetLongHint
 0001:00014AC4       GetLongStrProp
 0001:000065BC       GetMenu
 0001:00067290       GetMenuHelpContext
 0001:000065C4       GetMenuItemCount
 0001:000065CC       GetMenuItemID
 0001:000065D4       GetMenuItemInfo
 0001:0005D3DC       GetMenuSize
 0001:000065DC       GetMenuState
 0001:000065E4       GetMenuString
 0001:000065EC       GetMessageTime
 0001:000002DC       GetModuleFileName
 0001:00005EEC       GetModuleFileName
 0001:000002E4       GetModuleHandle
 0001:00005ABC       GetModuleHandle
 0001:00005EF4       GetModuleHandle
 0002:00003918       GetMonitorInfo
 0002:0000391C       GetMonitorInfoA
 0002:00003920       GetMonitorInfoW
 0001:0000B4FC       GetMonthDayNames
 0002:000019A8       GetNameInfo
 0001:000065F4       GetNextWindow
 0001:000061F4       GetObject
 0001:0001447C       GetObjectProp
 0001:00014988       GetObjectProp
 0001:0008CF30       GetObjProp
 0001:00014730       GetOrdProp
 0001:000061FC       GetPaletteEntries
 0001:00001978       GetParamStr
 0001:000065FC       GetParent
 0001:0006275C       GetParentForm
 0001:000BFF30       GetPeerName
 0002:00003DA4       getpeername
 0001:00006204       GetPixel
 0001:0002DC64       GetPrinter
 0001:00005EFC       GetPrivateProfileString
 0001:00005F04       GetProcAddress
 0001:000002EC       GetProcAddress
 0001:00005F0C       GetProfileString
 0001:00006604       GetProp
 0001:000143E8       GetPropInfo
 0001:000146A4       GetPropInfo
 0001:00014634       GetPropInfo
 0001:00014408       GetPropInfo
 0001:000146DC       GetPropInfos
 0002:00001930       GetProtoByName
 0002:00003E04       getprotobyname
 0002:00003E00       getprotobynumber
 0002:00001934       GetProtoByNumber
 0001:00062C1C       GetRealScrollPosition
 0001:000582D8       GetRGBColor
 0001:00006A08       GetRValue
 0001:0000660C       GetScrollInfo
 0001:00006614       GetScrollPos
 0001:0000661C       GetScrollRange
 0002:00001928       GetServByName
 0002:00003DFC       getservbyname
 0002:0000192C       GetServByPort
 0002:00003DF8       getservbyport
 0001:00014874       GetSetProp
 0001:00014450       GetSetProp
 0001:000484D8       GetShortHint
 0001:000149BC       GetShortStrProp
 0001:00014A54       GetShortStrPropAsLongStr
 0001:000C0450       GetSinIP
 0001:000C0530       GetSinPort
 0002:00003DA8       getsockname
 0001:000BFF08       GetSockName
 0002:0000194C       GetSockOpt
 0002:00003DAC       getsockopt
 0001:00000594       GetSpace
 0001:000005F8       GetSpaceAt
 0001:0005AE68       GetSpecialName
 0001:000002F4       GetStartupInfo
 0001:00005F14       GetStdHandle
 0001:00000244       GetStdHandle
 0001:0000620C       GetStockObject
 0001:000CA480       GetStringPacketField
 0001:0008CE80       GetStringProp
 0001:00005F1C       GetStringTypeEx
 0001:00014BF4       GetStrProp
 0001:00006624       GetSubMenu
 0001:0000662C       GetSysColor
 0001:00006634       GetSysColorBrush
 0001:00005F24       GetSystemInfo
 0001:0000663C       GetSystemMenu
 0001:00006644       GetSystemMetrics
 0002:00003908       GetSystemMetrics
 0001:00006214       GetSystemPaletteEntries
 0001:000C1B78       GetTempFile
 0001:00005F2C       GetTempFileName
 0001:00005F34       GetTempPath
 0001:00006224       GetTextExtentPoint
 0001:0000621C       GetTextExtentPoint32
 0001:0000622C       GetTextMetrics
 0002:00003A2C       GetThemeAppProperties
 0002:00003998       GetThemeBackgroundContentRect
 0002:0000399C       GetThemeBackgroundExtent
 0002:000039AC       GetThemeBackgroundRegion
 0002:000039D0       GetThemeBool
 0002:000039C4       GetThemeColor
 0002:00003A38       GetThemeDocumentationProperty
 0002:000039D8       GetThemeEnumValue
 0002:000039F8       GetThemeFilename
 0002:000039E0       GetThemeFont
 0002:000039D4       GetThemeInt
 0002:000039EC       GetThemeIntList
 0002:000039E8       GetThemeMargins
 0002:000039C8       GetThemeMetric
 0002:000039A0       GetThemePartSize
 0002:000039DC       GetThemePosition
 0002:000039F0       GetThemePropertyOrigin
 0002:000039E4       GetThemeRect
 0002:000039CC       GetThemeString
 0002:00003A04       GetThemeSysBool
 0002:000039FC       GetThemeSysColor
 0002:00003A00       GetThemeSysColorBrush
 0002:00003A0C       GetThemeSysFont
 0002:00003A14       GetThemeSysInt
 0002:00003A08       GetThemeSysSize
 0002:00003A10       GetThemeSysString
 0002:000039A4       GetThemeTextExtent
 0002:000039A8       GetThemeTextMetrics
 0001:000002FC       GetThreadLocale
 0001:00005F3C       GetThreadLocale
 0001:000C14E0       GetTick
 0001:00005F44       GetTickCount
 0001:00009F60       GetTime
 0001:00005AE8       GetTlsSize
 0001:0006A3D0       GetTopMostWindows
 0001:000486BC       GetTopParent
 0001:0000664C       GetTopWindow
 0001:000BEE24       gettperrno
 0001:000144A0       GetTypeData
 0001:00006654       GetUpdateRect
 0001:00005F4C       GetVersion
 0001:00000384       GetVersion
 0001:00005F54       GetVersionEx
 0001:00006234       GetViewportOrgEx
 0001:00014C60       GetWideStrProp
 0001:0008CE78       GetWideStrProp
 0001:00014B44       GetWideStrPropAsLongStr
 0001:0000665C       GetWindow
 0001:000A3DC8       GetWindowClassname
 0001:00006664       GetWindowDC
 0001:0000666C       GetWindowLong
 0001:00006674       GetWindowLongW
 0001:00006244       GetWindowOrgEx
 0001:0000667C       GetWindowPlacement
 0001:00006684       GetWindowRect
 0001:0000668C       GetWindowText
 0001:0000669C       GetWindowTextLengthW
 0001:00006694       GetWindowTextW
 0002:00003A20       GetWindowTheme
 0001:000066A4       GetWindowThreadProcessId
 0001:000066AC       GetWindowThreadProcessId
 0001:0000623C       GetWinMetaFileBits
 0002:00001918       GInstanceCount
 0001:00005F5C       GlobalAddAtom
 0001:00005F64       GlobalAlloc
 0001:000069A0       GlobalAllocPtr
 0001:00005F6C       GlobalDeleteAtom
 0001:00005F74       GlobalFindAtom
 0002:00003868       GlobalFixupList
 0001:0001B0FC       GlobalFixupReferences
 0001:00005F7C       GlobalFree
 0001:000069CC       GlobalFreePtr
 0001:00005F8C       GlobalHandle
 0001:00005F84       GlobalLock
 0002:0000384C       GlobalNameSpace
 0001:00005F94       GlobalReAlloc
 0001:000069B0       GlobalReAllocPtr
[...]
   360 0001:000C99EA   361 0001:000C99F3   364 0001:000C9A04   366 0001:000C9A17
   369 0001:000C9A40   370 0001:000C9A4E   372 0001:000C9A71   374 0001:000C9A85
   377 0001:000C9A96   378 0001:000C9ABF   381 0001:000C9AD4   382 0001:000C9AD8
   383 0001:000C9ADA   384 0001:000C9AE1   385 0001:000C9AE7   386 0001:000C9AEC
   387 0001:000C9AF0   388 0001:000C9AF6   389 0001:000C9B00   392 0001:000C9B04
   393 0001:000C9B0C   394 0001:000C9B0E   395 0001:000C9B15   396 0001:000C9B23
   398 0001:000C9B27   399 0001:000C9B30   402 0001:000C9B34   403 0001:000C9B38
   404 0001:000C9B3A   406 0001:000C9B46   408 0001:000C9B53   410 0001:000C9B78
   412 0001:000C9B95   413 0001:000C9B99   414 0001:000C9B9B   416 0001:000C9BA5
   419 0001:000C9BA8   420 0001:000C9BAC   421 0001:000C9BAE   423 0001:000C9BBA
   425 0001:000C9BC7   427 0001:000C9BEC   429 0001:000C9C09   430 0001:000C9C0D
   431 0001:000C9C0F   433 0001:000C9C19   437 0001:000C9C1C   438 0001:000C9C21
   441 0001:000C9C24   442 0001:000C9C27   443 0001:000C9C2E   444 0001:000C9C3B
   445 0001:000C9C42   446 0001:000C9C4A   447 0001:000C9C4C   452 0001:000C9C50
   453 0001:000C9C5A   454 0001:000C9C5F   455 0001:000C9C67   456 0001:000C9C7C
   457 0001:000C9C85   458 0001:000C9C88   463 0001:000C9C90   464 0001:000C9CAC
   465 0001:000C9CB1   466 0001:000C9CB9   467 0001:000C9CC5   468 0001:000C9CDA
   469 0001:000C9CE6   470 0001:000C9CF0   471 0001:000C9CFC   472 0001:000C9D0B
   473 0001:000C9D2C   477 0001:000C9D34   478 0001:000C9D3C   483 0001:000C9D40
   484 0001:000C9D48   485 0001:000C9D4F   487 0001:000C9D56   488 0001:000C9D62
   489 0001:000C9D71   491 0001:000C9D80   493 0001:000C9D8E   495 0001:000C9D9C
   497 0001:000C9DA8   498 0001:000C9DAD   500 0001:000C9DB9   502 0001:000C9DC7
   504 0001:000C9DD3   509 0001:000C9E28   510 0001:000C9E2F   511 0001:000C9E36
   513 0001:000C9E3D   514 0001:000C9E49   515 0001:000C9E5A   516 0001:000C9E6B
   517 0001:000C9E74   522 0001:000C9E78   523 0001:000C9E7F   524 0001:000C9E86
   526 0001:000C9E8D   527 0001:000C9E99   528 0001:000C9EAA   529 0001:000C9EBB
   530 0001:000C9EC4   535 0001:000C9EC8   536 0001:000C9ECF   537 0001:000C9ED6
   539 0001:000C9EDD   540 0001:000C9EE9   541 0001:000C9EFA   542 0001:000C9F0B
   543 0001:000C9F14   548 0001:000C9F18   549 0001:000C9F37   550 0001:000C9F3E
   552 0001:000C9F45   553 0001:000C9F54   554 0001:000C9F64   555 0001:000C9F78
   556 0001:000C9F9E   566 0001:000C9FA4   568 0001:000C9FD7   560 0001:000C9FDC
   561 0001:000C9FE5   562 0001:000C9FEE   563 0001:000C9FFB   565 0001:000CA004

Line numbers for SimpleSFTP(SimpleSFTP.pas) segment .text

   392 0001:000CA180   393 0001:000CA186   394 0001:000CA1C1   401 0001:000CA1C8
   402 0001:000CA1D1   403 0001:000CA1DA   404 0001:000CA1EA   408 0001:000CA1F0
   410 0001:000CA221   413 0001:000CA224   414 0001:000CA22A   415 0001:000CA23C
   416 0001:000CA254   419 0001:000CA25C   420 0001:000CA263   421 0001:000CA26E
   422 0001:000CA27C   426 0001:000CA280   427 0001:000CA287   431 0001:000CA288
   432 0001:000CA2A6   433 0001:000CA2AF   434 0001:000CA2BD   436 0001:000CA2C8
   437 0001:000CA2F2   439 0001:000CA31F   442 0001:000CA328   443 0001:000CA34F
   444 0001:000CA38E   449 0001:000CA394   450 0001:000CA3BD   453 0001:000CA3CB
   454 0001:000CA3E1   458 0001:000CA3F2   459 0001:000CA408   460 0001:000CA41A
   461 0001:000CA430   463 0001:000CA441   465 0001:000CA458   466 0001:000CA477
   470 0001:000CA480   471 0001:000CA4A4   472 0001:000CA4B9   473 0001:000CA4BC
   474 0001:000CA4C5   475 0001:000CA4E3   476 0001:000CA502   484 0001:000CA508
   485 0001:000CA51A   486 0001:000CA523   487 0001:000CA549   490 0001:000CA54C
   491 0001:000CA557   492 0001:000CA55E   493 0001:000CA566   494 0001:000CA57D
   497 0001:000CA580   498 0001:000CA586   499 0001:000CA590   503 0001:000CA594
   504 0001:000CA598   505 0001:000CA5B3   509 0001:000CA5B8   510 0001:000CA5BE
   514 0001:000CA5C0   515 0001:000CA5F3   516 0001:000CA605   517 0001:000CA615
   518 0001:000CA642   521 0001:000CA64C   522 0001:000CA652   523 0001:000CA667
   524 0001:000CA671   541 0001:000CA674   542 0001:000CA687   543 0001:000CA690
   544 0001:000CA6A7   545 0001:000CA6AB   546 0001:000CA6B2   547 0001:000CA6D0
   550 0001:000CA6D4   551 0001:000CA6E8   552 0001:000CA6F0   553 0001:000CA6FE
   555 0001:000CA718   556 0001:000CA71D   557 0001:000CA739   560 0001:000CA740
   561 0001:000CA764   562 0001:000CA782   563 0001:000CA7B8   566 0001:000CA7D4
   567 0001:000CA7D7   568 0001:000CA7DE   569 0001:000CA7E5   570 0001:000CA7F2
   571 0001:000CA7F9   572 0001:000CA806   573 0001:000CA813   577 0001:000CA83C
   578 0001:000CA87C   579 0001:000CA886   580 0001:000CA894   582 0001:000CA89F
   583 0001:000CA8A3   585 0001:000CA8BF   586 0001:000CA8CF   587 0001:000CA8DA
   588 0001:000CA8F1   589 0001:000CA90A   590 0001:000CA923   592 0001:000CA92E
   593 0001:000CA936   595 0001:000CA94D   596 0001:000CA955   598 0001:000CA98E
   601 0001:000CA9BC   602 0001:000CA9C2   603 0001:000CA9D0   604 0001:000CA9D7
   606 0001:000CA9F6   607 0001:000CA9FB   629 0001:000CAA00   630 0001:000CAA2A
   631 0001:000CAA47   632 0001:000CAA64   633 0001:000CAA81   634 0001:000CAA94
   635 0001:000CAAA7   636 0001:000CAABA   637 0001:000CAADA   638 0001:000CAAE8
   639 0001:000CAB09   641 0001:000CAB2D   643 0001:000CAB63   648 0001:000CAB90
   649 0001:000CAC01   650 0001:000CAC14   651 0001:000CAC21   653 0001:000CAC28
   655 0001:000CAC3C   656 0001:000CAC3E   658 0001:000CAC42   660 0001:000CAC51
   661 0001:000CAC71   663 0001:000CAC7B   653 0001:000CAC85   665 0001:000CAC8A
   667 0001:000CACAA   669 0001:000CACC1   670 0001:000CACDC   671 0001:000CAD0C
   697 0001:000CAD3C   698 0001:000CAD65   699 0001:000CAD81   700 0001:000CAD90
   701 0001:000CAD9E   704 0001:000CADA5   705 0001:000CADB8   706 0001:000CADD4
   702 0001:000CADDB   709 0001:000CAE10   710 0001:000CAE18   712 0001:000CAE4A
   716 0001:000CAE54   717 0001:000CAE74   718 0001:000CAEAD   721 0001:000CAEB4
   722 0001:000CAEB5   723 0001:000CAEC1   728 0001:000CAEC4   729 0001:000CAEF1
   733 0001:000CAEF8   734 0001:000CAF07   736 0001:000CAF12   737 0001:000CAF21
   739 0001:000CAF26   741 0001:000CAF2C   742 0001:000CAF3B   743 0001:000CAF46
   746 0001:000CAF49   747 0001:000CAF55   749 0001:000CAF6E   751 0001:000CAF8F
   752 0001:000CAFA1   753 0001:000CAFE3   730 0001:000CAFEB   757 0001:000CB00D
   762 0001:000CB048   763 0001:000CB07B   764 0001:000CB07F   765 0001:000CB08D
   766 0001:000CB0CB   767 0001:000CB0CF   768 0001:000CB0E7   770 0001:000CB0EE
   771 0001:000CB0FE   772 0001:000CB109   773 0001:000CB14E   775 0001:000CB157
   777 0001:000CB168   778 0001:000CB179   779 0001:000CB187   782 0001:000CB18B
   784 0001:000CB1A7   785 0001:000CB1C3   787 0001:000CB1C5   780 0001:000CB1C8
   790 0001:000CB1E2   793 0001:000CB1F2   794 0001:000CB243   798 0001:000CB28C
   799 0001:000CB2B6   801 0001:000CB2C9   802 0001:000CB2F1   803 0001:000CB30C
   805 0001:000CB318   806 0001:000CB324   807 0001:000CB32E   808 0001:000CB35A
   817 0001:000CB36C   818 0001:000CB3A2   819 0001:000CB3A6   820 0001:000CB3B1
   821 0001:000CB3EC   822 0001:000CB3F6   823 0001:000CB3FA   824 0001:000CB40E
   825 0001:000CB431   826 0001:000CB451   827 0001:000CB460   828 0001:000CB46E
   829 0001:000CB47D   830 0001:000CB4A3   832 0001:000CB4C3   834 0001:000CB50A
   852 0001:000CB530   853 0001:000CB566   854 0001:000CB576   855 0001:000CB58A
   856 0001:000CB5CA   868 0001:000CB5F0   869 0001:000CB623   870 0001:000CB632
   871 0001:000CB63F   872 0001:000CB64F   873 0001:000CB65F   875 0001:000CB665
   876 0001:000CB66C   877 0001:000CB677   878 0001:000CB67B   879 0001:000CB689
   880 0001:000CB68D   884 0001:000CB69D   886 0001:000CB6A3   887 0001:000CB6AE
   890 0001:000CB6E7   919 0001:000CB6F0   920 0001:000CB71B   922 0001:000CB75B
   923 0001:000CB796   994 0001:000CB7A0   995 0001:000CB7F2   997 0001:000CB800
   998 0001:000CB810   999 0001:000CB815  1001 0001:000CB831  1002 0001:000CB842
  1003 0001:000CB850  1005 0001:000CB866  1007 0001:000CB86A  1008 0001:000CB872
  1010 0001:000CB879  1012 0001:000CB87E  1013 0001:000CB891  1015 0001:000CB89F
  1017 0001:000CB8B7  1018 0001:000CB8CE  1022 0001:000CB926  1023 0001:000CB941
  1024 0001:000CB94B  1025 0001:000CB94F  1026 0001:000CB963  1027 0001:000CB96C
  1028 0001:000CB975  1029 0001:000CB995  1030 0001:000CB9B4  1019 0001:000CB9CF
  1033 0001:000CB9F8  1036 0001:000CBA15  1037 0001:000CBA23  1039 0001:000CBA3D
  1041 0001:000CBA4A  1043 0001:000CBA50  1044 0001:000CBA66  1046 0001:000CBACD
  1051 0001:000CBB4C  1052 0001:000CBB83  1053 0001:000CBB87  1054 0001:000CBB96
  1055 0001:000CBB9D  1056 0001:000CBBA9  1057 0001:000CBBB4  1058 0001:000CBBBF
  1061 0001:000CBC32  1062 0001:000CBC3C  1063 0001:000CBC40  1064 0001:000CBC54
  1065 0001:000CBC77  1067 0001:000CBC97  1068 0001:000CBC9E  1069 0001:000CBCE3
  1073 0001:000CBD0C  1074 0001:000CBD3F  1075 0001:000CBD43  1076 0001:000CBD7E
  1077 0001:000CBD88  1078 0001:000CBD8C  1079 0001:000CBDA0  1080 0001:000CBDC3
  1082 0001:000CBDE3  1083 0001:000CBDEA  1084 0001:000CBE2E  1088 0001:000CBE58
  1089 0001:000CBE85  1090 0001:000CBE89  1091 0001:000CBEC4  1092 0001:000CBECE
  1093 0001:000CBED2  1094 0001:000CBEE6  1095 0001:000CBF09  1096 0001:000CBF3F
  1099 0001:000CBF68  1100 0001:000CBF88  1101 0001:000CBFB3  1105 0001:000CBFB8
  1106 0001:000CBFEF  1107 0001:000CBFF6  1108 0001:000CBFFA  1109 0001:000CC00B
  1110 0001:000CC016  1112 0001:000CC073  1113 0001:000CC07D  1114 0001:000CC081
  1115 0001:000CC095  1118 0001:000CC0A2  1119 0001:000CC0B1  1123 0001:000CC0D6
  1124 0001:000CC0DD  1126 0001:000CC0EC  1128 0001:000CC13D  1160 0001:000CC168
  1161 0001:000CC1AA  1162 0001:000CC1AF  1164 0001:000CC1B6  1166 0001:000CC1C6
  1168 0001:000CC1D1  1169 0001:000CC1DF  1170 0001:000CC1F3  1171 0001:000CC20D
  1172 0001:000CC21B  1174 0001:000CC225  1175 0001:000CC238  1176 0001:000CC248
  1177 0001:000CC258  1181 0001:000CC261  1183 0001:000CC26D  1184 0001:000CC27B
  1185 0001:000CC292  1186 0001:000CC29B  1187 0001:000CC2A4  1188 0001:000CC2AD
  1189 0001:000CC2B6  1193 0001:000CC2BD  1194 0001:000CC2CB  1166 0001:000CC2CE
  1196 0001:000CC313  1199 0001:000CC31C  1200 0001:000CC31D  1202 0001:000CC31F
  1203 0001:000CC326  1204 0001:000CC32E  1205 0001:000CC333  1206 0001:000CC337
  1207 0001:000CC345  1208 0001:000CC353  1209 0001:000CC35B  1210 0001:000CC363
  1211 0001:000CC368  1212 0001:000CC376  1213 0001:000CC37B  1214 0001:000CC389
  1215 0001:000CC38E  1216 0001:000CC39C  1217 0001:000CC3A1  1218 0001:000CC3A9
  1219 0001:000CC3AE  1220 0001:000CC3B2  1221 0001:000CC3BA  1222 0001:000CC3BF
  1223 0001:000CC3C7  1227 0001:000CC3CC  1232 0001:000CC3D0  1233 0001:000CC3D4
  1234 0001:000CC3DF  1235 0001:000CC3F3  1237 0001:000CC3F8  1238 0001:000CC40E
  1239 0001:000CC419  1240 0001:000CC454  1241 0001:000CC458  1242 0001:000CC485
  1245 0001:000CC48D  1246 0001:000CC4A0  1247 0001:000CC4A6  1248 0001:000CC4B9
  1249 0001:000CC4D0  1250 0001:000CC4D6  1251 0001:000CC4EA  1253 0001:000CC4F0
  1254 0001:000CC507  1255 0001:000CC519  1257 0001:000CC52B  1258 0001:000CC542
  1260 0001:000CC54C  1261 0001:000CC563  1262 0001:000CC57A  1263 0001:000CC591
  1264 0001:000CC5A8  1265 0001:000CC5BF  1269 0001:000CC5D8  1270 0001:000CC5DD
  1271 0001:000CC5F1  1272 0001:000CC5FF  1273 0001:000CC604  1274 0001:000CC618
  1276 0001:000CC626  1278 0001:000CC630  1279 0001:000CC642  1280 0001:000CC648
  1281 0001:000CC65F  1282 0001:000CC676  1283 0001:000CC688  1284 0001:000CC69F
  1286 0001:000CC6B1  1287 0001:000CC6B9  1288 0001:000CC6D0  1290 0001:000CC6DA
  1291 0001:000CC6E8  1288 0001:000CC6F6  1294 0001:000CC723  1298 0001:000CC72C
  1299 0001:000CC757  1300 0001:000CC75F  1301 0001:000CC769  1302 0001:000CC76D
  1303 0001:000CC79C  1308 0001:000CC7A4  1309 0001:000CC7BD  1310 0001:000CC7C8
  1311 0001:000CC805  1313 0001:000CC80C  1314 0001:000CC833  1315 0001:000CC83E
  1316 0001:000CC87F  1317 0001:000CC884  1318 0001:000CC8AA  1319 0001:000CC8B2
  1321 0001:000CC8B7  1322 0001:000CC8D5  1323 0001:000CC8DB  1324 0001:000CC8F9
  1325 0001:000CC90D  1326 0001:000CC913  1327 0001:000CC927  1329 0001:000CC92D
  1330 0001:000CC941  1331 0001:000CC950  1333 0001:000CC95F  1334 0001:000CC973
  1336 0001:000CC979  1337 0001:000CC98D  1338 0001:000CC9A1  1339 0001:000CC9B5
  1340 0001:000CC9C9  1341 0001:000CC9DD  1345 0001:000CC9F3  1346 0001:000CC9F9
  1347 0001:000CCA0D  1348 0001:000CCA13  1350 0001:000CCA27  1352 0001:000CCA2D
  1353 0001:000CCA3C  1354 0001:000CCA50  1355 0001:000CCA64  1356 0001:000CCA73
  1357 0001:000CCA87  1359 0001:000CCA96  1360 0001:000CCA9B  1362 0001:000CCAD1
  1447 0001:000CCAD8  1448 0001:000CCB0C  1449 0001:000CCB1B  1450 0001:000CCB26
  1452 0001:000CCB6E  1453 0001:000CCB78  1454 0001:000CCB7C  1455 0001:000CCB90
  1456 0001:000CCBB3  1457 0001:000CCBD3  1458 0001:000CCBDA  1459 0001:000CCC42
  1463 0001:000CCC74  1464 0001:000CCC97  1465 0001:000CCCA3  1467 0001:000CCCA8
  1468 0001:000CCCD2  1472 0001:000CCCDC  1473 0001:000CCCFF  1475 0001:000CCD04
  1476 0001:000CCD2F  1533 0001:000CCD34  1534 0001:000CCD52  1535 0001:000CCD80
  1539 0001:000CCD84  1540 0001:000CCDB7  1541 0001:000CCDB9  1542 0001:000CCDBE
  1543 0001:000CCDC5  1544 0001:000CCDD5  1547 0001:000CCDDD  1546 0001:000CCE03
  1548 0001:000CCE10  1550 0001:000CCE1C  1551 0001:000CCE4D  1553 0001:000CCE94
  1553 0001:000CCE9B

Line numbers for bsysprv(bsysprv.pas) segment .text

    57 0001:000CD134    58 0001:000CD16F    63 0001:000CD170    64 0001:000CD175
    68 0001:000CD178    69 0001:000CD17C    71 0001:000CD196    72 0001:000CD1A9
    74 0001:000CD1B6    75 0001:000CD1C3    79 0001:000CD1C8    80 0001:000CD1CC
    82 0001:000CD1E6    83 0001:000CD1F9    85 0001:000CD206    86 0001:000CD213
    95 0001:000CD218    96 0001:000CD248    98 0001:000CD256    99 0001:000CD267
   101 0001:000CD277   102 0001:000CD288   111 0001:000CD29F   113 0001:000CD2AF
   114 0001:000CD2BC   115 0001:000CD2C4   116 0001:000CD2CD   117 0001:000CD2D6
   118 0001:000CD2DF   120 0001:000CD2E8   121 0001:000CD314   141 0001:000CD31C
   142 0001:000CD34C   143 0001:000CD368   145 0001:000CD374   146 0001:000CD385
   147 0001:000CD3A1   148 0001:000CD3B2   150 0001:000CD3CE   152 0001:000CD3E8
   153 0001:000CD404   154 0001:000CD435   158 0001:000CD4B4   159 0001:000CD4B9
   161 0001:000CD4F8   161 0001:000CD4FF

Line numbers for u_landprt(u_landprt.pas) segment .text

    84 0001:000CD814    85 0001:000CD817    86 0001:000CD824    87 0001:000CD831
    88 0001:000CD83E    89 0001:000CD84B    92 0001:000CD850    93 0001:000CD853
    94 0001:000CD860    95 0001:000CD86D    96 0001:000CD87A    97 0001:000CD887
   101 0001:000CD88C   102 0001:000CD8B0   103 0001:000CD8C5   107 0001:000CD8DC
   108 0001:000CD91E   109 0001:000CD954   112 0001:000CD960   113 0001:000CD9A2
   114 0001:000CD9E0   119 0001:000CD9EC   120 0001:000CDA42   121 0001:000CDA64
   124 0001:000CDA86   126 0001:000CDAAD   127 0001:000CDABA   128 0001:000CDAC2
   129 0001:000CDACB   130 0001:000CDAD4   131 0001:000CDADD   132 0001:000CDB13
   136 0001:000CDB30   138 0001:000CDB33   140 0001:000CDB49   142 0001:000CDB56
   144 0001:000CDB5D   146 0001:000CDB64   150 0001:000CDB68   151 0001:000CDB6D
   155 0001:000CDB70   156 0001:000CDB73   158 0001:000CDB7A   160 0001:000CDBBA
   161 0001:000CDBC1   166 0001:000CDBC4   167 0001:000CDC01   172 0001:000CDC04
   173 0001:000CDC0F   178 0001:000CDC10   179 0001:000CDC1C   181 0001:000CDC5C
   181 0001:000CDC63

Line numbers for u_LOSTB560L(u_LOSTB560L.pas) segment .text

    77 0001:000CDFE4    79 0001:000CDFE7    81 0001:000CDFEE    82 0001:000CE001
    83 0001:000CE021    85 0001:000CE02D    88 0001:000CE060    89 0001:000CE063
    91 0001:000CE06A    92 0001:000CE077    94 0001:000CE084    95 0001:000CE095
    96 0001:000CE0B5    97 0001:000CE0C1   100 0001:000CE0E0   102 0001:000CE102
   103 0001:000CE118   104 0001:000CE156   105 0001:000CE164   107 0001:000CE180
   109 0001:000CE1B4   113 0001:000CE1CC   114 0001:000CE1D1   116 0001:000CE1E2
   118 0001:000CE1FA   120 0001:000CE21E   114 0001:000CE21F   121 0001:000CE222
   124 0001:000CE228   125 0001:000CE22B   126 0001:000CE230   127 0001:000CE24E
   130 0001:000CE250   132 0001:000CE268   133 0001:000CE26F   135 0001:000CE27B
   136 0001:000CE28C   137 0001:000CE298   138 0001:000CE2A3   140 0001:000CE2AA
   141 0001:000CE2B7   145 0001:000CE2C0   146 0001:000CE2CA   147 0001:000CE2D4
   148 0001:000CE2E7   151 0001:000CE2EC   152 0001:000CE2FC   153 0001:000CE30C
   154 0001:000CE32C   155 0001:000CE33C   156 0001:000CE34C   157 0001:000CE35C
   164 0001:000CE36C   166 0001:000CE377   168 0001:000CE382   169 0001:000CE3E9
   173 0001:000CE46C   174 0001:000CE471   177 0001:000CE474   178 0001:000CE477
   179 0001:000CE494   180 0001:000CE4C9   183 0001:000CE4D3   186 0001:000CE514
   187 0001:000CE517   189 0001:000CE534   190 0001:000CE569   191 0001:000CE573
   194 0001:000CE575   195 0001:000CE5A4   198 0001:000CE5AE   212 0001:000CE624
   213 0001:000CE647   216 0001:000CE64F   217 0001:000CE662   219 0001:000CE675
   220 0001:000CE687   221 0001:000CE6B2   224 0001:000CE6B7   225 0001:000CE6C7
   227 0001:000CE6D5   228 0001:000CE6E7   229 0001:000CE6F1   232 0001:000CE6F6
   233 0001:000CE709   234 0001:000CE71B   235 0001:000CE725   238 0001:000CE72A
   239 0001:000CE738   240 0001:000CE74A   241 0001:000CE754   244 0001:000CE759
   247 0001:000CE767   248 0001:000CE78A   249 0001:000CE7AD   250 0001:000CE7D0
   252 0001:000CE7F0   254 0001:000CE810   256 0001:000CE84A   259 0001:000CE884
   261 0001:000CE897   263 0001:000CE89F   264 0001:000CE8C7   266 0001:000CE918
   267 0001:000CE94F   271 0001:000CE954   273 0001:000CE969   274 0001:000CE96C
   275 0001:000CE976   278 0001:000CE97B   281 0001:000CE9A4   283 0001:000CE9BD
   284 0001:000CE9CD   285 0001:000CE9F7   288 0001:000CEA12   290 0001:000CEA20
   296 0001:000CEA82   297 0001:000CEA90   298 0001:000CEA9E   299 0001:000CEAAC
   303 0001:000CEABA   304 0001:000CEADB   305 0001:000CEAE2   307 0001:000CEAE9
   310 0001:000CEAF1   311 0001:000CEB08   312 0001:000CEB85   313 0001:000CEB93
   315 0001:000CEBAF   321 0001:000CEBC3   322 0001:000CEBD1   323 0001:000CEBDF
   324 0001:000CEBED   325 0001:000CEBFB   327 0001:000CEC60   331 0001:000CEED4
   332 0001:000CEED9   335 0001:000CEEDC   336 0001:000CEEDF   337 0001:000CEEFC
   338 0001:000CEF13   339 0001:000CEF1A   346 0001:000CEF20   347 0001:000CEF42
   350 0001:000CEF4B   351 0001:000CEF58   352 0001:000CEF66   353 0001:000CEF76
   354 0001:000CEF91   356 0001:000CEFA1   357 0001:000CEFB1   358 0001:000CEFE3
   360 0001:000CF07C   360 0001:000CF083

Line numbers for LOSTB560L(C:\KAIT\LostProj\Source\LostPrj\LOSTB560L-»çÀºÇ°Àç¹ß¼ÛÃâ·Â\LOSTB560L.dpr) segment .text

     9 0001:000CF4EC    10 0001:000CF4FC    11 0001:000CF508    12 0001:000CF520
    13 0001:000CF52C

Bound resource files

c:\program files (x86)\borland\delphi7\Lib\Buttons.res
c:\program files (x86)\borland\delphi7\Lib\ExtDlgs.res
c:\program files (x86)\borland\delphi7\Lib\Controls.res
C:\KAIT\LostProj\µ¨ÆÄÀÌ ÄÄÆ÷³ÍÆ®\RxLib_v2.75_for_D7\Units\RXConst.R32
C:\KAIT\LostProj\µ¨ÆÄÀÌ ÄÄÆ÷³ÍÆ®\RxLib_v2.75_for_D7\Units\RXCConst.R32
c:\program files (x86)\borland\delphi7\Lib\FileCtrl.res
C:\KAIT\LostProj\µ¨ÆÄÀÌ ÄÄÆ÷³ÍÆ®\RxLib_v2.75_for_D7\Units\RXCtrls.R32
C:\KAIT\LostProj\µ¨ÆÄÀÌ ÄÄÆ÷³ÍÆ®\RxLib_v2.75_for_D7\Units\PickDate.R32
C:\KAIT\LostProj\µ¨ÆÄÀÌ ÄÄÆ÷³ÍÆ®\RxLib_v2.75_for_D7\Units\ToolEdit.R32
c:\program files (x86)\borland\delphi7\Lib\Tabs.res
C:\KAIT\LostProj\µ¨ÆÄÀÌ ÄÄÆ÷³ÍÆ®\VCLSkin5.6 Standard Package\1.File\Vclskin\D7\vclskin.res
..\..\Lib\ucal.DFM
..\..\Lib\calendar.RES
..\..\Lib\bsysprv.DFM
..\..\Lib\u_landprt.DFM
u_LOSTB560L.DFM
LOSTB560L.res
LOSTB560L.drf


Program entry point at 0001:000CF4EC
