
 Start         Length     Name                   Class
 0001:00000000 000DC3D8H .text                   CODE
 0002:00000000 00002540H .data                   DATA
 0002:00002540 00001581H .bss                    BSS


Detailed map of segments

 0001:00000000 00005E4B C=CODE     S=.text    G=(none)   M=System   ACBP=A9
 0001:00005E4C 00000140 C=CODE     S=.text    G=(none)   M=SysInit  ACBP=A9
 0001:00005F8C 000000F0 C=CODE     S=.text    G=(none)   M=Types    ACBP=A9
 0001:0000607C 00000F6C C=CODE     S=.text    G=(none)   M=Windows  ACBP=A9
 0001:00006FE8 00000038 C=CODE     S=.text    G=(none)   M=Messages ACBP=A9
 0001:00007020 00000348 C=CODE     S=.text    G=(none)   M=SysConst ACBP=A9
 0001:00007368 0000722C C=CODE     S=.text    G=(none)   M=SysUtils ACBP=A9
 0001:0000E594 000007FB C=CODE     S=.text    G=(none)   M=VarUtils ACBP=A9
 0001:0000ED90 00005BEE C=CODE     S=.text    G=(none)   M=Variants ACBP=A9
 0001:00014980 00000180 C=CODE     S=.text    G=(none)   M=RTLConsts ACBP=A9
 0001:00014B00 00000ED8 C=CODE     S=.text    G=(none)   M=TypInfo  ACBP=A9
 0001:000159D8 00000098 C=CODE     S=.text    G=(none)   M=ActiveX  ACBP=A9
 0001:00015A70 0000A746 C=CODE     S=.text    G=(none)   M=Classes  ACBP=A9
 0001:000201B8 00000340 C=CODE     S=.text    G=(none)   M=Consts   ACBP=A9
 0001:000204F8 00009813 C=CODE     S=.text    G=(none)   M=Graphics ACBP=A9
 0001:00029D0C 00000080 C=CODE     S=.text    G=(none)   M=Math     ACBP=A9
 0001:00029D8C 000002B8 C=CODE     S=.text    G=(none)   M=Contnrs  ACBP=A9
 0001:0002A044 000001C0 C=CODE     S=.text    G=(none)   M=CommCtrl ACBP=A9
 0001:0002A204 00000787 C=CODE     S=.text    G=(none)   M=MultiMon ACBP=A9
 0001:0002A98C 00000038 C=CODE     S=.text    G=(none)   M=Imm      ACBP=A9
 0001:0002A9C4 00000FF8 C=CODE     S=.text    G=(none)   M=HelpIntfs ACBP=A9
 0001:0002B9BC 00000058 C=CODE     S=.text    G=(none)   M=WinSpool ACBP=A9
 0001:0002BA14 00001184 C=CODE     S=.text    G=(none)   M=Printers ACBP=A9
 0001:0002CB98 0000031F C=CODE     S=.text    G=(none)   M=FlatSB   ACBP=A9
 0001:0002CEB8 000001A4 C=CODE     S=.text    G=(none)   M=SyncObjs ACBP=A9
 0001:0002D05C 000009BB C=CODE     S=.text    G=(none)   M=UxTheme  ACBP=A9
 0001:0002DA18 00000038 C=CODE     S=.text    G=(none)   M=RichEdit ACBP=A9
 0001:0002DA50 00000038 C=CODE     S=.text    G=(none)   M=ToolWin  ACBP=A9
 0001:0002DA88 00000038 C=CODE     S=.text    G=(none)   M=ShellAPI ACBP=A9
 0001:0002DAC0 00000038 C=CODE     S=.text    G=(none)   M=RegStr   ACBP=A9
 0001:0002DAF8 00000038 C=CODE     S=.text    G=(none)   M=WinInet  ACBP=A9
 0001:0002DB30 00000038 C=CODE     S=.text    G=(none)   M=UrlMon   ACBP=A9
 0001:0002DB68 00000038 C=CODE     S=.text    G=(none)   M=ShlObj   ACBP=A9
 0001:0002DBA0 00000040 C=CODE     S=.text    G=(none)   M=CommDlg  ACBP=A9
 0001:0002DBE0 00000038 C=CODE     S=.text    G=(none)   M=Dlgs     ACBP=A9
 0001:0002DC18 00001AF9 C=CODE     S=.text    G=(none)   M=Dialogs  ACBP=A9
 0001:0002F714 00002B3E C=CODE     S=.text    G=(none)   M=ExtCtrls ACBP=A9
 0001:00032254 00000050 C=CODE     S=.text    G=(none)   M=ComStrs  ACBP=A9
 0001:000322A4 00000860 C=CODE     S=.text    G=(none)   M=Clipbrd  ACBP=A9
 0001:00032B04 00000038 C=CODE     S=.text    G=(none)   M=StrUtils ACBP=A9
 0001:00032B3C 00003821 C=CODE     S=.text    G=(none)   M=Buttons  ACBP=A9
 0001:00036360 00000038 C=CODE     S=.text    G=(none)   M=ExtDlgs  ACBP=A9
 0001:00036398 00001028 C=CODE     S=.text    G=(none)   M=IniFiles ACBP=A9
 0001:000373C0 00000068 C=CODE     S=.text    G=(none)   M=Registry ACBP=A9
 0001:00037428 0000006C C=CODE     S=.text    G=(none)   M=Mapi     ACBP=A9
 0001:00037494 00000058 C=CODE     S=.text    G=(none)   M=ExtActns ACBP=A9
 0001:000374EC 00000038 C=CODE     S=.text    G=(none)   M=ListActns ACBP=A9
 0001:00037524 00004F6C C=CODE     S=.text    G=(none)   M=ComCtrls ACBP=A9
 0001:0003C490 00000C78 C=CODE     S=.text    G=(none)   M=Themes   ACBP=A9
 0001:0003D108 00007AC8 C=CODE     S=.text    G=(none)   M=StdCtrls ACBP=A9
 0001:00044BD0 00000168 C=CODE     S=.text    G=(none)   M=StdActns ACBP=A9
 0001:00044D38 00000D1F C=CODE     S=.text    G=(none)   M=WinHelpViewer ACBP=A9
 0001:00045A58 000112B7 C=CODE     S=.text    G=(none)   M=Controls ACBP=A9
 0001:00056D10 00001292 C=CODE     S=.text    G=(none)   M=ActnList ACBP=A9
 0001:00057FA4 00001DAC C=CODE     S=.text    G=(none)   M=ImgList  ACBP=A9
 0001:00059D50 000066AD C=CODE     S=.text    G=(none)   M=Menus    ACBP=A9
 0001:00060400 0000C6F4 C=CODE     S=.text    G=(none)   M=Forms    ACBP=A9
 0001:0006CAF4 00000A2C C=CODE     S=.text    G=(none)   M=MaskUtils ACBP=A9
 0001:0006D520 000029E8 C=CODE     S=.text    G=(none)   M=Mask     ACBP=A9
 0001:0006FF08 000092C0 C=CODE     S=.text    G=(none)   M=Grids    ACBP=A9
 0001:000791C8 00000048 C=CODE     S=.text    G=(none)   M=MaxMin   ACBP=A9
 0001:00079210 00000098 C=CODE     S=.text    G=(none)   M=RXConst  ACBP=A9
 0001:000792A8 00000038 C=CODE     S=.text    G=(none)   M=RXCConst ACBP=A9
 0001:000792E0 00000A70 C=CODE     S=.text    G=(none)   M=VCLUtils ACBP=A9
 0001:00079D50 00000038 C=CODE     S=.text    G=(none)   M=RxTimer  ACBP=A9
 0001:00079D88 0000005D C=CODE     S=.text    G=(none)   M=RxHook   ACBP=A9
 0001:00079DE8 00000268 C=CODE     S=.text    G=(none)   M=rxStrUtils ACBP=A9
 0001:0007A050 00000058 C=CODE     S=.text    G=(none)   M=ComConst ACBP=A9
 0001:0007A0A8 00000E65 C=CODE     S=.text    G=(none)   M=ComObj   ACBP=A9
 0001:0007AF10 00000CB8 C=CODE     S=.text    G=(none)   M=DateUtil ACBP=A9
 0001:0007BBC8 00000038 C=CODE     S=.text    G=(none)   M=FileCtrl ACBP=A9
 0001:0007BC00 00000038 C=CODE     S=.text    G=(none)   M=Gauges   ACBP=A9
 0001:0007BC38 00000044 C=CODE     S=.text    G=(none)   M=RxPrgrss ACBP=A9
 0001:0007BC7C 00000038 C=CODE     S=.text    G=(none)   M=FileUtil ACBP=A9
 0001:0007BCB4 00000044 C=CODE     S=.text    G=(none)   M=AppUtils ACBP=A9
 0001:0007BCF8 00000050 C=CODE     S=.text    G=(none)   M=RXProps  ACBP=A9
 0001:0007BD48 00000038 C=CODE     S=.text    G=(none)   M=Placemnt ACBP=A9
 0001:0007BD80 0000362D C=CODE     S=.text    G=(none)   M=RXCtrls  ACBP=A9
 0001:0007F3B0 00002CF0 C=CODE     S=.text    G=(none)   M=PickDate ACBP=A9
 0001:000820A0 00004834 C=CODE     S=.text    G=(none)   M=ToolEdit ACBP=A9
 0001:000868D4 0000026F C=CODE     S=.text    G=(none)   M=CheckLst ACBP=A9
 0001:00086B44 00000038 C=CODE     S=.text    G=(none)   M=cpakmsg  ACBP=A9
 0001:00086B7C 00001D34 C=CODE     S=.text    G=(none)   M=RxCalc   ACBP=A9
 0001:000888B0 00002600 C=CODE     S=.text    G=(none)   M=CurrEdit ACBP=A9
 0001:0008AEB0 00000038 C=CODE     S=.text    G=(none)   M=barprint ACBP=A9
 0001:0008AEE8 00000C3C C=CODE     S=.text    G=(none)   M=IdException ACBP=A9
 0001:0008BB24 000002B8 C=CODE     S=.text    G=(none)   M=IdResourceStrings ACBP=A9
 0001:0008BDDC 00001127 C=CODE     S=.text    G=(none)   M=IdWinSock2 ACBP=A9
 0001:0008CF04 00000038 C=CODE     S=.text    G=(none)   M=IdStackConsts ACBP=A9
 0001:0008CF3C 00001114 C=CODE     S=.text    G=(none)   M=IdStackWindows ACBP=A9
 0001:0008E050 00000038 C=CODE     S=.text    G=(none)   M=IdURI    ACBP=A9
 0001:0008E088 000006FC C=CODE     S=.text    G=(none)   M=IdGlobal ACBP=A9
 0001:0008E784 00000A18 C=CODE     S=.text    G=(none)   M=IdStack  ACBP=A9
 0001:0008F19C 000000FC C=CODE     S=.text    G=(none)   M=IdBaseComponent ACBP=A9
 0001:0008F298 000002EC C=CODE     S=.text    G=(none)   M=IdAntiFreezeBase ACBP=A9
 0001:0008F584 00000645 C=CODE     S=.text    G=(none)   M=IdComponent ACBP=A9
 0001:0008FBCC 000008D4 C=CODE     S=.text    G=(none)   M=IdSocketHandle ACBP=A9
 0001:000904A0 000003A4 C=CODE     S=.text    G=(none)   M=IdIntercept ACBP=A9
 0001:00090844 0000015C C=CODE     S=.text    G=(none)   M=IdIOHandler ACBP=A9
 0001:000909A0 000003D8 C=CODE     S=.text    G=(none)   M=IdRFCReply ACBP=A9
 0001:00090D78 00000038 C=CODE     S=.text    G=(none)   M=IdAssignedNumbers ACBP=A9
 0001:00090DB0 00000B58 C=CODE     S=.text    G=(none)   M=IdSocks  ACBP=A9
 0001:00091908 00000038 C=CODE     S=.text    G=(none)   M=IdTCPStream ACBP=A9
 0001:00091940 00000038 C=CODE     S=.text    G=(none)   M=IdStream ACBP=A9
 0001:00091978 00000874 C=CODE     S=.text    G=(none)   M=IdIOHandlerSocket ACBP=A9
 0001:000921EC 00001C6C C=CODE     S=.text    G=(none)   M=IdTCPConnection ACBP=A9
 0001:00093E58 000004A0 C=CODE     S=.text    G=(none)   M=IdTCPClient ACBP=A9
 0001:000942F8 00000078 C=CODE     S=.text    G=(none)   M=Atmi     ACBP=A9
 0001:00094370 00000060 C=CODE     S=.text    G=(none)   M=Fml      ACBP=A9
 0001:000943D0 00000F3C C=CODE     S=.text    G=(none)   M=so_tmax  ACBP=A9
 0001:0009530C 00000914 C=CODE     S=.text    G=(none)   M=WinConvert ACBP=A9
 0001:00095C20 00000958 C=CODE     S=.text    G=(none)   M=SkinRead ACBP=A9
 0001:00096578 00000038 C=CODE     S=.text    G=(none)   M=WinSkinStore ACBP=A9
 0001:000965B0 00000B84 C=CODE     S=.text    G=(none)   M=ImgUtil  ACBP=A9
 0001:00097134 00000830 C=CODE     S=.text    G=(none)   M=WinSkinIni ACBP=A9
 0001:00097964 00000038 C=CODE     S=.text    G=(none)   M=Tabs     ACBP=A9
 0001:0009799C 0000089C C=CODE     S=.text    G=(none)   M=WinSkinMenu ACBP=A9
 0001:00098238 000018C9 C=CODE     S=.text    G=(none)   M=WinSkinDlg ACBP=A9
 0001:00099B04 00013380 C=CODE     S=.text    G=(none)   M=WinSubClass ACBP=A9
 0001:000ACE84 0000E087 C=CODE     S=.text    G=(none)   M=WinSkinForm ACBP=A9
 0001:000BAF0C 00007010 C=CODE     S=.text    G=(none)   M=WinSkinData ACBP=A9
 0001:000C1F1C 00000038 C=CODE     S=.text    G=(none)   M=ucal     ACBP=A9
 0001:000C1F54 00000038 C=CODE     S=.text    G=(none)   M=monthEdit ACBP=A9
 0001:000C1F8C 00003874 C=CODE     S=.text    G=(none)   M=common_lib ACBP=A9
 0001:000C5800 00000040 C=CODE     S=.text    G=(none)   M=synafpc  ACBP=A9
 0001:000C5840 0000147B C=CODE     S=.text    G=(none)   M=synsock  ACBP=A9
 0001:000C6CBC 00000AD8 C=CODE     S=.text    G=(none)   M=synautil ACBP=A9
 0001:000C7794 00000D64 C=CODE     S=.text    G=(none)   M=synacode ACBP=A9
 0001:000C84F8 00000840 C=CODE     S=.text    G=(none)   M=synaip   ACBP=A9
 0001:000C8D38 00005D60 C=CODE     S=.text    G=(none)   M=blcksock ACBP=A9
 0001:000CEA98 000000F8 C=CODE     S=.text    G=(none)   M=cryptlib ACBP=A9
 0001:000CEB90 00000F65 C=CODE     S=.text    G=(none)   M=ssl_cryptlib ACBP=A9
 0001:000CFAF8 00000040 C=CODE     S=.text    G=(none)   M=WinSock  ACBP=A9
 0001:000CFB38 00002E78 C=CODE     S=.text    G=(none)   M=SimpleSFTP ACBP=A9
 0001:000D29B0 0000023C C=CODE     S=.text    G=(none)   M=localCloud ACBP=A9
 0001:000D2BEC 000005DC C=CODE     S=.text    G=(none)   M=bsysprv  ACBP=A9
 0001:000D31C8 00000764 C=CODE     S=.text    G=(none)   M=u_landprt ACBP=A9
 0001:000D392C 000085A8 C=CODE     S=.text    G=(none)   M=u_LOSTA700P ACBP=A9
 0001:000DBED4 00000504 C=CODE     S=.text    G=(none)   M=LOSTA700P ACBP=A9
 0002:00000000 000000A0 C=DATA     S=.data    G=DGROUP   M=System   ACBP=A9
 0002:000000A0 00000020 C=DATA     S=.data    G=DGROUP   M=SysInit  ACBP=A9
 0002:000000C0 00000254 C=DATA     S=.data    G=DGROUP   M=SysUtils ACBP=A9
 0002:00000314 00000008 C=DATA     S=.data    G=DGROUP   M=VarUtils ACBP=A9
 0002:0000031C 0000008E C=DATA     S=.data    G=DGROUP   M=Variants ACBP=A9
 0002:000003AC 0000000C C=DATA     S=.data    G=DGROUP   M=TypInfo  ACBP=A9
 0002:000003B8 00000010 C=DATA     S=.data    G=DGROUP   M=ActiveX  ACBP=A9
 0002:000003C8 000000E4 C=DATA     S=.data    G=DGROUP   M=Classes  ACBP=A9
 0002:000004AC 0000030C C=DATA     S=.data    G=DGROUP   M=Graphics ACBP=A9
 0002:000007B8 0000000C C=DATA     S=.data    G=DGROUP   M=Printers ACBP=A9
 0002:000007C4 000000C0 C=DATA     S=.data    G=DGROUP   M=Dialogs  ACBP=A9
 0002:00000884 0000018C C=DATA     S=.data    G=DGROUP   M=ExtCtrls ACBP=A9
 0002:00000A10 0000009E C=DATA     S=.data    G=DGROUP   M=Buttons  ACBP=A9
 0002:00000AB0 00000008 C=DATA     S=.data    G=DGROUP   M=IniFiles ACBP=A9
 0002:00000AB8 00000008 C=DATA     S=.data    G=DGROUP   M=Registry ACBP=A9
 0002:00000AC0 00000008 C=DATA     S=.data    G=DGROUP   M=Mapi     ACBP=A9
 0002:00000AC8 00000041 C=DATA     S=.data    G=DGROUP   M=ComCtrls ACBP=A9
 0002:00000B0C 00000068 C=DATA     S=.data    G=DGROUP   M=Themes   ACBP=A9
 0002:00000B74 000000E0 C=DATA     S=.data    G=DGROUP   M=StdCtrls ACBP=A9
 0002:00000C54 0000013C C=DATA     S=.data    G=DGROUP   M=Controls ACBP=A9
 0002:00000D90 0000002C C=DATA     S=.data    G=DGROUP   M=ImgList  ACBP=A9
 0002:00000DBC 000000EC C=DATA     S=.data    G=DGROUP   M=Menus    ACBP=A9
 0002:00000EA8 0000011C C=DATA     S=.data    G=DGROUP   M=Forms    ACBP=A9
 0002:00000FC4 00000009 C=DATA     S=.data    G=DGROUP   M=MaskUtils ACBP=A9
 0002:00000FD0 00000004 C=DATA     S=.data    G=DGROUP   M=Mask     ACBP=A9
 0002:00000FD4 00000006 C=DATA     S=.data    G=DGROUP   M=Grids    ACBP=A9
 0002:00000FDC 00000004 C=DATA     S=.data    G=DGROUP   M=VCLUtils ACBP=A9
 0002:00000FE0 00000030 C=DATA     S=.data    G=DGROUP   M=ComObj   ACBP=A9
 0002:00001010 0000003C C=DATA     S=.data    G=DGROUP   M=DateUtil ACBP=A9
 0002:0000104C 00000004 C=DATA     S=.data    G=DGROUP   M=RxPrgrss ACBP=A9
 0002:00001050 00000004 C=DATA     S=.data    G=DGROUP   M=AppUtils ACBP=A9
 0002:00001054 00000004 C=DATA     S=.data    G=DGROUP   M=RXProps  ACBP=A9
 0002:00001058 00000018 C=DATA     S=.data    G=DGROUP   M=RXCtrls  ACBP=A9
 0002:00001070 00000018 C=DATA     S=.data    G=DGROUP   M=PickDate ACBP=A9
 0002:00001088 00000030 C=DATA     S=.data    G=DGROUP   M=ToolEdit ACBP=A9
 0002:000010B8 00000262 C=DATA     S=.data    G=DGROUP   M=RxCalc   ACBP=A9
 0002:0000131C 00000004 C=DATA     S=.data    G=DGROUP   M=CurrEdit ACBP=A9
 0002:00001320 00000544 C=DATA     S=.data    G=DGROUP   M=IdWinSock2 ACBP=A9
 0002:00001864 00000004 C=DATA     S=.data    G=DGROUP   M=IdStackConsts ACBP=A9
 0002:00001868 00000001 C=DATA     S=.data    G=DGROUP   M=IdStackWindows ACBP=A9
 0002:0000186C 0000009C C=DATA     S=.data    G=DGROUP   M=IdGlobal ACBP=A9
 0002:00001908 0000000C C=DATA     S=.data    G=DGROUP   M=IdStack  ACBP=A9
 0002:00001914 00000004 C=DATA     S=.data    G=DGROUP   M=IdAntiFreezeBase ACBP=A9
 0002:00001918 00000028 C=DATA     S=.data    G=DGROUP   M=IdComponent ACBP=A9
 0002:00001940 00000200 C=DATA     S=.data    G=DGROUP   M=WinConvert ACBP=A9
 0002:00001B40 00000004 C=DATA     S=.data    G=DGROUP   M=ImgUtil  ACBP=A9
 0002:00001B44 00000008 C=DATA     S=.data    G=DGROUP   M=WinSkinIni ACBP=A9
 0002:00001B4C 00000042 C=DATA     S=.data    G=DGROUP   M=WinSubClass ACBP=A9
 0002:00001B90 00000005 C=DATA     S=.data    G=DGROUP   M=WinSkinForm ACBP=A9
 0002:00001B98 00000018 C=DATA     S=.data    G=DGROUP   M=common_lib ACBP=A9
 0002:00001BB0 000000A4 C=DATA     S=.data    G=DGROUP   M=synsock  ACBP=A9
 0002:00001C54 0000016C C=DATA     S=.data    G=DGROUP   M=synautil ACBP=A9
 0002:00001DC0 00000004 C=DATA     S=.data    G=DGROUP   M=blcksock ACBP=A9
 0002:00001DC4 00000010 C=DATA     S=.data    G=DGROUP   M=SimpleSFTP ACBP=A9
 0002:00001DD4 0000000C C=DATA     S=.data    G=DGROUP   M=localCloud ACBP=A9
 0002:00003000 00000664 C=BSS      S=.bss     G=DGROUP   M=System   ACBP=A9
 0002:00003664 00000010 C=BSS      S=.bss     G=DGROUP   M=SysInit  ACBP=A9
 0002:00003674 00000004 C=BSS      S=.bss     G=DGROUP   M=Types    ACBP=A9
 0002:00003678 00000004 C=BSS      S=.bss     G=DGROUP   M=Windows  ACBP=A9
 0002:0000367C 00000004 C=BSS      S=.bss     G=DGROUP   M=Messages ACBP=A9
 0002:00003680 00000004 C=BSS      S=.bss     G=DGROUP   M=SysConst ACBP=A9
 0002:00003684 00000120 C=BSS      S=.bss     G=DGROUP   M=SysUtils ACBP=A9
 0002:000037A4 0000005C C=BSS      S=.bss     G=DGROUP   M=VarUtils ACBP=A9
 0002:00003800 00000040 C=BSS      S=.bss     G=DGROUP   M=Variants ACBP=A9
 0002:00003840 00000004 C=BSS      S=.bss     G=DGROUP   M=RTLConsts ACBP=A9
 0002:00003844 00000004 C=BSS      S=.bss     G=DGROUP   M=TypInfo  ACBP=A9
 0002:00003848 00000004 C=BSS      S=.bss     G=DGROUP   M=ActiveX  ACBP=A9
 0002:0000384C 00000044 C=BSS      S=.bss     G=DGROUP   M=Classes  ACBP=A9
 0002:00003890 00000004 C=BSS      S=.bss     G=DGROUP   M=Consts   ACBP=A9
 0002:00003894 00000060 C=BSS      S=.bss     G=DGROUP   M=Graphics ACBP=A9
 0002:000038F4 00000004 C=BSS      S=.bss     G=DGROUP   M=Math     ACBP=A9
 0002:000038F8 00000004 C=BSS      S=.bss     G=DGROUP   M=Contnrs  ACBP=A9
 0002:000038FC 0000000C C=BSS      S=.bss     G=DGROUP   M=CommCtrl ACBP=A9
 0002:00003908 00000031 C=BSS      S=.bss     G=DGROUP   M=MultiMon ACBP=A9
 0002:0000393C 00000004 C=BSS      S=.bss     G=DGROUP   M=Imm      ACBP=A9
 0002:00003940 00000008 C=BSS      S=.bss     G=DGROUP   M=HelpIntfs ACBP=A9
 0002:00003948 00000004 C=BSS      S=.bss     G=DGROUP   M=WinSpool ACBP=A9
 0002:0000394C 00000004 C=BSS      S=.bss     G=DGROUP   M=Printers ACBP=A9
 0002:00003950 00000034 C=BSS      S=.bss     G=DGROUP   M=FlatSB   ACBP=A9
 0002:00003984 00000004 C=BSS      S=.bss     G=DGROUP   M=SyncObjs ACBP=A9
 0002:00003988 000000CC C=BSS      S=.bss     G=DGROUP   M=UxTheme  ACBP=A9
 0002:00003A54 00000004 C=BSS      S=.bss     G=DGROUP   M=RichEdit ACBP=A9
 0002:00003A58 00000004 C=BSS      S=.bss     G=DGROUP   M=ToolWin  ACBP=A9
 0002:00003A5C 00000004 C=BSS      S=.bss     G=DGROUP   M=ShellAPI ACBP=A9
 0002:00003A60 00000004 C=BSS      S=.bss     G=DGROUP   M=RegStr   ACBP=A9
 0002:00003A64 00000004 C=BSS      S=.bss     G=DGROUP   M=WinInet  ACBP=A9
 0002:00003A68 00000004 C=BSS      S=.bss     G=DGROUP   M=UrlMon   ACBP=A9
 0002:00003A6C 00000004 C=BSS      S=.bss     G=DGROUP   M=ShlObj   ACBP=A9
 0002:00003A70 00000004 C=BSS      S=.bss     G=DGROUP   M=CommDlg  ACBP=A9
 0002:00003A74 00000004 C=BSS      S=.bss     G=DGROUP   M=Dlgs     ACBP=A9
 0002:00003A78 00000038 C=BSS      S=.bss     G=DGROUP   M=Dialogs  ACBP=A9
 0002:00003AB0 00000004 C=BSS      S=.bss     G=DGROUP   M=ExtCtrls ACBP=A9
 0002:00003AB4 00000004 C=BSS      S=.bss     G=DGROUP   M=ComStrs  ACBP=A9
 0002:00003AB8 0000000C C=BSS      S=.bss     G=DGROUP   M=Clipbrd  ACBP=A9
 0002:00003AC4 00000004 C=BSS      S=.bss     G=DGROUP   M=StrUtils ACBP=A9
 0002:00003AC8 00000030 C=BSS      S=.bss     G=DGROUP   M=Buttons  ACBP=A9
 0002:00003AF8 00000004 C=BSS      S=.bss     G=DGROUP   M=ExtDlgs  ACBP=A9
 0002:00003AFC 00000004 C=BSS      S=.bss     G=DGROUP   M=IniFiles ACBP=A9
 0002:00003B00 00000004 C=BSS      S=.bss     G=DGROUP   M=Registry ACBP=A9
 0002:00003B04 00000004 C=BSS      S=.bss     G=DGROUP   M=Mapi     ACBP=A9
 0002:00003B08 00000009 C=BSS      S=.bss     G=DGROUP   M=ExtActns ACBP=A9
 0002:00003B14 00000004 C=BSS      S=.bss     G=DGROUP   M=ListActns ACBP=A9
 0002:00003B18 00000010 C=BSS      S=.bss     G=DGROUP   M=ComCtrls ACBP=A9
 0002:00003B28 00000008 C=BSS      S=.bss     G=DGROUP   M=Themes   ACBP=A9
 0002:00003B30 00000004 C=BSS      S=.bss     G=DGROUP   M=StdCtrls ACBP=A9
 0002:00003B34 00000004 C=BSS      S=.bss     G=DGROUP   M=StdActns ACBP=A9
 0002:00003B38 00000014 C=BSS      S=.bss     G=DGROUP   M=WinHelpViewer ACBP=A9
 0002:00003B4C 00000080 C=BSS      S=.bss     G=DGROUP   M=Controls ACBP=A9
 0002:00003BCC 00000004 C=BSS      S=.bss     G=DGROUP   M=ActnList ACBP=A9
 0002:00003BD0 0000000C C=BSS      S=.bss     G=DGROUP   M=ImgList  ACBP=A9
 0002:00003BDC 00000010 C=BSS      S=.bss     G=DGROUP   M=Menus    ACBP=A9
 0002:00003BEC 00000020 C=BSS      S=.bss     G=DGROUP   M=Forms    ACBP=A9
 0002:00003C0C 00000004 C=BSS      S=.bss     G=DGROUP   M=MaskUtils ACBP=A9
 0002:00003C10 00000004 C=BSS      S=.bss     G=DGROUP   M=Mask     ACBP=A9
 0002:00003C14 00000004 C=BSS      S=.bss     G=DGROUP   M=Grids    ACBP=A9
 0002:00003C18 00000004 C=BSS      S=.bss     G=DGROUP   M=MaxMin   ACBP=A9
 0002:00003C1C 00000004 C=BSS      S=.bss     G=DGROUP   M=RXConst  ACBP=A9
 0002:00003C20 00000004 C=BSS      S=.bss     G=DGROUP   M=RXCConst ACBP=A9
 0002:00003C24 00000004 C=BSS      S=.bss     G=DGROUP   M=VCLUtils ACBP=A9
 0002:00003C28 00000004 C=BSS      S=.bss     G=DGROUP   M=RxTimer  ACBP=A9
 0002:00003C2C 00000008 C=BSS      S=.bss     G=DGROUP   M=RxHook   ACBP=A9
 0002:00003C34 00000004 C=BSS      S=.bss     G=DGROUP   M=rxStrUtils ACBP=A9
 0002:00003C38 00000004 C=BSS      S=.bss     G=DGROUP   M=ComConst ACBP=A9
 0002:00003C3C 00000011 C=BSS      S=.bss     G=DGROUP   M=ComObj   ACBP=A9
 0002:00003C50 00000008 C=BSS      S=.bss     G=DGROUP   M=DateUtil ACBP=A9
 0002:00003C58 00000004 C=BSS      S=.bss     G=DGROUP   M=FileCtrl ACBP=A9
 0002:00003C5C 00000004 C=BSS      S=.bss     G=DGROUP   M=Gauges   ACBP=A9
 0002:00003C60 00000004 C=BSS      S=.bss     G=DGROUP   M=RxPrgrss ACBP=A9
 0002:00003C64 00000004 C=BSS      S=.bss     G=DGROUP   M=FileUtil ACBP=A9
 0002:00003C68 00000004 C=BSS      S=.bss     G=DGROUP   M=AppUtils ACBP=A9
 0002:00003C6C 00000004 C=BSS      S=.bss     G=DGROUP   M=RXProps  ACBP=A9
 0002:00003C70 00000004 C=BSS      S=.bss     G=DGROUP   M=Placemnt ACBP=A9
 0002:00003C74 00000004 C=BSS      S=.bss     G=DGROUP   M=RXCtrls  ACBP=A9
 0002:00003C78 00000004 C=BSS      S=.bss     G=DGROUP   M=PickDate ACBP=A9
 0002:00003C7C 00000004 C=BSS      S=.bss     G=DGROUP   M=ToolEdit ACBP=A9
 0002:00003C80 0000000C C=BSS      S=.bss     G=DGROUP   M=CheckLst ACBP=A9
 0002:00003C8C 00000004 C=BSS      S=.bss     G=DGROUP   M=cpakmsg  ACBP=A9
 0002:00003C90 00000004 C=BSS      S=.bss     G=DGROUP   M=RxCalc   ACBP=A9
 0002:00003C94 00000004 C=BSS      S=.bss     G=DGROUP   M=CurrEdit ACBP=A9
 0002:00003C98 00000004 C=BSS      S=.bss     G=DGROUP   M=barprint ACBP=A9
 0002:00003C9C 00000004 C=BSS      S=.bss     G=DGROUP   M=IdException ACBP=A9
 0002:00003CA0 00000004 C=BSS      S=.bss     G=DGROUP   M=IdResourceStrings ACBP=A9
 0002:00003CA4 000001C8 C=BSS      S=.bss     G=DGROUP   M=IdWinSock2 ACBP=A9
 0002:00003E6C 00000004 C=BSS      S=.bss     G=DGROUP   M=IdStackConsts ACBP=A9
 0002:00003E70 00000004 C=BSS      S=.bss     G=DGROUP   M=IdStackWindows ACBP=A9
 0002:00003E74 00000004 C=BSS      S=.bss     G=DGROUP   M=IdURI    ACBP=A9
 0002:00003E78 00000014 C=BSS      S=.bss     G=DGROUP   M=IdGlobal ACBP=A9
 0002:00003E8C 00000008 C=BSS      S=.bss     G=DGROUP   M=IdStack  ACBP=A9
 0002:00003E94 00000004 C=BSS      S=.bss     G=DGROUP   M=IdBaseComponent ACBP=A9
 0002:00003E98 00000004 C=BSS      S=.bss     G=DGROUP   M=IdAntiFreezeBase ACBP=A9
 0002:00003E9C 00000008 C=BSS      S=.bss     G=DGROUP   M=IdComponent ACBP=A9
 0002:00003EA4 00000004 C=BSS      S=.bss     G=DGROUP   M=IdSocketHandle ACBP=A9
 0002:00003EA8 00000004 C=BSS      S=.bss     G=DGROUP   M=IdIntercept ACBP=A9
 0002:00003EAC 00000004 C=BSS      S=.bss     G=DGROUP   M=IdIOHandler ACBP=A9
 0002:00003EB0 00000004 C=BSS      S=.bss     G=DGROUP   M=IdRFCReply ACBP=A9
 0002:00003EB4 00000004 C=BSS      S=.bss     G=DGROUP   M=IdAssignedNumbers ACBP=A9
 0002:00003EB8 00000004 C=BSS      S=.bss     G=DGROUP   M=IdSocks  ACBP=A9
 0002:00003EBC 00000004 C=BSS      S=.bss     G=DGROUP   M=IdTCPStream ACBP=A9
 0002:00003EC0 00000004 C=BSS      S=.bss     G=DGROUP   M=IdStream ACBP=A9
 0002:00003EC4 00000004 C=BSS      S=.bss     G=DGROUP   M=IdIOHandlerSocket ACBP=A9
 0002:00003EC8 00000004 C=BSS      S=.bss     G=DGROUP   M=IdTCPConnection ACBP=A9
 0002:00003ECC 00000004 C=BSS      S=.bss     G=DGROUP   M=IdTCPClient ACBP=A9
 0002:00003ED0 00000004 C=BSS      S=.bss     G=DGROUP   M=Atmi     ACBP=A9
 0002:00003ED4 00000004 C=BSS      S=.bss     G=DGROUP   M=Fml      ACBP=A9
 0002:00003ED8 00000004 C=BSS      S=.bss     G=DGROUP   M=so_tmax  ACBP=A9
 0002:00003EDC 00000004 C=BSS      S=.bss     G=DGROUP   M=WinConvert ACBP=A9
 0002:00003EE0 00000004 C=BSS      S=.bss     G=DGROUP   M=SkinRead ACBP=A9
 0002:00003EE4 00000004 C=BSS      S=.bss     G=DGROUP   M=WinSkinStore ACBP=A9
 0002:00003EE8 00000048 C=BSS      S=.bss     G=DGROUP   M=ImgUtil  ACBP=A9
 0002:00003F30 00000004 C=BSS      S=.bss     G=DGROUP   M=WinSkinIni ACBP=A9
 0002:00003F34 00000004 C=BSS      S=.bss     G=DGROUP   M=Tabs     ACBP=A9
 0002:00003F38 00000008 C=BSS      S=.bss     G=DGROUP   M=WinSkinMenu ACBP=A9
 0002:00003F40 0000001D C=BSS      S=.bss     G=DGROUP   M=WinSkinDlg ACBP=A9
 0002:00003F60 00000004 C=BSS      S=.bss     G=DGROUP   M=WinSubClass ACBP=A9
 0002:00003F64 00000031 C=BSS      S=.bss     G=DGROUP   M=WinSkinForm ACBP=A9
 0002:00003F98 00000020 C=BSS      S=.bss     G=DGROUP   M=WinSkinData ACBP=A9
 0002:00003FB8 00000004 C=BSS      S=.bss     G=DGROUP   M=ucal     ACBP=A9
 0002:00003FBC 00000004 C=BSS      S=.bss     G=DGROUP   M=monthEdit ACBP=A9
 0002:00003FC0 00000010 C=BSS      S=.bss     G=DGROUP   M=common_lib ACBP=A9
 0002:00003FD0 00000004 C=BSS      S=.bss     G=DGROUP   M=synafpc  ACBP=A9
 0002:00003FD4 0000002C C=BSS      S=.bss     G=DGROUP   M=synsock  ACBP=A9
 0002:00004000 00000038 C=BSS      S=.bss     G=DGROUP   M=synautil ACBP=A9
 0002:00004038 00000004 C=BSS      S=.bss     G=DGROUP   M=synacode ACBP=A9
 0002:0000403C 00000004 C=BSS      S=.bss     G=DGROUP   M=synaip   ACBP=A9
 0002:00004040 00000192 C=BSS      S=.bss     G=DGROUP   M=blcksock ACBP=A9
 0002:000041D4 00000004 C=BSS      S=.bss     G=DGROUP   M=cryptlib ACBP=A9
 0002:000041D8 00000004 C=BSS      S=.bss     G=DGROUP   M=ssl_cryptlib ACBP=A9
 0002:000041DC 00000004 C=BSS      S=.bss     G=DGROUP   M=WinSock  ACBP=A9
 0002:000041E0 00000004 C=BSS      S=.bss     G=DGROUP   M=SimpleSFTP ACBP=A9
 0002:000041E4 0000001C C=BSS      S=.bss     G=DGROUP   M=localCloud ACBP=A9
 0002:00004200 00000010 C=BSS      S=.bss     G=DGROUP   M=bsysprv  ACBP=A9
 0002:00004210 00000010 C=BSS      S=.bss     G=DGROUP   M=u_landprt ACBP=A9
 0002:00004220 00000360 C=BSS      S=.bss     G=DGROUP   M=u_LOSTA700P ACBP=A9


  Address         Publics by Name

 0002:00003C74       .01
 0002:00003FFC       .1
 0002:00003970       .1
 0002:00003C1C       .1
 0002:00003B04       .1
 0002:00003C38       .1
 0002:00003A68       .1
 0002:00003C98       .1
 0002:00003A70       .1
 0002:00003C78       .1
 0002:00003C18       .1
 0002:0000393C       .1
 0002:00003928       .1
 0002:00003C34       .1
 0002:00003840       .1
 0002:00003A44       .1
 0002:000038FC       .1
 0002:00003E6C       .1
 0002:00003B40       .1
 0002:00003A54       .1
 0002:00003AC4       .1
 0002:00003A5C       .1
 0002:00003AB4       .1
 0002:0000367C       .1
 0002:00003C8C       .1
 0002:000041D4       .1
 0002:00003A64       .1
 0002:00003C68       .1
 0002:0000366C       .1
 0002:000041DC       .1
 0002:00003680       .1
 0002:00003A74       .1
 0002:00003C54       .1
 0002:00003EB4       .1
 0002:00003FD0       .1
 0002:00003CA0       .1
 0002:00003EE8       .1
 0002:0000403C       .1
 0002:00003890       .1
 0002:00003674       .1
 0002:00003C60       .1
 0002:00003C64       .1
 0002:000041FC       .1
 0002:00004038       .1
 0002:00003A6C       .1
 0002:00003ED4       .1
 0002:00003A60       .1
 0002:00003C20       .1
 0002:00003FB0       .11
 0002:00003C7C       .11
 0002:00003A78       .11
 0002:00003C14       .11
 0002:00003E80       .11
 0002:00003AB0       .12
 0002:00003898       .12
 0002:0000420C       .2
 0002:0000421C       .2
 0002:00003EE0       .2
 0002:00003940       .2
 0002:00003C2C       .2
 0002:00003C28       .2
 0002:00003ED0       .2
 0002:000038F4       .2
 0002:00003C80       .2
 0002:00003F3C       .2
 0002:00003E94       .2
 0002:00003FB8       .2
 0002:00003F30       .2
 0002:00003C0C       .2
 0002:00003ABC       .2
 0002:00003B28       .2
 0002:00003EAC       .2
 0002:00004030       .2
 0002:000041D8       .2
 0002:00003C24       .2
 0002:00003EB8       .2
 0002:00003EBC       .2
 0002:00003C5C       .2
 0002:00003EC4       .2
 0002:00003ECC       .2
 0002:00003E98       .2
 0002:000038F8       .21
 0002:00003C6C       .3
 0002:00003C90       .3
 0002:00003E70       .3
 0002:00003EDC       .3
 0002:00003678       .3
 0002:00003EC0       .3
 0002:000041E0       .3
 0002:00003AF8       .3
 0002:0000394C       .3
 0002:00003948       .3
 0002:00003EB0       .3
 0002:00003E9C       .3
 0002:00003E64       .3
 0002:00003FCC       .3
 0002:00003FBC       .3
 0002:00004268       .3
 0002:00003F54       .3
 0002:00003BD0       .3
 0002:00003848       .3
 0002:00003E74       .3
 0002:00004040       .31
 0002:00003EC8       .31
 0002:00003794       .35
 0002:00003B18       .36
 0002:00003F34       .4
 0002:00003EE4       .4
 0002:00003EA8       .4
 0002:00003A58       .4
 0002:00003ED8       .4
 0002:00003AC8       .4
 0002:00003C3C       .41
 0002:00003BF4       .41
 0002:00003B30       .42
 0002:00003F60       .44
 0002:00003858       .45
 0002:000035BC       .5
 0002:000037FC       .5
 0002:00003C94       .5
 0002:00003C58       .5
 0002:00003B00       .5
 0002:00003C10       .5
 0002:00003984       .6
 0002:00003844       .6
 0002:00003E90       .6
 0002:00003C9C       .64
 0002:00003C70       .7
 0002:00003B54       .72
 0002:00003B08       .72
 0002:00003B34       .73
 0002:00003B14       .8
 0002:00003BCC       .8
 0002:00003AFC       .8
 0002:00003820       .81
 0002:00003BE4       .9
 0002:00003EA4       .9
 0002:00003F74       .9
 0001:00001FBC       @AbstractError
 0001:0000485C       @AddRefArray
 0001:00004814       @AddRefRecord
 0001:000030AC       @AfterConstruction
 0001:00002ED8       @AsClass
 0001:00002294       @Assign
 0001:00002484       @AStrCmp
 0001:000030BC       @BeforeDestruction
 0001:00002C58       @BoundErr
 0001:00002F24       @CallDynaInst
 0001:00003054       @ClassCreate
 0001:000030A4       @ClassDestroy
 0001:00002350       @Close
 0001:00001C74       @Copy
 0001:00004A50       @CopyArray
 0001:00004934       @CopyRecord
 0001:00004BBC       @DispCallByIDError
 0001:0000F8B4       @DispInvokeError
 0001:00004B58       @Dispose
 0001:00003538       @DoneExcept
 0001:00005058       @DynArrayAddRef
 0001:00005030       @DynArrayAsg
 0001:00004FF4       @DynArrayClear
 0001:00004E14       @DynArrayHigh
 0001:00004E0C       @DynArrayLength
 0001:00004FE8       @DynArraySetLength
 0001:000024F4       @EofText
 0001:00003620       @ExceptionHandler
 0001:0000252C       @FillChar
 0001:00004808       @Finalize
 0001:0000471C       @FinalizeArray
 0001:000046D0       @FinalizeRecord
 0001:00002F3C       @FindDynaInst
 0001:00002C4C       @FpuInit
 0001:00002B88       @FpuMaskInit
 0001:00001AE8       @FreeMem
 0001:00001AB8       @GetMem
 0001:00005EC4       @GetTls
 0001:00003A90       @Halt
 0001:000039B0       @Halt0
 0001:000031D0       @HandleAnyException
 0001:00003484       @HandleFinally
 0001:000032FC       @HandleOnException
 0001:00005F10       @InitExe
 0001:000046C4       @Initialize
 0001:00004630       @InitializeArray
 0001:00004600       @InitializeRecord
 0001:00003874       @InitImports
 0001:0000384C       @InitResStringImports
 0001:00003828       @InitResStrings
 0001:00001CB8       @Insert
 0001:00001F6C       @INT
 0001:00005808       @IntfAddRef
 0001:000057D8       @IntfCast
 0001:00005794       @IntfClear
 0001:000057AC       @IntfCopy
 0001:00002EB4       @IsClass
 0001:00002B58       @isNECWindows
 0001:00003FDC       @LStrAddRef
 0001:00003B50       @LStrArrayClr
 0001:00003B80       @LStrAsg
 0001:00003DF4       @LStrCat
 0001:00003E38       @LStrCat3
 0001:00003EAC       @LStrCatN
 0001:00003B2C       @LStrClr
 0001:00003F38       @LStrCmp
 0001:0000404C       @LStrCopy
 0001:0000408C       @LStrDelete
 0001:00003D9C       @LStrFromArray
 0001:00003D14       @LStrFromChar
 0001:00003D24       @LStrFromPChar
 0001:00003C1C       @LStrFromPCharLen
 0001:00003D54       @LStrFromPWChar
 0001:00003C88       @LStrFromPWCharLen
 0001:00003D90       @LStrFromString
 0001:00003DB4       @LStrFromWStr
 0001:000040D4       @LStrInsert
 0001:00003BC4       @LStrLAsg
 0001:00003DEC       @LStrLen
 0001:000041DC       @LStrOfChar
 0001:00004130       @LStrPos
 0001:00004178       @LStrSetLength
 0001:00003FEC       @LStrToPChar
 0001:00003DC8       @LStrToString
 0001:00004B44       @New
 0001:00003BF0       @NewAnsiString
 0001:00004210       @NewWideString
 0001:0000286C       @Pow10
 0001:00002400       @PStrCmp
 0001:000023D8       @PStrCpy
 0001:000023A8       @PStrNCat
 0001:000023E4       @PStrNCpy
 0001:000034E4       @RaiseAgain
 0001:000034BC       @RaiseExcept
 0001:00002588       @ReadChar
 0001:000026EC       @ReadLn
 0001:00002680       @ReadLString
 0001:00002674       @ReadString
 0001:00001B08       @ReallocMem
 0001:00002030       @ResetText
 0001:00001F8C       @ROUND
 0001:00003A9C       @RunError
 0001:00002820       @SetElem
 0001:00002844       @SetEq
 0001:00002858       @SetUnion
 0001:000037E8       @StartExe
 0001:0000032C       @strlen
 0001:00001F98       @TRUNC
 0001:00003568       @TryFinallyExit
 0001:00004044       @UniqueStringA
 0001:00004BE8       @ValInt64
 0001:0000271C       @ValLong
 0001:00014014       @VarAddRef
 0001:00004844       @VarAddRef
 0001:000101A8       @VarCast
 0001:0000FBA0       @VarClear
 0001:0000FBB4       @VarClr
 0001:00004704       @VarClr
 0001:0000FEDC       @VarCopy
 0001:0000491C       @VarCopy
 0001:00013EF4       @VarFromBool
 0001:00013D80       @VarFromByte
 0001:00013F44       @VarFromCurr
 0001:00013E9C       @VarFromCurrency
 0001:00013EC8       @VarFromDate
 0001:00013FE8       @VarFromDisp
 0001:00013E70       @VarFromDouble
 0001:00013D24       @VarFromInt
 0001:00013E20       @VarFromInt64
 0001:00013D60       @VarFromInteger
 0001:00013FBC       @VarFromIntf
 0001:00013DC0       @VarFromLongWord
 0001:00013F58       @VarFromLStr
 0001:00013F1C       @VarFromReal
 0001:00013DE0       @VarFromShortInt
 0001:00013E4C       @VarFromSingle
 0001:00013E00       @VarFromSmallInt
 0001:00013F30       @VarFromTDateTime
 0001:00013DA0       @VarFromWord
 0001:00013F84       @VarFromWStr
 0001:0000F908       @VarNull
 0001:0001162C       @VarToBoolean
 0001:00010A6C       @VarToByte
 0001:0001280C       @VarToCurrency
 0001:000122A4       @VarToDate
 0001:00013C78       @VarToDisp
 0001:00011B34       @VarToDouble
 0001:00011030       @VarToInt64
 0001:0001056C       @VarToInteger
 0001:00013BAC       @VarToIntf
 0001:00010CE4       @VarToLongWord
 0001:00012EC0       @VarToLStr
 0001:00011EB0       @VarToReal
 0001:000109BC       @VarToShortInt
 0001:00011ECC       @VarToSingle
 0001:00010B14       @VarToSmallInt
 0001:00010C0C       @VarToWord
 0001:000135E0       @VarToWStr
 0001:000045E0       @WStrAddRef
 0001:00004250       @WStrArrayClr
 0001:00004274       @WStrAsg
 0001:000043D0       @WStrCat
 0001:00004430       @WStrCatN
 0001:00004238       @WStrClr
 0001:00004478       @WStrCmp
 0001:000044FC       @WStrCopy
 0001:0000438C       @WStrFromArray
 0001:000043A4       @WStrFromLStr
 0001:000042A0       @WStrFromPCharLen
 0001:00004350       @WStrFromPWChar
 0001:0000432C       @WStrFromPWCharLen
 0001:00004298       @WStrLAsg
 0001:000043C4       @WStrLen
 0001:00004548       @WStrPos
 0001:00004598       @WStrSetLength
 0001:000043B4       @WStrToPWChar
 0001:000027FC       @_CLenToPasStr
 0001:000027F0       @_CToPasStr
 0001:00001C44       @_IOTest
 0001:00004BC4       @_llmul
 0001:0002BB3C       AbortProc
 0001:00048A80       AbsMin
 0001:0000C6D8       AbstractErrorHandler
 0002:0000302C       AbstractErrorProc
 0002:00003CA8       accept
 0002:00003E58       AcceptEx
 0002:00000144       AccessMode
 0001:00001BA4       AcquireExceptionObject
 0001:000AEA48       ActionUpdate
 0001:000B0558       Activate
 0001:000B028C       Activate
 0001:00017FD8       ActivateClassGroup
 0001:00006724       ActivateKeyboardLayout
 0001:000B0324       Activatepop
 0002:00003B88       ActiveDrag
 0001:00015A68       ActiveX
 0001:00057F78       ActnList
 0001:0000048C       AddBlockAfter
 0002:000003C8       AddDataModule
 0001:00007FEC       AddExitProc
 0001:0001B8AC       AddFinished
 0001:000D22B8       AddFixedAttributeString
 0001:0005B984       AddIn
 0001:000055FC       AddModuleUnloadProc
 0001:000055EC       AddModuleUnloadProc
 0001:0001B8E4       AddNotFinished
 0001:000D2320       AddStringAttributeString
 0001:0001C308       AddSubComponentsToLoaded
 0001:0001E7B0       AddThread
 0001:00024454       AdjustColor
 0001:000A2B6C       AdjustColors
 0001:00031AA0       AdjustColors
 0001:0003B160       AdjustLineBreaks
 0001:00008320       AdjustLineBreaks
 0001:00062A4C       Adjustment
 0001:0000672C       AdjustWindowRectEx
 0002:00001B7C       Alignments
 0002:00001058       Alignments
 0002:00000B7C       Alignments
 0002:00000BBC       Alignments
 0002:000010A0       Alignments
 0002:00000E80       Alignments
 0002:0000088C       Alignments
 0002:00000E90       Alignments
 0002:00001B88       Alignments
 0002:00001088       AlignStyle
 0001:00069A44       AlignWork
 0001:0004E218       AlignWork
 0001:0001FF98       AllocateHWnd
 0001:00007F90       AllocMem
 0002:000035B4       AllocMemCount
 0002:000035B8       AllocMemSize
 0001:00029B04       AllocPatternBitmap
 0001:00005E6C       AllocTlsBuffer
 0002:00000C60       AnchorAlign
 0002:00000C54       AnimateWindowProc
 0002:00000D5C       AnimationStyle
 0001:000081F4       AnsiCompareStr
 0001:0000822C       AnsiCompareText
 0001:00008B8C       AnsiLastChar
 0001:00006734       AnsiLower
 0001:000081C0       AnsiLowerCase
 0001:0000D0A8       AnsiLowerCaseFileName
 0001:0000D06C       AnsiPos
 0001:0006020C       AnsiSameCaption
 0001:00008264       AnsiSameText
 0001:0000827C       AnsiStrLIComp
 0001:0000D134       AnsiStrPos
 0001:0000D1F4       AnsiStrRScan
 0001:0000D23C       AnsiStrScan
 0001:00005C08       AnsiToUtf8
 0001:0000818C       AnsiUpperCase
 0001:00013B34       AnyToIntf
 0002:00003F5C       appDestory
 0001:0000A534       AppendChars
 0001:0000A900       AppendFormat
 0001:0000A598       AppendNumber
 0001:0000A578       AppendString
 0002:00003BEC       Application
 0002:000003D8       ApplicationHandleException
 0002:000003E0       ApplicationShowException
 0001:0007BCF0       AppUtils
 0002:00000FBC       AppVisible
 0001:000C7794       ArrByteToLong
 0001:000C77B8       ArrLongToByte
 0002:00000FD0       ArrowKey
 0002:0000426C       arrTgrid1
 0001:0000C6BC       AssertErrorHandler
 0002:00003024       AssertErrorProc
 0001:000792E0       AssignBitmapCell
 0001:000152E0       AssignLongStr
 0001:00015844       AssignVariant
 0001:0009C800       AssignWideStr
 0002:00003E88       ATempPath
 0001:00094368       Atmi
 0002:0000360C       avail
 0001:00008CD0       BackfillGetDiskFreeSpaceEx
 0001:0004B614       BackgroundClipped
 0001:0000E824       BackupVarBoolFromStr
 0001:0000E984       BackupVarBStrFromBool
 0001:0000E8A4       BackupVarBStrFromCy
 0001:0000E914       BackupVarBStrFromDate
 0001:0000E7B8       BackupVarCyFromStr
 0001:0000E74C       BackupVarDateFromStr
 0001:0000E608       BackupVarI4FromStr
 0001:0000E5B4       BackupVariantChangeTypeEx
 0001:0000E674       BackupVarR4FromStr
 0001:0000E6E0       BackupVarR8FromStr
 0001:0008AEE0       barprint
 0001:0000CCB8       Beep
 0001:00018330       BeginGlobalLoading
 0001:0000673C       BeginPaint
 0001:00003AE0       BeginThread
 0001:00024460       BetterSize
 0001:00031390       BevelLine
 0001:000312A0       BevelRect
 0002:00003F68       BG
 0001:0005C818       BiDiDraw
 0002:00003CAC       bind
 0001:0001E69C       BinToHex
 0001:0000645C       BitBlt
 0002:00000A3C       BitBtnCaptions
 0002:00003ACC       BitBtnGlyphs
 0002:00000A68       BitBtnModalResults
 0002:00000A10       BitBtnResNames
 0002:0000076C       BitCounts
 0002:00003FC8       bitmap
 0002:00000764       BitmapCanvasList
 0002:000038B0       BitmapImageLock
 0001:000B9D00       BitmapToRegion
 0001:0000E5F0       BiUnimplemented
 0001:0007897C       BlankStr
 0001:000CE9F0       blcksock
 0001:00096B04       Blend
 0002:00000480       BlockCode
 0002:000035E4       blockDescBlockList
 0002:000035E8       blockDescFreeList
 0002:000003AC       BooleanIdents
 0002:00000328       BooleanToStringRule
 0001:000088B0       BoolToStr
 0001:00012C48       BoolToWStrViaOS
 0002:00000884       BorderStyles
 0002:00000B74       BorderStyles
 0001:000172F0       Bounds
 0001:00006028       Bounds
 0001:000D4BA8       box_clear_rtn
 0002:00000E28       Breaks
 0002:000038E8       BrushManager
 0001:000D31C0       bsysprv
 0002:00001288       BtnCaptions
 0001:00086D9C       BtnColor
 0002:000012C8       BtnGlyphs
 0002:000010B8       BtnPos
 0002:00001B4C       BtnStateName
 0002:00001B58       BtnTypeName
 0001:00071690       Build
 0001:0005EFEC       BuildImage
 0002:0000082C       ButtonCaptions
 0002:00000A98       ButtonCount
 0002:0000106C       ButtonCount
 0002:00000800       ButtonNames
 0002:00000EA4       Buttons
 0001:00036338       Buttons
 0002:00000C4C       ButtonStyles
 0002:00003A84       ButtonWidths
 0001:0008EFD4       ByteIsOk
 0001:000C84F8       ByteIsOk
 0001:00023C2C       BytesPerScanline
 0001:00023F90       ByteSwapColors
 0001:0000CD9C       ByteToCharIndex
 0001:0000CD74       ByteToCharLen
 0001:0000CD38       ByteType
 0001:0000CCC0       ByteTypeTest
 0002:00003BD4       CachedComCtrlVer
 0001:000747F0       CalcAxis
 0001:00073AC8       CalcAxis
 0001:00073D0C       CalcAxisState
 0002:0000131C       CalcBitmap
 0001:00073B54       CalcFixedAxis
 0001:0001FED4       CalcJmpOffset
 0001:00073C68       CalcMaxCell
 0001:00075C24       CalcPageExtents
 0001:00075520       CalcScroll
 0001:00074B88       CalcScrollBar
 0001:00075884       CalcSizeInfo
 0001:00055FE4       CalcSplitterPos
 0001:00006744       CallNextHookEx
 0001:0000DA48       CallTerminateProcs
 0001:0000674C       CallWindowProc
 0001:00049AB8       CancelDrag
 0002:00003B9C       CanvasList
 0002:000038EC       CanvasList
 0002:000007D8       Captions
 0002:00000D18       CaptureControl
 0001:00071C64       CaretPos
 0002:000010AC       CaretWidth
 0002:00000DC8       cBooleanToItemAutoFlag
 0001:0002E060       CenterWindow
 0002:00001010       CenturyOffset
 0001:000C5330       CFillStr
 0002:00003ABA       CF_COMPONENT
 0002:00003AB8       CF_PICTURE
 0002:00003818       ChangeAnyProc
 0001:00047FE4       ChangeBiDiModeAlignment
 0001:000C4048       changeBtn
 0001:000965B0       ChangeTrans
 0002:00000B9C       CharCases
 0002:00000C00       CharCases
 0001:00003C4C       CharFromWChar
 0001:0000CF80       CharLength
 0001:00006754       CharLowerBuff
 0001:00000294       CharNext
 0001:0000675C       CharNext
 0001:00021FE4       CharsetToIdent
 0001:0000CE88       CharToByteIndex
 0001:0000CEEC       CharToByteLen
 0001:00006764       CharToOemA
 0001:0000676C       CharUpperBuff
 0001:00024A44       CheckBool
 0001:0000314C       CheckJmp
 0001:00086B34       CheckLst
 0001:00006774       CheckMenuItem
 0002:00000E18       Checks
 0001:0001C344       CheckSubComponents
 0001:0001E7C8       CheckSynchronize
 0001:00062464       CheckTaskWindow
 0001:00079CC4       CheckTaskWindow
 0001:0004976C       CheckUndock
 0001:0000CBAC       CheckWin32Version
 0002:0000032C       CInvalidCustomVariantType
 0002:00000DCC       cItemAutoFlagToBoolean
 0002:00000DC4       cItemAutoFlagToMenu
 0001:00020124       Classes
 0001:00017D9C       ClassNotFound
 0002:00003814       ClearAnyProc
 0001:00021864       ClearColor
 0001:0007ABF0       ClearExcepInfo
 0001:00078724       ClearItem
 0001:00014410       ClearVariantTypeList
 0001:0000677C       ClientToScreen
 0001:00053588       ClientToWindow
 0001:000329C0       Clipboard
 0002:0000075C       ClipboardFormats
 0001:00032AAC       Clipbrd
 0001:00006784       CloseClipboard
 0001:00006174       CloseHandle
 0001:00000234       CloseHandle
 0001:000D2A94       CloseMapMain
 0001:0002B9BC       ClosePrinter
 0002:00003CB0       closesocket
 0002:00001C20       CloseSocket
 0002:0000398C       CloseThemeData
 0002:00004240       cmb_Bx_Gu_d
 0002:0000424C       cmb_Gm_Gu_d
 0002:00004264       cmb_Ju_Gu_d
 0002:00004254       cmb_Md_Cd_d
 0002:00004260       cmb_No_Label_d
 0002:00004250       cmb_Ph_Cd_d
 0002:00004244       cmb_Ph_Gb_d
 0002:00004258       cmb_Po_Cd1_d
 0002:0000425C       cmb_Po_Cd2_d
 0002:00004248       cmb_Sp_Cd_d
 0002:00003040       CmdLine
 0002:0000303C       CmdShow
 0002:00000DC0       cMenuAutoFlagToItem
 0001:0000E5FC       CmpUnimplemented
 0002:00000FE8       CoAddRefServerProcess
 0002:00000FE0       CoCreateInstanceEx
 0001:000C6F80       CodeInt
 0001:000C7000       CodeLongInt
 0002:00000FF8       CoInitFlags
 0001:00015A0C       CoInitialize
 0002:00000FE4       CoInitializeEx
 0002:000004DC       Colors
 0001:00021DDC       ColorToIdent
 0002:00000898       ColorToPretyName
 0001:00021DCC       ColorToRGB
 0001:00006464       CombineRgn
 0002:00000BEC       ComboBoxStyles
 0002:00003C44       ComClassManagerVar
 0001:0007A0A0       ComConst
 0002:00003900       ComCtl32DLL
 0002:00003B24       ComCtlVersion
 0001:0003C488       ComCtrls
 0002:00003BE8       CommandPool
 0001:0002A1FC       CommCtrl
 0001:0002DBD8       CommDlg
 0001:0000080C       Commit
 0002:00003628       committedRoot
 0002:00001BA0       common_caller
 0002:00001B9C       common_handle
 0002:00001B98       common_kait
 0001:000C57F8       common_lib
 0002:00001BAC       common_usergroup
 0002:00001BA4       common_userid
 0002:00001BA8       common_username
 0001:0007AEB8       ComObj
 0001:000719FC       CompareExtents
 0001:0005AF68       CompareFront
 0001:000080F4       CompareMem
 0001:000080C4       CompareStr
 0001:0000617C       CompareString
 0001:00008114       CompareText
 0001:000087D8       CompareWith
 0001:0001C424       ComponentCreated
 0001:00024804       ComputeAldusChecksum
 0001:0003229C       ComStrs
 0001:000C58BC       Connect
 0002:00003CB4       connect
 0001:00091B48       ConnectTimeout
 0001:000204F0       Consts
 0001:0002A03C       Contnrs
 0002:00003B5A       ControlAtom
 0002:00003F48       ControlAtom
 0002:00003B60       ControlAtomString
 0001:00067234       ControlHasHelp
 0001:00056C80       Controls
 0002:00000AE0       ConversionFormatList
 0002:0000040C       Convert
 0002:000003FC       Convert
 0001:0000C0C0       ConvertAddr
 0001:0000A68C       ConvertEraString
 0001:00007F54       ConvertError
 0001:00007F6C       ConvertErrorFmt
 0001:0000A7F8       ConvertYearString
 0001:00004E1C       CopyArray
 0001:00026D24       CopyBitmap
 0001:000273EC       CopyBitmapAsMask
 0001:0009BBE4       CopyBMP
 0001:0002E56C       CopyData
 0001:0000646C       CopyEnhMetaFile
 0001:000D1EE4       CopyFixedAttribute
 0001:000360E8       CopyImage
 0001:0000678C       CopyImage
 0001:000356B0       CopyImage
 0001:0007F21C       CopyImage
 0001:00006D44       CopyMemory
 0001:00027388       CopyPalette
 0001:00079448       CopyParentImage
 0002:00000B10       Copyright
 0001:000D1F0C       CopyStringAttribute
 0001:0005E098       CopyToBest
 0002:00000FEC       CoReleaseServerProcess
 0002:00000FF0       CoResumeClassObjects
 0002:00000FF4       CoSuspendClassObjects
 0001:00015A14       CoUninitialize
 0001:0000CDF8       CountChars
 0002:000038C8       CounterLock
 0001:00078504       CountItem
 0001:000C749C       CountOfChar
 0001:00086B74       cpakmsg
 0002:00000330       CRangeToType
 0001:0000C600       CreateAssertException
 0001:0000C788       CreateAVObject
 0001:00006474       CreateBitmap
 0001:0000647C       CreateBrushIndirect
 0001:00086EB4       CreateCalcBtn
 0001:00006794       CreateCaret
 0001:00006484       CreateCompatibleBitmap
 0001:0000648C       CreateCompatibleDC
 0001:0001C4A4       CreateComponent
 0001:00081E24       CreateDateDialog
 0001:00006494       CreateDC
 0001:000064A4       CreateDIBitmap
 0001:0000649C       CreateDIBSection
 0001:0007999C       CreateDisabledBitmap
 0001:00079734       CreateDisabledBitmapEx
 0001:000855BC       CreateEllipsisGlyph
 0001:00006184       CreateEvent
 0001:0000618C       CreateFile
 0001:0000023C       CreateFileA
 0001:00006194       CreateFileMapping
 0001:000064AC       CreateFontIndirect
 0001:000064B4       CreateHalftonePalette
 0001:000064BC       CreateIC
 0001:0000679C       CreateIcon
 0001:0000C52C       CreateInOutError
 0001:000D29C8       CreateMap
 0001:000067A4       CreateMenu
 0001:0002EE64       CreateMessageDialog
 0001:000064C4       CreatePalette
 0001:000064CC       CreatePen
 0001:000064D4       CreatePenIndirect
 0001:00088550       CreatePopupCalculator
 0001:000808A4       CreatePopupCalendar
 0001:000067AC       CreatePopupMenu
 0001:000064DC       CreateRectRgn
 0001:000064E4       CreateSolidBrush
 0001:00023FE8       CreateSystemPalette
 0001:0000029C       CreateThread
 0001:0000619C       CreateThread
 0001:00006E60       CreateWindow
 0001:00006E08       CreateWindowEx
 0002:000007C4       CreationControl
 0002:00000C58       CreationControl
 0002:00000398       CRelationshipToBoolean
 0001:000C5104       CRemoveSpace
 0002:00000314       CResult
 0001:000CEB10       cryptAddPrivateKey
 0001:000CEB08       cryptAddPublicKey
 0001:000CEAE0       cryptAddRandom
 0001:000CEB18       cryptCreateCert
 0001:000CEAA8       cryptCreateContext
 0001:000CEB30       cryptCreateSession
 0001:000CEB20       cryptDestroyCert
 0001:000CEAB0       cryptDestroyContext
 0001:000CEB38       cryptDestroySession
 0001:000CEAA0       cryptEnd
 0001:000CEB48       cryptFlushData
 0001:000CEAB8       cryptGenerateKey
 0001:000CEAD0       cryptGetAttribute
 0001:000CEAD8       cryptGetAttributeString
 0001:000CEB00       cryptGetPrivateKey
 0001:000CEAF8       cryptGetPublicKey
 0001:000CEA98       cryptInit
 0001:000CEAF0       cryptKeysetClose
 0001:000CEAE8       cryptKeysetOpen
 0001:000CEB88       cryptlib
 0001:000CEB50       cryptPopData
 0001:000CEB40       cryptPushData
 0001:000CEAC0       cryptSetAttribute
 0001:000CEAC8       cryptSetAttributeString
 0001:000CEB28       cryptSignCert
 0002:0000013C       cSimpleBoolStrs
 0001:000C521C       CStrToArr
 0002:00000344       CText
 0002:00001314       Ctl3DBevel
 0002:00001318       Ctl3DBorder
 0002:00001310       Ctl3DStyle
 0002:00000D54       Ctl3DStyles
 0002:00000C44       Ctl3DStyles
 0001:00071C30       Ctrl
 0002:00003620       curAlloc
 0001:0008AEA8       CurrEdit
 0002:0000368C       CurrencyDecimals
 0002:00003688       CurrencyFormat
 0002:00003684       CurrencyString
 0001:0007B078       CurrentYear
 0001:0000A520       CurrentYear
 0001:00009EF4       CurrToStr
 0001:00012BD8       CurrToWStrViaOS
 0002:00000F40       CursorMap
 0002:00000C68       Cursors
 0001:00048304       CursorToIdent
 0002:00000F30       cUseAlpha
 0002:00000F38       cUseColorKey
 0002:00004000       CustomMonthNames
 0001:0000852C       CvtInt
 0001:00008598       CvtInt64
 0002:0000017C       CWNear
 0001:0000A4A4       Date
 0002:000010B4       DateBitmap
 0002:0000368D       DateSeparator
 0001:0000B164       DateTimeToStr
 0001:0000B0D8       DateTimeToString
 0001:0000A080       DateTimeToTimeStamp
 0001:0000B134       DateToStr
 0001:00012C10       DateToWStrViaOS
 0001:0007BB54       DateUtil
 0001:0000A47C       DayOfWeek
 0002:0000101C       DaysInMonth
 0001:0007AFAC       DaysPerMonth
 0002:00001DC4       DAY_DIFF
 0002:00000178       DCon10
 0002:000004D8       DDBsOnly
 0001:0002004C       DeallocateHWnd
 0002:00000028       DebugHook
 0002:0000368B       DecimalSeparator
 0001:0000A45C       DecodeDate
 0001:0000A30C       DecodeDateFully
 0001:000C6FBC       DecodeInt
 0001:0000A174       DecodeTime
 0001:000008CC       Decommit
 0001:00000FF8       DecommitFree
 0002:000035FC       decommittedRoot
 0001:0006A680       Default
 0001:00064EB4       Default
 0002:00000020       Default8087CW
 0002:00000FC4       DefaultBlank
 0002:00000C5C       DefaultDockTreeClass
 0002:00000034       DefaultTextLineBreakStyle
 0002:00003F9C       DefaultUserCodePage
 0002:000035C0       DefaultUserCodePage
 0002:0000072C       DefBrushData
 0002:00001050       DefCompanyName
 0001:0007B920       DefDateFormat
 0001:0007BA24       DefDateMask
 0002:000004AC       DefFontData
 0001:000067B4       DefFrameProc
 0002:00000208       DefLongDayNames
 0002:000001BC       DefLongMonthNames
 0001:000067BC       DefMDIChildProc
 0002:0000070C       DefPenData
 0002:000001EC       DefShortDayNames
 0002:0000018C       DefShortMonthNames
 0001:000067C4       DefWindowProc
 0001:00005094       DelayLoadResourceModule
 0001:00079F28       DelBSpace
 0001:00079EE8       DelChars
 0001:000C201C       delDelimiter
 0001:00079F5C       DelESpace
 0001:000004E8       DeleteBlock
 0001:000061A4       DeleteCriticalSection
 0001:000003F8       DeleteCriticalSection
 0001:000064EC       DeleteDC
 0001:000064F4       DeleteEnhMetaFile
 0001:00008B74       DeleteFile
 0001:000061AC       DeleteFile
 0001:00000DE0       DeleteFree
 0001:000067CC       DeleteMenu
 0001:000064FC       DeleteObject
 0001:000D4990       DeleteRow
 0001:00043AF8       DeleteSelectedText
 0001:000C3AB0       delHyphen
 0001:00079F90       DelRSpace
 0001:000268E0       DeselectBitmap
 0001:000067D4       DestroyCursor
 0001:000067DC       DestroyIcon
 0001:000361F8       DestroyLocals
 0001:00086870       DestroyLocals
 0001:0008AE5C       DestroyLocals
 0001:0007C6BC       DestroyLocals
 0001:000067E4       DestroyMenu
 0001:000C6BBC       DestroySocketInterface
 0001:000067EC       DestroyWindow
 0001:000D4A88       detail_clear_rtn
 0001:000780C0       Detector
 0001:0004570C       DialogEnumerationTester
 0001:0002E114       DialogHook
 0001:0002F6D4       Dialogs
 0002:00000768       DIBPalSizes
 0002:00000090       dig
 0001:000622A0       DisableTaskWindows
 0001:0007A604       DispatchInvoke
 0001:0007ABE4       DispatchInvokeError
 0001:000067F4       DispatchMessage
 0001:00068514       DispatchShortCut
 0001:0007AC00       DispCall
 0001:0007ACE4       DispCallByID
 0002:00003000       DispCallByIDProc
 0001:0007AB10       DispCallError
 0001:00077C58       DisposeStrItem
 0001:00007F38       DivMod
 0001:0002DC10       Dlgs
 0001:0004E0A8       DoAlign
 0001:000698F8       DoAlign
 0001:00073960       DoCalc
 0001:00052248       DoCalcConstraints
 0001:000739C8       DoCalcRightToLeft
 0001:00074150       DoChange
 0002:00003B90       DockSiteList
 0001:0005ECB8       DoClick
 0001:00072ACC       DoColWidths
 0001:0004F7EC       DoControlMsg
 0001:0002B9C4       DocumentProperties
 0001:00062250       DoDisableWindow
 0001:00049098       DoDragOver
 0001:00007FB0       DoExitProc
 0001:000542B8       DoFindControlZone
 0001:000623A4       DoFindWindow
 0001:00054844       DoFindZone
 0001:0005433C       DoForEach
 0001:00055C48       DoGetNextLimit
 0001:00062218       DoneApplication
 0001:000569A8       DoneControls
 0001:0000CABC       DoneExceptions
 0001:00066890       DoNestedActivation
 0001:0001E764       DoneThreadSynchronization
 0001:0006BA50       DoOnHelp
 0001:0004DC68       DoPosition
 0001:00069748       DoPosition
 0001:00055270       DoPrune
 0001:00030B04       DoRect
 0001:00072B10       DoRowHeights
 0001:00055748       DoSaveZone
 0001:0005594C       DoSetNewBounds
 0001:00072574       DoSizeAdjust
 0001:000C1DE4       DoTrackMouse
 0002:000003B4       DotSep
 0001:000757F0       DoUpdate
 0002:00000A9C       DownStyles
 0001:00019924       DoWrite
 0001:000259FC       DoWrite
 0001:00024C9C       DoWrite
 0001:000595C8       DoWrite
 0001:0004EDD4       DoWriteDesignSize
 0001:0004C72C       DoWriteIsControl
 0002:00003B74       DragCapture
 0002:00003B68       DragControl
 0001:000497E0       DragDone
 0001:00049048       DragFindTarget
 0001:0004901C       DragFindWindow
 0002:00003B8C       DragImageList
 0001:00049438       DragInit
 0001:000495A8       DragInitControl
 0002:00003B70       DragInternalObject
 0001:00048F64       DragMessage
 0002:00003B6C       DragObject
 0002:00003B98       DragSave
 0002:00003B80       DragSaveCursor
 0002:00003B78       DragStartPos
 0002:00003B84       DragThreshold
 0001:00049168       DragTo
 0001:0006A6BC       DrawAppIcon
 0001:000A3354       DrawArrow
 0001:00072EB8       DrawAxisLines
 0001:000B8748       DrawBGbmp
 0002:00000FDC       DrawBitmap
 0001:0007DEB0       DrawButtonFrame
 0001:00073130       DrawCells
 0001:00054DDC       DrawCloseButton
 0001:000067FC       DrawEdge
 0001:00006804       DrawFocusRect
 0001:0000680C       DrawFrameControl
 0001:00054E34       DrawGrabberLine
 0001:00006814       DrawIcon
 0001:0000681C       DrawIconEx
 0002:00000D90       DrawingStyles
 0001:000B9304       DrawItemRight
 0001:000730A0       DrawLines
 0001:0007D3A0       DrawMark
 0001:00006824       DrawMenuBar
 0001:00060028       DrawMenuItem
 0001:000BABE0       DrawParentImage
 0001:000BA7EC       DrawRect1
 0001:000BA044       DrawRect2
 0001:000BA910       DrawRect3
 0001:000BAA4C       DrawRectH
 0001:000BA0EC       DrawRectTile
 0001:0000682C       DrawText
 0001:00006834       DrawTextA
 0001:0000683C       DrawTextW
 0002:00003990       DrawThemeBackground
 0002:000039B4       DrawThemeEdge
 0002:000039B8       DrawThemeIcon
 0002:00003A3C       DrawThemeParentBackground
 0002:00003994       DrawThemeText
 0001:000BACE4       DrawTranmap
 0001:00096824       Drehen270Grad
 0001:0009698C       Drehen90Grad
 0001:00079D88       DropHookList
 0001:00023AAC       DupBits
 0001:00004E34       DynArrayClear
 0001:00004E3C       DynArraySetLength
 0002:00001940       d_code
 0002:00001A40       d_len
 0002:00000E88       EdgeStyle
 0002:00000D44       EdgeStyles
 0002:00000C34       EdgeStyles
 0001:00083D80       EditorTextMargins
 0001:0000C500       EHeapException.FreeInstance
 0001:0008BA5C       EIdProtocolReplyError.CreateError
 0001:0008BAA4       EIdSocketError.CreateError
 0001:0008BE54       EIdWS2StubError.Build
 0002:00000BB8       Empty
 0002:00000AF4       Empty
 0001:00006844       EmptyClipboard
 0002:00003800       EmptyParam
 0002:000000C0       EmptyStr
 0002:000000C4       EmptyWideStr
 0001:0000684C       EnableMenuItem
 0002:00000E20       Enables
 0001:00006854       EnableScrollBar
 0001:00062354       EnableTaskWindows
 0002:00003A24       EnableThemeDialogTexture
 0002:00003A40       EnableTheming
 0001:0000685C       EnableWindow
 0001:000C77DC       Encode3to4
 0001:000C792C       EncodeBase64
 0001:0000A2DC       EncodeDate
 0001:0000A134       EncodeTime
 0001:00006504       EndDoc
 0001:000183B8       EndGlobalLoading
 0001:0000650C       EndPage
 0001:00006864       EndPaint
 0001:00003B24       EndThread
 0001:000003E8       EnterCriticalSection
 0001:000061B4       EnterCriticalSection
 0001:000061BC       EnumCalendarInfoA
 0001:0000686C       EnumClipboardFormats
 0002:00003924       EnumDisplayMonitors
 0001:0000BD34       EnumEraNames
 0001:0000BD70       EnumEraYearOffsets
 0001:00065478       EnumMonitorsProc
 0001:0002B9CC       EnumPrinters
 0001:000055AC       EnumResourceModules
 0001:000055B4       EnumResourceModules
 0001:0000891C       EnumStringModules
 0001:00006874       EnumThreadWindows
 0001:0001BC54       EnumValue
 0001:0000687C       EnumWindows
 0001:0007A334       EOleException.Create
 0001:0007A264       EOleSysError.Create
 0001:00006884       EqualRect
 0002:00003754       EraNames
 0001:0000B3F0       EraToYear
 0002:00003770       EraYearOffsets
 0002:00000068       errCaption
 0001:0001B438       Error
 0001:00001C38       Error
 0001:0005ACB8       Error
 0001:00017940       Error
 0002:00000004       ErrorAddr
 0001:00001BEC       ErrorAt
 0001:0000C5AC       ErrorHandler
 0002:00000224       ErrorMap
 0002:00003008       ErrorProc
 0002:000033E8       ErrOutput
 0002:00003FC4       EvHandler
 0001:00001B78       ExceptAddr
 0002:0000300C       ExceptClsProc
 0001:0000CA28       ExceptHandler
 0001:0000C32C       Exception.Create
 0001:0000C368       Exception.CreateFmt
 0001:0000C4B8       Exception.CreateHelp
 0001:0000C3E8       Exception.CreateRes
 0001:0000C424       Exception.CreateResFmt
 0002:0000301C       ExceptionClass
 0001:0000C0CC       ExceptionErrorMessage
 0002:0000025C       ExceptMap
 0001:00001B58       ExceptObject
 0002:00003010       ExceptObjProc
 0002:00003004       ExceptProc
 0001:00006514       ExcludeClipRect
 0001:000D4770       execSubProg
 0002:00000000       ExitCode
 0001:000038F4       ExitDll
 0002:00003048       ExitProc
 0001:000002AC       ExitProcess
 0002:00003028       ExitProcessProc
 0002:00000138       ExitProcList
 0001:000002A4       ExitThread
 0001:00077E28       ExpandDir
 0001:00008C94       ExpandFileName
 0001:000C8840       ExpandIP6
 0001:0007B1FC       ExpandYear
 0001:000374E4       ExtActns
 0001:0000651C       ExtCreatePen
 0001:00006524       ExtCreateRegion
 0001:00032224       ExtCtrls
 0001:00036390       ExtDlgs
 0001:00008C4C       ExtractFileExt
 0001:00008C14       ExtractFileName
 0001:0007B5AC       ExtractMask
 0001:0000652C       ExtTextOut
 0002:00003790       FalseBoolStrs
 0001:00094380       fbgetvals
 0001:00094390       fbget_fbsize
 0001:00094388       fbinit
 0001:00094378       fbput
 0002:00001064       FCheckBitmap
 0002:00003C88       FCheckHeight
 0002:00003C84       FCheckWidth
 0001:000C3BFC       fChkLength
 0002:00003AC0       FClipboard
 0002:0000016C       FCon1E18
 0001:000C5868       FD_SET
 0001:000C5878       FD_ZERO
 0001:000C7364       Fetch
 0001:0008E448       Fetch
 0001:000C72EC       FetchBin
 0001:0008E360       FetchCaseInsensitive
 0001:0002BAD4       FetchStr
 0002:00003E84       FIdPorts
 0001:00008AFC       FileAge
 0002:000010B0       FileBitmap
 0001:00008AF4       FileClose
 0001:00008A38       FileCreate
 0001:00008A5C       FileCreate
 0001:0007BBF8       FileCtrl
 0001:00008B64       FileExists
 0002:00000760       FileFormats
 0002:00000008       FileMode
 0001:00002078       FileNOPProc
 0001:000089E0       FileOpen
 0001:00008A64       FileRead
 0002:000003F0       FilerSignature
 0001:00008ABC       FileSeek
 0001:000061C4       FileTimeToDosDateTime
 0001:000061CC       FileTimeToLocalFileTime
 0001:0007BCAC       FileUtil
 0001:00008A90       FileWrite
 0001:00000F18       FillAfterGap
 0001:00000EB8       FillBeforeGap
 0001:0009C3E8       FillColor
 0001:00072E64       FillDWord
 0001:00000FB8       FillerSizeAfterGap
 0001:00000F40       FillerSizeBeforeGap
 0001:0000688C       FillRect
 0002:00000AA4       FillStyles
 0001:000D4714       fillTgridData
 0001:000D469C       fillTgridData
 0001:00005D24       Finalization
 0001:0002DA88       Finalization
 0001:00037494       Finalization
 0001:0002DAC0       Finalization
 0001:000792A8       Finalization
 0001:0002DAF8       Finalization
 0001:00079D9C       Finalization
 0001:00079210       Finalization
 0001:000791D8       Finalization
 0001:0000E394       Finalization
 0001:00029B3C       Finalization
 0001:0002D9A8       Finalization
 0001:0008BDA4       Finalization
 0001:0008CF04       Finalization
 0001:000374EC       Finalization
 0001:0008BAEC       Finalization
 0001:0002DB30       Finalization
 0001:0002DB68       Finalization
 0001:0002DBA8       Finalization
 0001:00079190       Finalization
 0001:0008AEB0       Finalization
 0001:000CFB00       Finalization
 0001:00032B04       Finalization
 0001:0008AE70       Finalization
 0001:000CFA94       Finalization
 0001:0002D024       Finalization
 0001:0002DBE0       Finalization
 0001:0007A018       Finalization
 0001:000C577C       Finalization
 0001:00088878       Finalization
 0001:0008DFE0       Finalization
 0001:000C5808       Finalization
 0001:000CEB58       Finalization
 0001:00032A70       Finalization
 0001:0008E050       Finalization
 0001:00029D54       Finalization
 0001:0002A00C       Finalization
 0001:000204C0       Finalization
 0001:0002CE78       Finalization
 0001:0007A070       Finalization
 0001:0008E5A8       Finalization
 0001:00014AC8       Finalization
 0001:000D2BA8       Finalization
 0001:00020074       Finalization
 0001:0001485C       Finalization
 0001:000C6C50       Finalization
 0001:0003C410       Finalization
 0001:000ACE4C       Finalization
 0001:0003D0BC       Finalization
 0001:00086B44       Finalization
 0001:00005F54       Finalization
 0001:0000ED50       Finalization
 0001:00099A64       Finalization
 0001:0007AE38       Finalization
 0001:00098200       Finalization
 0001:0003226C       Finalization
 0001:0008F164       Finalization
 0001:00086B04       Finalization
 0001:00097964       Finalization
 0001:0002CB54       Finalization
 0001:00097914       Finalization
 0001:000D3184       Finalization
 0001:00006044       Finalization
 0001:000970E4       Finalization
 0001:000C1F54       Finalization
 0001:00086894       Finalization
 0001:00060308       Finalization
 0001:000C1F1C       Finalization
 0001:00096578       Finalization
 0001:0008F260       Finalization
 0001:000C76B0       Finalization
 0001:00096540       Finalization
 0001:00095BE8       Finalization
 0001:0002F678       Finalization
 0001:000C1E10       Finalization
 0001:0002A1CC       Finalization
 0001:000321DC       Finalization
 0001:000952D4       Finalization
 0001:00094398       Finalization
 0001:00006FB0       Finalization
 0001:0008F54C       Finalization
 0001:00044B98       Finalization
 0001:00082068       Finalization
 0001:00044D00       Finalization
 0001:00006FE8       Finalization
 0001:00007330       Finalization
 0001:00094338       Finalization
 0001:0008FB5C       Finalization
 0001:0007F364       Finalization
 0001:000BAE7C       Finalization
 0001:00090468       Finalization
 0001:00045984       Finalization
 0001:0009080C       Finalization
 0001:000942C0       Finalization
 0001:0002B9DC       Finalization
 0001:00090968       Finalization
 0001:000D38E8       Finalization
 0001:000C84C0       Finalization
 0001:00093E20       Finalization
 0001:0007BB24       Finalization
 0001:00090D40       Finalization
 0001:0007BD48       Finalization
 0001:000C8D00       Finalization
 0001:00090D78       Finalization
 0001:0007BD04       Finalization
 0001:000921B4       Finalization
 0001:0002B974       Finalization
 0001:0007BCB4       Finalization
 0001:0002A94C       Finalization
 0001:000CE9B0       Finalization
 0001:0002A98C       Finalization
 0001:0007BC7C       Finalization
 0001:000918D0       Finalization
 0001:00091940       Finalization
 0001:00091908       Finalization
 0001:0007BBC8       Finalization
 0001:0007BC38       Finalization
 0001:000D2978       Finalization
 0001:0007BC00       Finalization
 0001:00079D50       Finalization
 0001:0003743C       Finalization
 0001:00079D10       Finalization
 0001:00015980       Finalization
 0001:0006FED0       Finalization
 0001:0006D4E8       Finalization
 0001:000373D8       Finalization
 0001:00037370       Finalization
 0001:00036360       Finalization
 0001:00056C18       Finalization
 0001:000DBD94       Finalization
 0001:00059D18       Finalization
 0001:000DBED4       Finalization
 0001:0006CA54       Finalization
 0001:0002DA18       Finalization
 0001:0008CEBC       Finalization
 0001:00036300       Finalization
 0001:00015A38       Finalization
 0001:00057F48       Finalization
 0001:0002DA50       Finalization
 0001:00004E2C       FinalizeArray
 0001:00003708       FinalizeUnits
 0001:0005EA78       Find
 0001:00005124       FindBS
 0001:000AE520       FindButton
 0001:00017E5C       FindClass
 0001:0000508C       FindClassHInstance
 0001:000002BC       FindClose
 0001:000061D4       FindClose
 0001:000C2100       findCodeFromName
 0001:00000E74       FindCommitted
 0001:000480E4       FindControl
 0001:00054A70       FindControlAtPos
 0001:000C0378       FindControlx
 0001:0001476C       FindCustomVariantType
 0001:000146B4       FindCustomVariantType
 0001:00098870       FindData
 0001:00049B04       FindDragTarget
 0001:0001C654       FindExistingComponent
 0001:000002C4       FindFirstFile
 0001:000061DC       FindFirstFile
 0001:000624B0       FindGlobalComponent
 0001:00018248       FindGlobalComponent
 0002:00003864       FindGlobalComponentProcs
 0001:00096C14       FindGradient
 0001:00005064       FindHInstance
 0001:000180F0       FindIdentToInt
 0002:00003A80       FindMsg
 0001:000C21AC       findNameFromCode
 0001:0001B7E4       FindNestedComponent
 0001:00098804       FindOnlyThisForm
 0001:0005AC80       FindPopupControl
 0001:0000EA18       FindProc
 0001:00014C58       FindPropInfo
 0001:000061E4       FindResource
 0001:000050DC       FindResourceHInstance
 0001:0006C284       FindScanline
 0001:00008958       FindStringResource
 0001:00062408       FindTopMostWindow
 0001:0001D538       FindUniqueName
 0001:00014308       FindVarData
 0001:00049AD0       FindVCLWindow
 0001:00006894       FindWindow
 0001:0000689C       FindWindowEx
 0001:00045764       FindWinHelp
 0001:00099A48       Fini
 0001:00026CD8       FixupBitFields
 0002:00000E98       Flags
 0002:000037A0       FLanguages
 0001:0002CEA8       FlatSB
 0002:00003950       FlatSB_EnableScrollBar
 0002:0000395C       FlatSB_GetScrollInfo
 0002:00003960       FlatSB_GetScrollPos
 0002:00003958       FlatSB_GetScrollRange
 0002:00003968       FlatSB_SetScrollInfo
 0002:00003964       FlatSB_SetScrollPos
 0001:0002CB98       FlatSB_SetScrollProp
 0002:0000396C       FlatSB_SetScrollRange
 0002:00003954       FlatSB_ShowScrollBar
 0001:00094370       Fldid
 0001:00009B84       FloatToDecimal
 0001:00009EC4       FloatToStr
 0001:00009F24       FloatToStrF
 0001:000095BC       FloatToText
 0001:00009890       FloatToTextFmt
 0001:00002344       Flush
 0001:000943C8       Fml
 0002:00000180       FMSecsPerDay
 0001:000094B0       FmtStr
 0002:00000EB4       FocusCount
 0002:00000EB0       FocusMessages
 0002:0000067C       FontCharsets
 0002:000038E0       FontManager
 0001:0007F3D0       FontSetDefault
 0001:00062484       ForegroundTask
 0002:00000188       Format
 0001:0000949C       Format
 0001:0000908C       FormatBuf
 0001:00009080       FormatClearStr
 0001:0000B178       FormatDateTime
 0001:00009004       FormatError
 0002:00000164       FormatErrorStrs
 0001:00009F5C       FormatFloat
 0001:00089830       FormatFloatStr
 0001:000061EC       FormatMessage
 0001:0000905C       FormatVarToStr
 0001:0006CAB0       Forms
 0001:00071C14       ForwardMovement
 0002:00003C50       FourDigitYear
 0001:00002864       FPower10
 0002:000007B8       FPrinter
 0001:00030BC8       Frame3D
 0001:000068A4       FrameRect
 0002:00001C38       FreeAddrInfo
 0001:0000DF74       FreeAndNil
 0001:00000B74       FreeCommitted
 0001:000011AC       FreeCurAlloc
 0001:00049BC4       FreeDeviceContext
 0001:00049C80       FreeDeviceContexts
 0001:0001FE40       FreeIntConstList
 0001:00078BF0       FreeItem
 0001:000061F4       FreeLibrary
 0001:000002CC       FreeLibrary
 0001:00026834       FreeMemoryContexts
 0001:0001FF74       FreeObjectInstance
 0001:0006254C       FreeObjectInstance
 0001:00006214       FreeResource
 0001:00000744       FreeSpace
 0001:0000DA74       FreeTerminateProcs
 0001:0002D05C       FreeThemeLibrary
 0002:00003B20       FRichEditModule
 0002:00004200       frm_bsysprv
 0002:00004210       frm_LANDPRT
 0002:00004220       frm_LOSTA700P
 0001:000C5424       fSetIcon
 0002:00001914       GAntiFreeze
 0001:0007BC30       Gauges
 0001:00023A9C       GDICheck
 0001:000239F4       GDIError
 0001:00006534       GdiFlush
 0001:00001F64       Get8087CW
 0002:00003E5C       GetAcceptExSockaddrs
 0001:0000621C       GetACP
 0001:000068AC       GetActiveWindow
 0001:000C5A58       GetAddr
 0002:00001C34       GetAddrInfo
 0001:00069DD4       GetAnimation
 0001:0002E7C0       GetAveCharSize
 0001:000337C0       GetBitBtnGlyph
 0001:0000653C       GetBitmapBits
 0001:00000400       GetBlockDesc
 0001:00006544       GetBrushOrgEx
 0001:00006DC0       GetBValue
 0001:000068B4       GetCapture
 0001:00048400       GetCaptureControl
 0001:000068BC       GetCaretPos
 0001:000C325C       getCharXX
 0001:0008693C       GetCheckSize
 0001:00017E08       GetClass
 0001:000068C4       GetClassInfo
 0001:000068CC       GetClassName
 0001:000068D4       GetClientRect
 0001:000068DC       GetClipboardData
 0001:000254A0       GetClipboardFormats
 0001:0000654C       GetClipBox
 0001:0000039C       GetCmdShow
 0001:000581A0       GetColor
 0001:00039148       GetComCtlVersion
 0001:000002D4       GetCommandLine
 0001:00000988       GetCommitted
 0001:00000A30       GetCommittedAt
 0001:0004F3A0       GetControlAtPos
 0001:0000A5E4       GetCount
 0001:00006224       GetCPInfo
 0001:00006554       GetCurrentObject
 0001:0000655C       GetCurrentPositionEx
 0001:0000622C       GetCurrentProcessId
 0002:00003A34       GetCurrentThemeName
 0001:00006234       GetCurrentThreadId
 0001:0000038C       GetCurrentThreadId
 0001:00006D3C       GetCurrentTime
 0001:000068E4       GetCursor
 0001:0006C294       GetCursorHeightMargin
 0001:000068EC       GetCursorPos
 0001:0000A614       GetDate
 0001:0000623C       GetDateFormat
 0001:0007B1B0       GetDateOrder
 0001:0000B308       GetDateOrder
 0001:000068F4       GetDC
 0001:000068FC       GetDCEx
 0001:00006564       GetDCOrgEx
 0001:00029744       GetDefFontCharSet
 0001:00018F6C       GetDesigner
 0001:00006904       GetDesktopWindow
 0001:0000657C       GetDeviceCaps
 0001:00024A2C       GetDIB
 0001:0000656C       GetDIBColorTable
 0001:00006574       GetDIBits
 0001:00024974       GetDIBSizes
 0001:00023C0C       GetDInColors
 0001:000C26C4       getDirPath
 0001:000ACBE8       GetDisableImg
 0001:00006244       GetDiskFreeSpaceA
 0002:00000134       GetDiskFreeSpaceEx
 0001:0000690C       GetDlgCtrlID
 0001:00055D28       GetDockAlign
 0001:00048DA8       GetDockSiteAtPos
 0001:00006914       GetDoubleClickTime
 0001:000490D4       GetDropCtl
 0001:000CFD70       GetDWORD
 0001:00002EF4       GetDynaMethod
 0001:00006584       GetEnhMetaFileBits
 0001:0000658C       GetEnhMetaFileHeader
 0001:00006594       GetEnhMetaFilePaletteEntries
 0001:00014CDC       GetEnumName
 0001:00014DB4       GetEnumNameValue
 0001:00015030       GetEnumProp
 0001:0009C784       GetEnumProperty
 0001:00014E00       GetEnumValue
 0001:0000BDE8       GetEraNamesAndYearOffsets
 0001:0000B39C       GetEraYearOffset
 0001:00015A24       GetErrorInfo
 0001:0000C770       GetExceptionClass
 0001:0000C95C       GetExceptionObject
 0001:0000624C       GetExitCodeThread
 0001:0008D530       GetFDSet
 0001:00017D90       GetFieldClassTable
 0001:00006254       GetFileAttributes
 0001:00025480       GetFileFormats
 0001:0000024C       GetFileSize
 0001:0000625C       GetFileSize
 0001:00000244       GetFileType
 0001:0000CBCC       GetFileVersion
 0001:00006444       GetFileVersionInfo
 0001:0000644C       GetFileVersionInfoSize
 0001:000C2808       getFinalName
 0001:000CFE84       GetFixedPacketField
 0001:0000691C       GetFocus
 0001:00022004       GetFontData
 0001:00006924       GetForegroundWindow
 0001:0000D4E8       GetFormatSettings
 0001:0009BC30       GetFormCaption
 0001:000AEA4C       GetFormCaption
 0001:000AEB14       GetFormCaptionA
 0001:00006264       GetFullPathName
 0001:00096DCC       GetGradient
 0001:00006DBC       GetGValue
 0001:0002154C       GetHashCode
 0001:0006726C       GetHelpInfo
 0001:0002AE0C       GetHelpSystem
 0001:00069BB8       GetHint
 0001:00069BF0       GetHintControl
 0001:000BA350       GetHMap
 0002:00003D04       gethostbyaddr
 0002:00001BD0       GetHostByAddr
 0002:00001BCC       GetHostByName
 0002:00003D08       gethostbyname
 0002:00003D0C       gethostname
 0001:000C5928       GetHostName
 0001:000601A8       GetHotkey
 0001:00096F50       GetHSV
 0001:0000692C       GetIconInfo
 0001:0007A97C       GetIDsOfNames
 0001:0009C700       GetIntProperty
 0001:00006944       GetKeyboardLayout
 0001:0000694C       GetKeyboardLayoutList
 0001:00006954       GetKeyboardState
 0001:00002B50       GetKeyboardType
 0001:00006934       GetKeyNameText
 0001:0000693C       GetKeyState
 0001:0000695C       GetLastActivePopup
 0001:00053FF0       GetLastChildZone
 0001:000002DC       GetLastError
 0001:0000626C       GetLastError
 0001:0000BBAC       GetLocaleChar
 0001:0000627C       GetLocaleInfo
 0001:000002E4       GetLocaleInfo
 0001:0000BB60       GetLocaleStr
 0001:00006274       GetLocalTime
 0001:00048368       GetLongHint
 0001:000152F4       GetLongStrProp
 0001:00006964       GetMenu
 0001:000671F4       GetMenuHelpContext
 0001:0000696C       GetMenuItemCount
 0001:00006974       GetMenuItemID
 0001:0000697C       GetMenuItemInfo
 0001:0005D2C4       GetMenuSize
 0001:00006984       GetMenuState
 0001:0000698C       GetMenuString
 0001:00006994       GetMessageTime
 0001:00006284       GetModuleFileName
 0001:000002EC       GetModuleFileName
 0001:000002F4       GetModuleHandle
 0001:0000628C       GetModuleHandle
 0001:00005E4C       GetModuleHandle
 0002:00003918       GetMonitorInfo
 0002:0000391C       GetMonitorInfoA
 0002:00003920       GetMonitorInfoW
 0001:0000BC10       GetMonthDayNames
 0002:00001C3C       GetNameInfo
 0001:0000699C       GetNextWindow
 0001:0000659C       GetObject
 0001:00014CAC       GetObjectProp
 0001:000151B8       GetObjectProp
 0001:0009C90C       GetObjProp
 0001:00014F60       GetOrdProp
 0001:000065A4       GetPaletteEntries
 0001:00001D80       GetParamStr
 0001:000069A4       GetParent
 0001:000626A0       GetParentForm
 0002:00003CBC       getpeername
 0001:000C5900       GetPeerName
 0001:000065AC       GetPixel
 0001:0002E3EC       GetPrinter
 0001:00006294       GetPrivateProfileString
 0001:0000629C       GetProcAddress
 0001:000002FC       GetProcAddress
 0001:000062A4       GetProfileString
 0001:000069AC       GetProp
 0001:00014E64       GetPropInfo
 0001:00014ED4       GetPropInfo
 0001:00014C38       GetPropInfo
 0001:00014C18       GetPropInfo
 0001:00014F0C       GetPropInfos
 0002:00003D1C       getprotobyname
 0002:00001BC4       GetProtoByName
 0002:00001BC8       GetProtoByNumber
 0002:00003D18       getprotobynumber
 0001:00062B60       GetRealScrollPosition
 0001:00058180       GetRGBColor
 0001:00006DB8       GetRValue
 0001:000069B4       GetScrollInfo
 0001:000069BC       GetScrollPos
 0001:000069C4       GetScrollRange
 0002:00003D14       getservbyname
 0002:00001BBC       GetServByName
 0002:00001BC0       GetServByPort
 0002:00003D10       getservbyport
 0001:00014C80       GetSetProp
 0001:000150A4       GetSetProp
 0001:00048324       GetShortHint
 0001:000151EC       GetShortStrProp
 0001:00015284       GetShortStrPropAsLongStr
 0001:000C5E38       GetSinIP
 0001:000C5F1C       GetSinPort
 0002:00003CC0       getsockname
 0001:000C58D8       GetSockName
 0002:00003CC4       getsockopt
 0002:00001BE0       GetSockOpt
 0001:00000668       GetSpace
 0001:000006CC       GetSpaceAt
 0001:0005AD10       GetSpecialName
 0001:00000304       GetStartupInfo
 0001:00000254       GetStdHandle
 0001:000062AC       GetStdHandle
 0001:000065B4       GetStockObject
 0001:000CFF70       GetStringPacketField
 0001:0009C85C       GetStringProp
 0001:000062B4       GetStringTypeEx
 0001:00015424       GetStrProp
 0001:000069CC       GetSubMenu
 0001:000069D4       GetSysColor
 0001:000069DC       GetSysColorBrush
 0001:000062BC       GetSystemInfo
 0001:000069E4       GetSystemMenu
 0002:00003908       GetSystemMetrics
 0001:000069EC       GetSystemMetrics
 0001:000065BC       GetSystemPaletteEntries
 0001:000C75B0       GetTempFile
 0001:000062C4       GetTempFileName
 0001:000062CC       GetTempPath
 0001:000065CC       GetTextExtentPoint
 0001:000065C4       GetTextExtentPoint32
 0001:000065D4       GetTextMetrics
 0002:00003A2C       GetThemeAppProperties
 0002:00003998       GetThemeBackgroundContentRect
 0002:0000399C       GetThemeBackgroundExtent
 0002:000039AC       GetThemeBackgroundRegion
 0002:000039D0       GetThemeBool
 0002:000039C4       GetThemeColor
 0002:00003A38       GetThemeDocumentationProperty
 0002:000039D8       GetThemeEnumValue
 0002:000039F8       GetThemeFilename
 0002:000039E0       GetThemeFont
 0002:000039D4       GetThemeInt
 0002:000039EC       GetThemeIntList
 0002:000039E8       GetThemeMargins
[...]
   527 0001:000D4FC3   529 0001:000D4FD5   531 0001:000D4FE7   532 0001:000D500B
   533 0001:000D5033   534 0001:000D505B   515 0001:000D505C   536 0001:000D5065
   540 0001:000D506C   544 0001:000D5071   546 0001:000D5087   548 0001:000D509D
   549 0001:000D50BF   550 0001:000D50E1   551 0001:000D5101   552 0001:000D5123
   553 0001:000D5145   554 0001:000D5165   555 0001:000D5185   556 0001:000D51A5
   557 0001:000D51C5   558 0001:000D51E5   559 0001:000D5205   560 0001:000D5225
   561 0001:000D5245   562 0001:000D5265   563 0001:000D5285   564 0001:000D52A7
   565 0001:000D52C7   566 0001:000D52E7   567 0001:000D5307   568 0001:000D5327
   569 0001:000D5347   570 0001:000D5367   571 0001:000D5387   572 0001:000D53A7
   573 0001:000D53C7   574 0001:000D53E9   575 0001:000D5409   576 0001:000D542B
   577 0001:000D544D   578 0001:000D546D   580 0001:000D548D   583 0001:000D549D
   584 0001:000D5504   597 0001:000D5A44   599 0001:000D5A7A   600 0001:000D5A84
   601 0001:000D5A8E   603 0001:000D5A98   605 0001:000D5AA7   606 0001:000D5AC0
   607 0001:000D5AD9   608 0001:000D5AFA   609 0001:000D5B13   610 0001:000D5B2C
   612 0001:000D5B45   613 0001:000D5B68   616 0001:000D5B81   617 0001:000D5B8E
   618 0001:000D5B9B   619 0001:000D5BA8   620 0001:000D5BB5   621 0001:000D5BC2
   624 0001:000D5BCF   625 0001:000D5BE2   626 0001:000D5BF2   627 0001:000D5C03
   632 0001:000D5C14   634 0001:000D5C1B   636 0001:000D5C28   638 0001:000D5C35
   639 0001:000D5C3C   642 0001:000D5C43   643 0001:000D5C5A   645 0001:000D5C71
   647 0001:000D5C86   648 0001:000D5C9E   650 0001:000D5CBB   651 0001:000D5CD3
   653 0001:000D5CF0   654 0001:000D5D08   655 0001:000D5D23   645 0001:000D5D24
   657 0001:000D5D2B   659 0001:000D5D4A   660 0001:000D5D62   659 0001:000D5D75
   662 0001:000D5D78   663 0001:000D5D88   664 0001:000D5DA5   667 0001:000D5DAF
   668 0001:000D5DBF   670 0001:000D5DCF   672 0001:000D5DDC   673 0001:000D5DEA
   674 0001:000D5DF8   675 0001:000D5E10   676 0001:000D5E1E   677 0001:000D5E2C
   678 0001:000D5E3A   681 0001:000D5E59   683 0001:000D5E67   685 0001:000D5ECE
   693 0001:000D5EF8   694 0001:000D5F19   696 0001:000D5F26   697 0001:000D5F30
   700 0001:000D5F35   703 0001:000D5F4F   704 0001:000D5F6F   707 0001:000D5F74
   708 0001:000D5F93   709 0001:000D5FB2   710 0001:000D5FD4   713 0001:000D5FF6
   714 0001:000D600F   715 0001:000D601D   716 0001:000D604A   718 0001:000D6063
   720 0001:000D6073   721 0001:000D6080   722 0001:000D608D   725 0001:000D609A
   726 0001:000D60AA   728 0001:000D60BA   729 0001:000D60C9   730 0001:000D60F1
   733 0001:000D60F6   734 0001:000D6103   736 0001:000D610E   737 0001:000D611D
   738 0001:000D6127   741 0001:000D612C   742 0001:000D613C   743 0001:000D614B
   744 0001:000D6155   747 0001:000D615A   748 0001:000D6165   749 0001:000D6174
   750 0001:000D617E   754 0001:000D6183   755 0001:000D61A3   756 0001:000D61C3
   757 0001:000D61E3   759 0001:000D6200   761 0001:000D621D   762 0001:000D6238
   763 0001:000D6253   764 0001:000D626E   767 0001:000D6289   769 0001:000D629D
   771 0001:000D62E3   773 0001:000D6316   776 0001:000D6318   778 0001:000D6338
   780 0001:000D6342   781 0001:000D634D   782 0001:000D6358   783 0001:000D6363
   785 0001:000D636E   787 0001:000D637F   789 0001:000D6389   791 0001:000D6390
   794 0001:000D6392   795 0001:000D639D   796 0001:000D63A8   797 0001:000D63B3
   798 0001:000D63FA   802 0001:000D66C4   803 0001:000D66C9   809 0001:000D66CC
   810 0001:000D670A   812 0001:000D6710   813 0001:000D6762   815 0001:000D677E
   817 0001:000D67CE   831 0001:000D682B   834 0001:000D6830   835 0001:000D684F
   836 0001:000D685D   840 0001:000D68A1   841 0001:000D68AB   842 0001:000D68C5
   845 0001:000D68F8   854 0001:000D693C   858 0001:000D6959   860 0001:000D6985
   864 0001:000D69B0   868 0001:000D69F0   870 0001:000D6A0C   871 0001:000D6A10
   873 0001:000D6A22   875 0001:000D6A34   878 0001:000D6A7E   868 0001:000D6A7F
   880 0001:000D6A84   885 0001:000D6A91   888 0001:000D6B15   890 0001:000D6B24
   893 0001:000D6B4B   898 0001:000D6B5B   903 0001:000D6BDF   904 0001:000D6BEF
   907 0001:000D6BFC   911 0001:000D6C0B   913 0001:000D6C18   914 0001:000D6C25
   917 0001:000D6C32   919 0001:000D6C43   920 0001:000D6C6F   922 0001:000D6C7E
   924 0001:000D6CAD   927 0001:000D6CF4   928 0001:000D6D13   929 0001:000D6D21
   933 0001:000D6D65   935 0001:000D6D6F   936 0001:000D6D89   940 0001:000D6DBC
   948 0001:000D6E00   949 0001:000D6E03   950 0001:000D6E10   951 0001:000D6E1D
   952 0001:000D6E2A   953 0001:000D6E37   954 0001:000D6E4A   958 0001:000D6E4C
   959 0001:000D6E4F   960 0001:000D6E57   966 0001:000D6E5C   968 0001:000D6E7F
   971 0001:000D6EB2   974 0001:000D6EF7   977 0001:000D6F0F   979 0001:000D6F58
   980 0001:000D6F6C   982 0001:000D6FA7   983 0001:000D6FB4   984 0001:000D6FB6
   979 0001:000D6FB7   987 0001:000D6FBA   990 0001:000D6FED   995 0001:000D7032
   999 0001:000D7077  1003 0001:000D709F  1006 0001:000D70C7  1009 0001:000D70EF
  1012 0001:000D7117  1015 0001:000D713F  1018 0001:000D7167  1020 0001:000D719A
  1021 0001:000D71AE  1023 0001:000D7209  1024 0001:000D7216  1025 0001:000D7218
  1020 0001:000D7219  1028 0001:000D721C  1029 0001:000D7267  1031 0001:000D72F5
  1034 0001:000D7334  1037 0001:000D7373  1041 0001:000D73B3  1045 0001:000D73F3
  1049 0001:000D74EF  1052 0001:000D7504  1053 0001:000D7507  1054 0001:000D750C
  1055 0001:000D7511  1056 0001:000D751F  1059 0001:000D7524  1072 0001:000D7527
  1073 0001:000D7545  1074 0001:000D7563  1076 0001:000D757E  1078 0001:000D758B
  1079 0001:000D7599  1082 0001:000D75D8  1083 0001:000D75DE  1085 0001:000D75EB
  1087 0001:000D75F4  1101 0001:000D75F8  1102 0001:000D761D  1104 0001:000D7625
  1105 0001:000D762D  1106 0001:000D7635  1108 0001:000D763D  1110 0001:000D765F
  1111 0001:000D768E  1112 0001:000D76D9  1116 0001:000D7729  1117 0001:000D774E
  1118 0001:000D7773  1120 0001:000D7795  1121 0001:000D77C5  1122 0001:000D77D6
  1126 0001:000D77F2  1127 0001:000D7805  1129 0001:000D7818  1130 0001:000D782A
  1131 0001:000D7855  1134 0001:000D785A  1135 0001:000D786A  1137 0001:000D7878
  1138 0001:000D788A  1139 0001:000D7894  1142 0001:000D7899  1143 0001:000D78AC
  1144 0001:000D78BE  1145 0001:000D78C8  1148 0001:000D78CD  1149 0001:000D78DB
  1150 0001:000D78ED  1151 0001:000D78F7  1154 0001:000D78FC  1157 0001:000D790A
  1158 0001:000D792D  1159 0001:000D7950  1160 0001:000D7973  1162 0001:000D7993
  1164 0001:000D79B3  1165 0001:000D79D1  1166 0001:000D79EF  1169 0001:000D7A0D
  1171 0001:000D7A20  1173 0001:000D7A24  1175 0001:000D7A5B  1179 0001:000D7A60
  1182 0001:000D7A79  1183 0001:000D7A89  1184 0001:000D7AB3  1187 0001:000D7ACE
  1191 0001:000D7ADC  1197 0001:000D7B3E  1198 0001:000D7B4C  1199 0001:000D7B5A
  1200 0001:000D7B68  1204 0001:000D7B76  1205 0001:000D7B97  1206 0001:000D7B9E
  1208 0001:000D7BA5  1211 0001:000D7BAD  1212 0001:000D7BC4  1214 0001:000D7C50
  1215 0001:000D7C5E  1217 0001:000D7C7A  1220 0001:000D7C8E  1222 0001:000D7C99
  1225 0001:000D7C9B  1226 0001:000D7CA9  1227 0001:000D7CB7  1228 0001:000D7CC5
  1229 0001:000D7CD3  1230 0001:000D7D72  1244 0001:000D7FEC  1245 0001:000D8011
  1247 0001:000D8019  1248 0001:000D8021  1249 0001:000D8029  1251 0001:000D8031
  1253 0001:000D8053  1254 0001:000D8082  1255 0001:000D80CD  1259 0001:000D811D
  1260 0001:000D8142  1261 0001:000D8167  1263 0001:000D8189  1264 0001:000D81B9
  1265 0001:000D81CA  1269 0001:000D81E6  1270 0001:000D81F9  1272 0001:000D820C
  1273 0001:000D821E  1274 0001:000D8249  1277 0001:000D824E  1279 0001:000D825E
  1281 0001:000D826C  1282 0001:000D827E  1283 0001:000D8288  1286 0001:000D828D
  1287 0001:000D82A0  1288 0001:000D82B2  1289 0001:000D82BC  1292 0001:000D82C1
  1293 0001:000D82CF  1294 0001:000D82E1  1295 0001:000D82EB  1298 0001:000D82F0
  1301 0001:000D82FE  1302 0001:000D8321  1303 0001:000D8344  1304 0001:000D8367
  1306 0001:000D8387  1308 0001:000D83A7  1309 0001:000D83C5  1310 0001:000D83E3
  1313 0001:000D8401  1315 0001:000D8414  1317 0001:000D8418  1319 0001:000D844F
  1323 0001:000D8454  1326 0001:000D846D  1327 0001:000D847D  1328 0001:000D84A7
  1331 0001:000D84C2  1333 0001:000D84D0  1339 0001:000D8532  1340 0001:000D8540
  1341 0001:000D854E  1342 0001:000D855C  1346 0001:000D856A  1347 0001:000D858B
  1348 0001:000D8592  1350 0001:000D8599  1353 0001:000D85A1  1354 0001:000D85B8
  1362 0001:000D8644  1363 0001:000D8652  1365 0001:000D866E  1368 0001:000D8682
  1370 0001:000D868D  1373 0001:000D868F  1374 0001:000D869D  1375 0001:000D86AB
  1376 0001:000D86B9  1378 0001:000D86C7  1379 0001:000D8766  1382 0001:000D89CC
  1383 0001:000D89CF  1384 0001:000D89E3  1385 0001:000D89F1  1387 0001:000D8A05
  1389 0001:000D8A0B  1391 0001:000D8A14  1393 0001:000D8A1B  1394 0001:000D8A31
  1395 0001:000D8A41  1396 0001:000D8A57  1399 0001:000D8A5C  1400 0001:000D8A73
  1401 0001:000D8A9A  1402 0001:000D8AB2  1403 0001:000D8AC0  1404 0001:000D8AEA
  1407 0001:000D8AF0  1408 0001:000D8B07  1409 0001:000D8B2E  1410 0001:000D8B3C
  1411 0001:000D8B66  1417 0001:000D8B6C  1418 0001:000D8B95  1419 0001:000D8BA9
  1420 0001:000D8BB7  1421 0001:000D8BC5  1424 0001:000D8BD9  1426 0001:000D8BDF
  1427 0001:000D8BE5  1429 0001:000D8BEE  1430 0001:000D8BF5  1431 0001:000D8C02
  1432 0001:000D8C29  1435 0001:000D8C39  1437 0001:000D8C4B  1438 0001:000D8C5B
  1439 0001:000D8C61  1440 0001:000D8C88  1441 0001:000D8C98  1443 0001:000D8C9E
  1444 0001:000D8CB0  1446 0001:000D8CC2  1447 0001:000D8CD9  1448 0001:000D8CDF
  1449 0001:000D8D06  1450 0001:000D8D16  1452 0001:000D8D44  1453 0001:000D8D50
  1455 0001:000D8D57  1456 0001:000D8D6E  1458 0001:000D8DC9  1459 0001:000D8DD6
  1460 0001:000D8DD8  1455 0001:000D8DD9  1463 0001:000D8DDE  1464 0001:000D8DF4
  1465 0001:000D8E04  1466 0001:000D8E14  1468 0001:000D8E2A  1469 0001:000D8E42
  1470 0001:000D8E9E  1474 0001:000D8EA8  1475 0001:000D8EB5  1479 0001:000D8EB8
  1480 0001:000D8EC5  1498 0001:000D8EC8  1505 0001:000D8ECC  1553 0001:000D8ECF
  1557 0001:000D8ED4  1558 0001:000D8ED7  1559 0001:000D8EE4  1560 0001:000D8EF1
  1561 0001:000D8EFE  1565 0001:000D8F00  1566 0001:000D8F17  1567 0001:000D8F3E
  1568 0001:000D8F4C  1569 0001:000D8F76  1573 0001:000D8F7C  1574 0001:000D8F7F
  1575 0001:000D8F93  1576 0001:000D8FA1  1578 0001:000D8FB5  1580 0001:000D8FBB
  1582 0001:000D8FC4  1584 0001:000D8FCB  1585 0001:000D8FE1  1586 0001:000D8FF1
  1588 0001:000D9007  1595 0001:000D900C  1596 0001:000D9034  1597 0001:000D9048
  1598 0001:000D9056  1600 0001:000D906A  1602 0001:000D9070  1603 0001:000D9076
  1605 0001:000D907F  1606 0001:000D9086  1607 0001:000D9093  1608 0001:000D90BA
  1610 0001:000D90CA  1612 0001:000D90DC  1613 0001:000D90EC  1614 0001:000D90F2
  1615 0001:000D9119  1617 0001:000D9129  1619 0001:000D912F  1621 0001:000D9141
  1623 0001:000D9153  1624 0001:000D916A  1625 0001:000D9170  1626 0001:000D9197
  1628 0001:000D91A7  1630 0001:000D91D5  1632 0001:000D91E8  1633 0001:000D91FC
  1635 0001:000D9257  1636 0001:000D9264  1637 0001:000D9266  1632 0001:000D9267
  1640 0001:000D926A  1641 0001:000D9280  1642 0001:000D9290  1643 0001:000D92EA
  1646 0001:000D92F4  1647 0001:000D92F7  1651 0001:000D9379  1656 0001:000D9388
  1660 0001:000D938C  1661 0001:000D938F  1663 0001:000D9395  1665 0001:000D939A
  1670 0001:000D93A0  1671 0001:000D93C0  1673 0001:000D9401  1674 0001:000D940E
  1677 0001:000D9413  1678 0001:000D9467  1679 0001:000D94BB  1681 0001:000D950F
  1682 0001:000D9518  1684 0001:000D9546  1685 0001:000D9572  1686 0001:000D957B
  1688 0001:000D95A9  1689 0001:000D95D5  1690 0001:000D95DE  1692 0001:000D960A
  1693 0001:000D968F  1694 0001:000D96A1  1695 0001:000D9706  1697 0001:000D972A
  1698 0001:000D97C5  1703 0001:000D97CC  1708 0001:000D97E2  1710 0001:000D97FE
  1711 0001:000D9828  1717 0001:000D982C  1718 0001:000D9832  1720 0001:000D9850
  1721 0001:000D986E  1725 0001:000D987B  1726 0001:000D9880  1728 0001:000D988C
  1751 0001:000D98A4  1753 0001:000D98A8  1756 0001:000D98AF  1759 0001:000D98B5
  1761 0001:000D98BD  1763 0001:000D98C3  1767 0001:000D98C8  1770 0001:000D98CD
  1771 0001:000D98D2  1777 0001:000D98D7  1778 0001:000D98E6  1779 0001:000D98F5
  1785 0001:000D98F8  1786 0001:000D9920  1788 0001:000D9922  1793 0001:000D9929
  1805 0001:000D99B3  1807 0001:000D99C5  1809 0001:000D99D4  1811 0001:000D99DD
  1813 0001:000D99DF  1815 0001:000D99E6  1816 0001:000D99EB  1818 0001:000D9A19
  1820 0001:000D9A45  1821 0001:000D9A54  1824 0001:000D9A87  1831 0001:000D9B08
  1832 0001:000D9B3C  1833 0001:000D9B4C  1835 0001:000D9B5A  1836 0001:000D9B69
  1837 0001:000D9B6D  1838 0001:000D9B80  1839 0001:000D9B90  1840 0001:000D9B9E
  1845 0001:000D9BC9  1846 0001:000D9BE0  1847 0001:000D9BF6  1848 0001:000D9C0C
  1849 0001:000D9C22  1860 0001:000D9C66  1864 0001:000D9C94  1865 0001:000D9C9A
  1866 0001:000D9CA6  1867 0001:000D9CAD  1874 0001:000D9CB4  1875 0001:000D9CD5
  1877 0001:000D9CE3  1879 0001:000D9CEB  1880 0001:000D9CFB  1883 0001:000D9D11
  1884 0001:000D9D22  1885 0001:000D9D2D  1884 0001:000D9D5A  1887 0001:000D9D5D
  1888 0001:000D9D6A  1883 0001:000D9D6D  1891 0001:000D9D72  1892 0001:000D9DA4
  1903 0001:000D9DC4  1904 0001:000D9DEF  1905 0001:000D9DF7  1906 0001:000D9E08
  1907 0001:000D9E2B  1908 0001:000D9E36  1909 0001:000D9E5A  1911 0001:000D9E7A
  1913 0001:000D9E80  1914 0001:000D9E8A  1916 0001:000D9EB7  1932 0001:000D9EC0
  1934 0001:000D9EFB  1936 0001:000D9F0A  1937 0001:000D9F14  1941 0001:000D9F19
  1942 0001:000D9F2B  1944 0001:000D9F64  1945 0001:000D9F76  1946 0001:000D9F93
  1948 0001:000D9FA0  1950 0001:000D9FBC  1951 0001:000D9FC6  1952 0001:000D9FCB
  1954 0001:000D9FE7  1955 0001:000D9FF1  1958 0001:000D9FF6  1960 0001:000DA021
  1961 0001:000DA02B  1964 0001:000DA030  1965 0001:000DA04F  1966 0001:000DA071
  1968 0001:000DA093  1969 0001:000DA0B5  1970 0001:000DA0D7  1971 0001:000DA0F9
  1972 0001:000DA11B  1973 0001:000DA12D  1978 0001:000DA14F  1979 0001:000DA15F
  1981 0001:000DA16F  1982 0001:000DA17E  1983 0001:000DA1AC  1986 0001:000DA1B1
  1987 0001:000DA1BE  1989 0001:000DA1C9  1990 0001:000DA1D8  1991 0001:000DA1E2
  1994 0001:000DA1E7  1995 0001:000DA1F7  1996 0001:000DA206  1997 0001:000DA210
  2000 0001:000DA215  2001 0001:000DA220  2002 0001:000DA22F  2003 0001:000DA239
  2006 0001:000DA23E  2008 0001:000DA250  2009 0001:000DA283  2010 0001:000DA2B6
  2011 0001:000DA2DC  2012 0001:000DA31D  2013 0001:000DA34D  2014 0001:000DA37D
  2015 0001:000DA3A0  2016 0001:000DA3F5  2017 0001:000DA425  2018 0001:000DA448
  2019 0001:000DA46B  2020 0001:000DA48C  2021 0001:000DA4AB  2022 0001:000DA4DB
  2023 0001:000DA4FE  2024 0001:000DA521  2026 0001:000DA551  2027 0001:000DA55E
  2028 0001:000DA56B  2031 0001:000DA57B  2032 0001:000DA59B  2033 0001:000DA5BB
  2034 0001:000DA5DB  2036 0001:000DA5F8  2038 0001:000DA613  2040 0001:000DA61E
  2041 0001:000DA641  2042 0001:000DA663  2043 0001:000DA685  2046 0001:000DA68F
  2047 0001:000DA6BD  2038 0001:000DA6C1  2050 0001:000DA6CA  2052 0001:000DA6E2
  2054 0001:000DA734  2056 0001:000DA76D  2059 0001:000DA772  2061 0001:000DA781
  2063 0001:000DA7A1  2066 0001:000DA7AD  2068 0001:000DA7CD  2071 0001:000DA7D7
  2074 0001:000DA836  2075 0001:000DA843  2076 0001:000DA84D  2079 0001:000DA85B
  2080 0001:000DA866  2081 0001:000DA871  2082 0001:000DA87C  2084 0001:000DA887
  2085 0001:000DA894  2087 0001:000DA89E  2089 0001:000DA8A8  2092 0001:000DA8AA
  2093 0001:000DA8B5  2094 0001:000DA8C0  2095 0001:000DA8CB  2096 0001:000DA9CF
  2105 0001:000DAD94  2106 0001:000DADBA  2107 0001:000DADC2  2108 0001:000DADCA
  2109 0001:000DADD2  2111 0001:000DADDA  2113 0001:000DAE04  2114 0001:000DAE30
  2115 0001:000DAE75  2117 0001:000DAEBF  2119 0001:000DAEC8  2120 0001:000DAED6
  2121 0001:000DAEE4  2124 0001:000DAEF7  2125 0001:000DAF19  2126 0001:000DAF3B
  2128 0001:000DAF5A  2129 0001:000DAF87  2130 0001:000DAF95  2135 0001:000DAFAE
  2136 0001:000DAFBE  2138 0001:000DAFCE  2139 0001:000DAFDD  2140 0001:000DB005
  2143 0001:000DB00A  2145 0001:000DB017  2147 0001:000DB022  2148 0001:000DB031
  2149 0001:000DB03B  2152 0001:000DB040  2153 0001:000DB050  2154 0001:000DB05F
  2155 0001:000DB069  2158 0001:000DB06E  2159 0001:000DB079  2160 0001:000DB088
  2161 0001:000DB092  2165 0001:000DB097  2166 0001:000DB0B7  2167 0001:000DB0D7
  2168 0001:000DB0F7  2170 0001:000DB114  2171 0001:000DB131  2172 0001:000DB14C
  2173 0001:000DB167  2176 0001:000DB182  2177 0001:000DB196  2178 0001:000DB1DC
  2180 0001:000DB20F  2183 0001:000DB214  2185 0001:000DB21B  2186 0001:000DB24A
  2187 0001:000DB26E  2188 0001:000DB2CA  2189 0001:000DB2F9  2190 0001:000DB31D
  2191 0001:000DB33D  2193 0001:000DB3AB  2194 0001:000DB3B9  2195 0001:000DB3BB
  2190 0001:000DB3BE  2196 0001:000DB3C7  2197 0001:000DB3D0  2198 0001:000DB3FA
  2200 0001:000DB424  2202 0001:000DB444  2205 0001:000DB46A  2207 0001:000DB474
  2208 0001:000DB497  2209 0001:000DB4B9  2210 0001:000DB4DB  2214 0001:000DB4E5
  2216 0001:000DB53F  2205 0001:000DB543  2218 0001:000DB54C  2220 0001:000DB55D
  2223 0001:000DB665  2225 0001:000DB672  2202 0001:000DB675  2227 0001:000DB67E
  2230 0001:000DB69E  2231 0001:000DB6AB  2232 0001:000DB6B8  2234 0001:000DB6C5
  2236 0001:000DB6D2  2237 0001:000DB6DC  2240 0001:000DB6E6  2241 0001:000DB6F0
  2242 0001:000DB6FA  2245 0001:000DB704  2246 0001:000DB70F  2247 0001:000DB71A
  2248 0001:000DB725  2251 0001:000DB7FC  2255 0001:000DBAA8  2256 0001:000DBAAD
  2259 0001:000DBAB0  2261 0001:000DBAB3  2262 0001:000DBAC0  2263 0001:000DBACD
  2264 0001:000DBADA  2265 0001:000DBAE7  2268 0001:000DBAF4  2269 0001:000DBB07
  2270 0001:000DBB27  2271 0001:000DBB33  2274 0001:000DBB68  2275 0001:000DBB6B
  2276 0001:000DBB78  2277 0001:000DBB85  2278 0001:000DBB92  2279 0001:000DBB9F
  2281 0001:000DBBAC  2282 0001:000DBBBF  2283 0001:000DBBDF  2284 0001:000DBBEB
  2288 0001:000DBC0C  2289 0001:000DBC18  2290 0001:000DBC1D  2293 0001:000DBC24
  2294 0001:000DBC27  2295 0001:000DBC2C  2296 0001:000DBC4A  2300 0001:000DBC4C
  2301 0001:000DBC51  2303 0001:000DBC62  2305 0001:000DBC7A  2307 0001:000DBC9E
  2301 0001:000DBC9F  2308 0001:000DBCA2  2312 0001:000DBCA8  2313 0001:000DBCB1
  2314 0001:000DBCD2  2315 0001:000DBCE9  2316 0001:000DBCFA  2317 0001:000DBD0F
  2320 0001:000DBD1D  2324 0001:000DBD24  2325 0001:000DBD2F  2326 0001:000DBD44
  2330 0001:000DBD48  2331 0001:000DBD53  2332 0001:000DBD68  2337 0001:000DBD6C
  2338 0001:000DBD71  2342 0001:000DBD74  2343 0001:000DBD81  2347 0001:000DBD84
  2348 0001:000DBD91  2350 0001:000DBECC  2350 0001:000DBED3

Line numbers for LOSTA700P(C:\KAIT\LostProj\Source\LostPrj\LOSTA700P-°æÂû¼­½Àµæ´Ü¸»±âÀÔ°í³»¿ªÀÔ·Â\LOSTA700P.dpr) segment .text

     9 0001:000DC35C    10 0001:000DC36C    11 0001:000DC378    12 0001:000DC389
    13 0001:000DC3A1    14 0001:000DC3AD

Bound resource files

c:\program files\borland\delphi7\Lib\Buttons.res
c:\program files\borland\delphi7\Lib\ExtDlgs.res
c:\program files\borland\delphi7\Lib\Controls.res
c:\kait\lostproj\µ¨ÆÄÀÌ ÄÄÆ÷³ÍÆ®\rxlib_v2.75_for_d7\units\RXConst.R32
c:\kait\lostproj\µ¨ÆÄÀÌ ÄÄÆ÷³ÍÆ®\rxlib_v2.75_for_d7\units\RXCConst.R32
c:\program files\borland\delphi7\Lib\FileCtrl.res
c:\kait\lostproj\µ¨ÆÄÀÌ ÄÄÆ÷³ÍÆ®\rxlib_v2.75_for_d7\units\RXCtrls.R32
c:\kait\lostproj\µ¨ÆÄÀÌ ÄÄÆ÷³ÍÆ®\rxlib_v2.75_for_d7\units\PickDate.R32
c:\kait\lostproj\µ¨ÆÄÀÌ ÄÄÆ÷³ÍÆ®\rxlib_v2.75_for_d7\units\ToolEdit.R32
c:\kait\lostproj\µ¨ÆÄÀÌ ÄÄÆ÷³ÍÆ®\rxlib_v2.75_for_d7\units\RxCalc.R32
c:\kait\lostproj\µ¨ÆÄÀÌ ÄÄÆ÷³ÍÆ®\rxlib_v2.75_for_d7\units\CurrEdit.R32
c:\program files\borland\delphi7\Lib\Tabs.res
C:\KAIT\LostProj\µ¨ÆÄÀÌ ÄÄÆ÷³ÍÆ®\VCLSkin5.6 Standard Package\1.File\Vclskin\D7\vclskin.res
c:\kait\lostproj\µ¨ÆÄÀÌ ÄÄÆ÷³ÍÆ®\monthedit\ucal.DFM
c:\kait\lostproj\µ¨ÆÄÀÌ ÄÄÆ÷³ÍÆ®\monthedit\calendar.RES
..\..\Lib\bsysprv.DFM
..\..\Lib\u_landprt.DFM
u_LOSTA700P.DFM
LOSTA700P.res
LOSTA700P.drf


Program entry point at 0001:000DC35C
